
 Start  Stop   Length Name               Class

 00000H 04B8CH 04B8DH _TEXT              CODE
 04B8DH 05317H 0078BH LT2_TEXT           CODE
 05318H 05949H 00632H MOVIEOBJ_TEXT      CODE
 0594AH 05E57H 0050EH IMAGE_TEXT         CODE
 05E58H 05F5EH 00107H RESPONSE_TEXT      CODE
 05F5FH 05FA1H 00043H ERROR_TEXT         CODE
 05FA2H 06074H 000D3H TIMER_TEXT         CODE
 06075H 06126H 000B2H INPUT_TEXT         CODE
 06127H 068BDH 00797H VIDEO_TEXT         CODE
 068BEH 086F0H 01E33H BGIFNT_TEXT        CODE
 086F2H 08BF7H 00506H xmsif1_TEXT        CODE
 08BF8H 08E11H 0021AH GUBS_TEXT          CODE
 08E12H 0A0C3H 012B2H EXPTLIB_TEXT       CODE
 0A0D0H 0C846H 02777H EMU_PROG           CODE
 0C850H 0CE17H 005C8H E87_PROG           CODE
 0CE20H 0CE20H 00000H _FARDATA           FAR_DATA
 0CE20H 0CE20H 00000H _FARBSS            FAR_BSS
 0CE20H 0CE20H 00000H _OVERLAY_          OVRINFO
 0CE20H 0CE20H 00000H _1STUB_            STUBSEG
 0CE20H 0F161H 02342H _DATA              DATA
 0F162H 0F165H 00004H _CVTSEG            DATA
 0F166H 0F171H 0000CH _SCNSEG            DATA
 0F172H 0F172H 00000H _CONST             CONST
 0F172H 0F18FH 0001EH _INIT_             INITDATA
 0F190H 0F190H 00000H _INITEND_          INITDATA
 0F190H 0F195H 00006H _EXIT_             EXITDATA
 0F196H 0F196H 00000H _EXITEND_          EXITDATA
 0F196H 0F81BH 00686H _BSS               BSS
 0F81CH 0F81CH 00000H _BSSEND            BSSEND
 0F820H 0F92FH 00110H _STACK             STACK

  Address         Publics by Name

 0CE2:0000       DATASEG@
 0000:0260       DGROUP@
 0A0D:2152       e086_Entry
 0A0D:26E0       e086_Shortcut
 0C85:0306       e087_Entry
 0C85:03C6       e087_Shortcut
 0C85:0430       e087_Trap
 0000:FE32  Abs  FIARQQ
 0000:0E32  Abs  FICRQQ
 0000:5C32  Abs  FIDRQQ
 0000:1632  Abs  FIERQQ
 0000:0632  Abs  FISRQQ
 0000:A23D  Abs  FIWRQQ
 0000:4000  Abs  FJARQQ
 0000:C000  Abs  FJCRQQ
 0000:8000  Abs  FJSRQQ
 0000:1073       FTOL@
 0000:1073       F_FTOL@
 0000:1218       F_LDIV@
 0000:1227       F_LMOD@
 0000:121F       F_LUDIV@
 0000:122F       F_LUMOD@
 0000:12C6       F_LXLSH@
 0000:119C       F_LXMUL@
 0000:12E7       F_PADA@
 0000:136F       F_PADD@
 0000:132B       F_PSBA@
 0000:139E       F_PSUB@
 0000:11B3       F_SCOPY@
 0000:13D2       F_SPUSH@
 0000:1218       LDIV@
 0000:1227       LMOD@
 0000:121F       LUDIV@
 0000:122F       LUMOD@
 0000:12C6       LXLSH@
 0000:119C       LXMUL@
 0000:1215       N_LDIV@
 0000:1224       N_LMOD@
 0000:121C       N_LUDIV@
 0000:122C       N_LUMOD@
 0000:12C3       N_LXLSH@
 0000:15CE       N_LXMUL@
 0000:12E4       N_PADA@
 0000:136C       N_PADD@
 0000:15E5       N_PCMP@
 0000:1328       N_PSBA@
 0000:139B       N_PSUB@
 0000:13CC       N_SPUSH@
 0000:12E7       PADA@
 0000:136F       PADD@
 0000:132B       PSBA@
 0000:139E       PSUB@
 0000:11B3       SCOPY@
 0000:13D2       SPUSH@
 0CE2:1A19       XMMentry
 0CE2:1A1D       XMMinit
 0000:0249       _abort
 0612:0674       _addColor
 08E1:0AC2       _assign
 0000:109F       _atexit
 0000:2DFC       _atoi
 0000:2D87       _atol
 08E1:1235       _audio
 068B:01F2       _bgi_closefont
 068B:022F       _bgi_deletefont
 068B:025C       _bgi_fontpath
 068B:0274       _bgi_getbasecharsize
 068B:02BD       _bgi_gettextsettings
 068B:02F3       _bgi_installuserfont
 068B:0363       _bgi_outtext
 068B:08DD       _bgi_outtextxy
 068B:0926       _bgi_registerbgifont
 068B:096F       _bgi_registerfarbgifont
 068B:09BB       _bgi_settextjustify
 068B:09E8       _bgi_settextstyle
 068B:0C3F       _bgi_setusercharsize
 068B:0D00       _bgi_textheight
 068B:0D40       _bgi_textwidth
 0000:23F4       _bioskey
 068B:01CA       _blobcopy
 0CE2:1A5E       _bound_maxx
 0CE2:1A62       _bound_maxy
 0CE2:1A5C       _bound_minx
 0CE2:1A60       _bound_miny
 0000:2419       _calloc
 05E5:0079       _checkResponse
 0531:01F6       _CleanupMoviePackage
 0612:03A8       _clearScreen
 0000:2E2A       _close
 0000:1023       _cos
 0CE2:097C       _cos_table
 0CE2:2334       _daylight
 068B:11D3       _decodeCHRstroke
 0000:24D3       _delay
 08E1:0B29       _distribute
 0000:42A5       _dostounix
 0594:012C       _downloadImage
 0CE2:03D4       _do_bold
 0CE2:03D6       _do_italics
 0CE2:03D2       _do_underline
 0CE2:03DA       _do_usebkcolor
 0CE2:03D8       _do_uselinestyle
 068B:1226       _drawCHRchar
 068B:1BC5       _drawGEMchar
 0612:002F       _drawPicture
 068B:1702       _drawROMchar
 0594:0186       _drawText
 0CE2:22F8       _environ
 0000:2E70       _eof
 0CE2:007F       _errno
 05F5:000F       _error
 0000:1161       _exit
 0000:04BC       _fabs
 0000:2AA9       _farcalloc
 0000:2674       _farfree
 0000:2788       _farmalloc
 0000:28EC       _farrealloc
 0000:2EE7       _fclose
 0000:2F92       _fflush
 0000:3731       _fgetc
 0000:381F       _fgetchar
 0000:305F       _fgets
 0612:06AB       _findColor
 0000:30FB       _flushall
 0607:0005       _FlushKeyBuf
 0CE2:0F5A       _font_data
 0CE2:12E4       _font_list
 0CE2:0342       _font_path
 0CE2:0F24       _font_scale
 0000:3312       _fopen
 0000:3347       _fprintf
 0000:3BA8       _fputc
 0000:3D3B       _fputchar
 0000:3457       _fread
 0000:2674       _free
 05E5:0055       _freeResponse
 0000:34E5       _fscanf
 0000:358B       _fseek
 0000:360B       _ftell
 08E1:0BD6       _gaussdev
 08E1:0F80       _gen_init
 08BF:003A       _getbkcolor
 08BF:0030       _getcolor
 0000:11CF       _getdate
 0000:382B       _getenv
 0607:0041       _GetKey
 08BF:0008       _getlinesettings
 0000:389B       _gets
 0607:008A       _GetStick
 0000:11E2       _gettime
 0000:11F5       _getvect
 08BF:001C       _getx
 08BF:0026       _gety
 0594:000A       _goImages
 04B8:071C       _hline
 0531:0220       _initMovie
 05E5:0008       _initResponse
 05FA:005E       _InitTimer
 05FA:0036       _InstallTimer
 0000:2B39       _int86
 0000:2B6A       _int86x
 0000:2C03       _intr
 0000:2CA7       _ioctl
 0000:143E       _isatty
 0607:0051       _KeyPress
 0607:0023       _KeyWaiting
 0594:0089       _killImages
 0CE2:0094       _length
 08BF:0012       _line
 08BF:0017       _lineto
 068B:0EA3       _loadCHRfont
 068B:1916       _loadGEMfont
 0594:01CE       _loadImage
 068B:13E5       _loadROMfont
 0000:0EFE       _log
 0000:14F1       _lseek
 04B8:000D       _main
 0612:06FC       _makePalette
 0000:277E       _malloc
 0000:0E42       _matherr
 0000:391F       _memcpy
 0000:3967       _memset
 08BF:0043       _moveto
 05FA:0002       _msISR
 0594:00BB       _newImage
 0000:2D80       _nosound
 0000:39B3       _open
 068B:00FF       _openfontfile
 0000:162A       _outp
 0000:1606       _outport
 0000:1612       _outportb
 0000:161E       _outpw
 0CE2:25CA       _Palette
 0612:066A       _paletteSize
 0CE2:2576       _picBuf
 0000:0E37       _pow10
 0000:3B71       _printf
 08E1:08F3       _putcheckerbox
 08E1:05FE       _putcircle
 08E1:0105       _putcircle5
 08E1:09DC       _putcross
 08E1:0A90       _puthline
 08BF:00CD       _putpixel
 08E1:07CE       _putrandombox
 08E1:050F       _putrectangle
 08E1:0297       _putslopeline
 08E1:042A       _putsquare
 08E1:0002       _putsquare3
 08E1:01C8       _puttriangle
 08E1:0059       _puttriangle3
 08E1:0A5E       _putvline
 08E1:0CA7       _ran2
 08E1:0B91       _randint
 0612:05C0       _readPalette
 0000:28E5       _realloc
 08BF:005F       _resetbounds
 05E5:00E6       _responseReady
 0612:048B       _Retrace
 068B:000E       _rotatexy
 0531:02A2       _runMovie
 0594:02A5       _saveImage
 0000:1D22       _segread
 0000:2CE0       _setblock
 08BF:0054       _setcolor
 0000:1D42       _setdate
 08BF:0073       _SetGubs
 08BF:000D       _setlinestyle
 0000:3943       _setmem
 0531:0264       _setMovie
 0612:049B       _setPalette
 0612:0007       _setPicSettings
 0000:1D57       _settime
 0531:0008       _SetupMoviePackage
 0000:401F       _setvbuf
 0000:1204       _setvect
 0612:036F       _setVideoMode
 0000:0EAE       _sin
 0CE2:03DC       _sin_table
 0000:2D54       _sound
 0000:417A       _sprintf
 0000:0E6C       _sqrt
 0000:1E22       _stime
 0000:41BD       _strcat
 0000:41FC       _strcmp
 0000:422C       _strcpy
 0000:4255       _strlen
 0000:4274       _strncpy
 05FA:00AB       _SwitchTimer
 0000:1EBA       _tell
 0CE2:0F50       _textinfo
 08E1:1161       _thankyou
 0000:1E62       _time
 0CE2:257E       _Timer
 0CE2:2330       _timezone
 0CE2:2328       _tzname
 0000:45D3       _tzset
 0000:48A1       _ungetc
 0000:43CF       _unixtodos
 0000:1ED2       _unlink
 068B:11B8       _unloadCHRfont
 068B:1B9B       _unloadGEMfont
 068B:16D8       _unloadROMfont
 0594:0159       _uploadImage
 0CE2:0F1C       _userxscale
 0CE2:0F20       _useryscale
 04B8:06D3       _vhline
 0000:490C       _vprintf
 0000:419C       _vsprintf
 05FA:0085       _Wait
 0612:0525       _writePalette
 08E1:06DF       _writeppm
 086F:00B9       _XMMallcoreleft
 086F:0101       _XMMalloc
 086F:0073       _XMMcoreleft
 086F:01BA       _XMMfree
 086F:003F       _XMMgetversion
 086F:0002       _XMMlibinit
 086F:015C       _XMMrealloc
 0CE2:1A07       _xmsif_vers_date
 0CE2:1A10       _xmsif_vers_time
 0CE2:19E5       _xmsif_vers_vers
 0CE2:1CB0       __8087
 0000:1000  Abs  __AHINCR
 0000:000C  Abs  __AHSHIFT
 0CE2:1EA0       __atexitcnt
 0CE2:295E       __atexittbl
 0000:29DC       __brk
 0CE2:008B       __brklvl
 0CE2:006B       __C0argc
 0CE2:006D       __C0argv
 0CE2:0071       __C0environ
 0000:1182       __cexit
 0000:0167       __checknull
 0000:2E0D       __chmod
 0000:0154       __cleanup
 0000:2E52       __close
 0CE2:1EA2       __ctype
 0000:0000  Abs  __cvtfak
 0000:1190       __c_exit
 0CE2:1CC4       __default87
 0CE2:2170       __doserrno
 0000:142C       __DOSERROR
 0CE2:2172       __dosErrorToSV
 0000:10CC       __dos_getfileattr
 0000:10EC       __dos_setfileattr
 0F82:0000       __emu
 0CE2:0075       __envLng
 0CE2:0077       __envseg
 0CE2:0079       __envSize
 0000:1170       __exit
 0CE2:1FA4       __exitbuf
 0CE2:1FA8       __exitfopen
 0CE2:1FAC       __exitopen
 0000:3719       __fgetc
 0000:8087  Abs  __floatconvert
 0000:4B26       __fmemcpy
 0000:4B6E       __fmemset
 0CE2:216A       __fmode
 0000:0CBF       __fperror
 0CE2:216E       __fpstklen
 0000:04B8       __fpuint
 0000:3B8C       __fputc
 0000:3D4F       __FPUTN
 0000:4B4A       __fsetmem
 0000:32C8       __GETFP
 0CE2:0087       __heapbase
 0CE2:008F       __heaptop
 0CE2:1CCA       __huge_dble
 0CE2:1CC6       __huge_flt
 0CE2:1CD2       __huge_ldble
 0CE2:1CDC       __indefinite
 0CE2:005B       __Int0Vector
 0CE2:005F       __Int4Vector
 0CE2:0063       __Int5Vector
 0CE2:0067       __Int6Vector
 0000:13F3       __IOERROR
 0000:47BF       __ISDST
 0CE2:1CC1       __LDT
 0000:04CB       __LDTRUNC
 0000:144F       __LONGTOA
 0000:0F7A       __matherr
 0CE2:1CEA       __mathwhy
 0000:151A       __MKNAME
 0000:0262       __MMODEL
 0CE2:230E       __monthDay
 0000:372E       __Nfgetc
 0CE2:2140       __nfile
 0CE2:216C       __notUmask
 0000:489E       __Nungetc
 0000:3B22       __open
 0CE2:2142       __openfd
 0000:31F9       __OPENFP
 0CE2:007D       __osmajor
 0CE2:007E       __osminor
 0CE2:007D       __osversion
 0000:0D6E       __POW10
 0CE2:1CC0       __protected
 0CE2:007B       __psp
 0000:1638       __read
 0000:2CD0       __REALCVT
 0CE2:2342       __RealCvtVector
 0000:01BD       __restorezero
 0000:2A1B       __sbrk
 0000:1667       __scanner
 0000:2CDC       __scanpop
 0000:2CD8       __scanrslt
 0000:2CD4       __scantod
 0CE2:2346       __ScanTodVector
 0000:1B80       __scantol
 0000:0000  Abs  __setenvp__
 0000:1D6C       __setupio
 0CE2:0081       __StartTime
 0CE2:2256       __stklen
 0000:23C0       __stpcpy
 0CE2:1FB0       __streams
 0000:0168       __terminate
 0CE2:1CE0       __tiny_ldble
 0000:1577       __TMPNAM
 0000:0000  Abs  __turboCvt
 0000:8087  Abs  __turboFloat
 0000:14D1       __UTOA
 0CE2:007D       __version
 0000:1F02       __VPRINTER
 0000:4A75       __write
 0000:0AB7       __XCVT
 0000:4AB1       __xfclose
 0000:4AEE       __xfflush
 086F:01EF       __XMMcopy
 0CE2:19E2       __XMMerror
 086F:0397       __XMMicopy
 0CE2:19E3       __XMMversion
 0CE2:0085       ___brklvl
 0000:2534       ___first
 0000:03D1       ___fpreset
 0000:2536       ___last
 0000:3F4E       ___read
 0000:2538       ___rover
 0CE2:29EC       ___SignalPtr
 0000:4926       ___write

  Address         Publics by Value

 0000:0000  Abs  __turboCvt
 0000:0000  Abs  __cvtfak
 0000:0000  Abs  __setenvp__
 0000:000C  Abs  __AHSHIFT
 0000:0632  Abs  FISRQQ
 0000:0E32  Abs  FICRQQ
 0000:1000  Abs  __AHINCR
 0000:1632  Abs  FIERQQ
 0000:4000  Abs  FJARQQ
 0000:5C32  Abs  FIDRQQ
 0000:8000  Abs  FJSRQQ
 0000:8087  Abs  __turboFloat
 0000:8087  Abs  __floatconvert
 0000:A23D  Abs  FIWRQQ
 0000:C000  Abs  FJCRQQ
 0000:FE32  Abs  FIARQQ
 0000:0154       __cleanup
 0000:0167       __checknull
 0000:0168       __terminate
 0000:01BD       __restorezero
 0000:0249       _abort
 0000:0260       DGROUP@
 0000:0262       __MMODEL
 0000:03D1       ___fpreset
 0000:04B8       __fpuint
 0000:04BC       _fabs
 0000:04CB       __LDTRUNC
 0000:0AB7       __XCVT
 0000:0CBF       __fperror
 0000:0D6E       __POW10
 0000:0E37       _pow10
 0000:0E42       _matherr
 0000:0E6C       _sqrt
 0000:0EAE       _sin
 0000:0EFE       _log
 0000:0F7A       __matherr
 0000:1023       _cos
 0000:1073       F_FTOL@
 0000:1073       FTOL@
 0000:109F       _atexit
 0000:10CC       __dos_getfileattr
 0000:10EC       __dos_setfileattr
 0000:1161       _exit
 0000:1170       __exit
 0000:1182       __cexit
 0000:1190       __c_exit
 0000:119C       F_LXMUL@
 0000:119C       LXMUL@
 0000:11B3       F_SCOPY@
 0000:11B3       SCOPY@
 0000:11CF       _getdate
 0000:11E2       _gettime
 0000:11F5       _getvect
 0000:1204       _setvect
 0000:1215       N_LDIV@
 0000:1218       F_LDIV@
 0000:1218       LDIV@
 0000:121C       N_LUDIV@
 0000:121F       F_LUDIV@
 0000:121F       LUDIV@
 0000:1224       N_LMOD@
 0000:1227       F_LMOD@
 0000:1227       LMOD@
 0000:122C       N_LUMOD@
 0000:122F       LUMOD@
 0000:122F       F_LUMOD@
 0000:12C3       N_LXLSH@
 0000:12C6       LXLSH@
 0000:12C6       F_LXLSH@
 0000:12E4       N_PADA@
 0000:12E7       F_PADA@
 0000:12E7       PADA@
 0000:1328       N_PSBA@
 0000:132B       PSBA@
 0000:132B       F_PSBA@
 0000:136C       N_PADD@
 0000:136F       F_PADD@
 0000:136F       PADD@
 0000:139B       N_PSUB@
 0000:139E       F_PSUB@
 0000:139E       PSUB@
 0000:13CC       N_SPUSH@
 0000:13D2       F_SPUSH@
 0000:13D2       SPUSH@
 0000:13F3       __IOERROR
 0000:142C       __DOSERROR
 0000:143E       _isatty
 0000:144F       __LONGTOA
 0000:14D1       __UTOA
 0000:14F1       _lseek
 0000:151A       __MKNAME
 0000:1577       __TMPNAM
 0000:15CE       N_LXMUL@
 0000:15E5       N_PCMP@
 0000:1606       _outport
 0000:1612       _outportb
 0000:161E       _outpw
 0000:162A       _outp
 0000:1638       __read
 0000:1667       __scanner
 0000:1B80       __scantol
 0000:1D22       _segread
 0000:1D42       _setdate
 0000:1D57       _settime
 0000:1D6C       __setupio
 0000:1E22       _stime
 0000:1E62       _time
 0000:1EBA       _tell
 0000:1ED2       _unlink
 0000:1F02       __VPRINTER
 0000:23C0       __stpcpy
 0000:23F4       _bioskey
 0000:2419       _calloc
 0000:24D3       _delay
 0000:2534       ___first
 0000:2536       ___last
 0000:2538       ___rover
 0000:2674       _farfree
 0000:2674       _free
 0000:277E       _malloc
 0000:2788       _farmalloc
 0000:28E5       _realloc
 0000:28EC       _farrealloc
 0000:29DC       __brk
 0000:2A1B       __sbrk
 0000:2AA9       _farcalloc
 0000:2B39       _int86
 0000:2B6A       _int86x
 0000:2C03       _intr
 0000:2CA7       _ioctl
 0000:2CD0       __REALCVT
 0000:2CD4       __scantod
 0000:2CD8       __scanrslt
 0000:2CDC       __scanpop
 0000:2CE0       _setblock
 0000:2D54       _sound
 0000:2D80       _nosound
 0000:2D87       _atol
 0000:2DFC       _atoi
 0000:2E0D       __chmod
 0000:2E2A       _close
 0000:2E52       __close
 0000:2E70       _eof
 0000:2EE7       _fclose
 0000:2F92       _fflush
 0000:305F       _fgets
 0000:30FB       _flushall
 0000:31F9       __OPENFP
 0000:32C8       __GETFP
 0000:3312       _fopen
 0000:3347       _fprintf
 0000:3457       _fread
 0000:34E5       _fscanf
 0000:358B       _fseek
 0000:360B       _ftell
 0000:3719       __fgetc
 0000:372E       __Nfgetc
 0000:3731       _fgetc
 0000:381F       _fgetchar
 0000:382B       _getenv
 0000:389B       _gets
 0000:391F       _memcpy
 0000:3943       _setmem
 0000:3967       _memset
 0000:39B3       _open
 0000:3B22       __open
 0000:3B71       _printf
 0000:3B8C       __fputc
 0000:3BA8       _fputc
 0000:3D3B       _fputchar
 0000:3D4F       __FPUTN
 0000:3F4E       ___read
 0000:401F       _setvbuf
 0000:417A       _sprintf
 0000:419C       _vsprintf
 0000:41BD       _strcat
 0000:41FC       _strcmp
 0000:422C       _strcpy
 0000:4255       _strlen
 0000:4274       _strncpy
 0000:42A5       _dostounix
 0000:43CF       _unixtodos
 0000:45D3       _tzset
 0000:47BF       __ISDST
 0000:489E       __Nungetc
 0000:48A1       _ungetc
 0000:490C       _vprintf
 0000:4926       ___write
 0000:4A75       __write
 0000:4AB1       __xfclose
 0000:4AEE       __xfflush
 0000:4B26       __fmemcpy
 0000:4B4A       __fsetmem
 0000:4B6E       __fmemset
 04B8:000D       _main
 04B8:06D3       _vhline
 04B8:071C       _hline
 0531:0008       _SetupMoviePackage
 0531:01F6       _CleanupMoviePackage
 0531:0220       _initMovie
 0531:0264       _setMovie
 0531:02A2       _runMovie
 0594:000A       _goImages
 0594:0089       _killImages
 0594:00BB       _newImage
 0594:012C       _downloadImage
 0594:0159       _uploadImage
 0594:0186       _drawText
 0594:01CE       _loadImage
 0594:02A5       _saveImage
 05E5:0008       _initResponse
 05E5:0055       _freeResponse
 05E5:0079       _checkResponse
 05E5:00E6       _responseReady
 05F5:000F       _error
 05FA:0002       _msISR
 05FA:0036       _InstallTimer
 05FA:005E       _InitTimer
 05FA:0085       _Wait
 05FA:00AB       _SwitchTimer
 0607:0005       _FlushKeyBuf
 0607:0023       _KeyWaiting
 0607:0041       _GetKey
 0607:0051       _KeyPress
 0607:008A       _GetStick
 0612:0007       _setPicSettings
 0612:002F       _drawPicture
 0612:036F       _setVideoMode
 0612:03A8       _clearScreen
 0612:048B       _Retrace
 0612:049B       _setPalette
 0612:0525       _writePalette
 0612:05C0       _readPalette
 0612:066A       _paletteSize
 0612:0674       _addColor
 0612:06AB       _findColor
 0612:06FC       _makePalette
 068B:000E       _rotatexy
 068B:00FF       _openfontfile
 068B:01CA       _blobcopy
 068B:01F2       _bgi_closefont
 068B:022F       _bgi_deletefont
 068B:025C       _bgi_fontpath
 068B:0274       _bgi_getbasecharsize
 068B:02BD       _bgi_gettextsettings
 068B:02F3       _bgi_installuserfont
 068B:0363       _bgi_outtext
 068B:08DD       _bgi_outtextxy
 068B:0926       _bgi_registerbgifont
 068B:096F       _bgi_registerfarbgifont
 068B:09BB       _bgi_settextjustify
 068B:09E8       _bgi_settextstyle
 068B:0C3F       _bgi_setusercharsize
 068B:0D00       _bgi_textheight
 068B:0D40       _bgi_textwidth
 068B:0EA3       _loadCHRfont
 068B:11B8       _unloadCHRfont
 068B:11D3       _decodeCHRstroke
 068B:1226       _drawCHRchar
 068B:13E5       _loadROMfont
 068B:16D8       _unloadROMfont
 068B:1702       _drawROMchar
 068B:1916       _loadGEMfont
 068B:1B9B       _unloadGEMfont
 068B:1BC5       _drawGEMchar
 086F:0002       _XMMlibinit
 086F:003F       _XMMgetversion
 086F:0073       _XMMcoreleft
 086F:00B9       _XMMallcoreleft
 086F:0101       _XMMalloc
 086F:015C       _XMMrealloc
 086F:01BA       _XMMfree
 086F:01EF       __XMMcopy
 086F:0397       __XMMicopy
 08BF:0008       _getlinesettings
 08BF:000D       _setlinestyle
 08BF:0012       _line
 08BF:0017       _lineto
 08BF:001C       _getx
 08BF:0026       _gety
 08BF:0030       _getcolor
 08BF:003A       _getbkcolor
 08BF:0043       _moveto
 08BF:0054       _setcolor
 08BF:005F       _resetbounds
 08BF:0073       _SetGubs
 08BF:00CD       _putpixel
 08E1:0002       _putsquare3
 08E1:0059       _puttriangle3
 08E1:0105       _putcircle5
 08E1:01C8       _puttriangle
 08E1:0297       _putslopeline
 08E1:042A       _putsquare
 08E1:050F       _putrectangle
 08E1:05FE       _putcircle
 08E1:06DF       _writeppm
 08E1:07CE       _putrandombox
 08E1:08F3       _putcheckerbox
 08E1:09DC       _putcross
 08E1:0A5E       _putvline
 08E1:0A90       _puthline
 08E1:0AC2       _assign
 08E1:0B29       _distribute
 08E1:0B91       _randint
 08E1:0BD6       _gaussdev
 08E1:0CA7       _ran2
 08E1:0F80       _gen_init
 08E1:1161       _thankyou
 08E1:1235       _audio
 0A0D:2152       e086_Entry
 0A0D:26E0       e086_Shortcut
 0C85:0306       e087_Entry
 0C85:03C6       e087_Shortcut
 0C85:0430       e087_Trap
 0CE2:0000       DATASEG@
 0CE2:005B       __Int0Vector
 0CE2:005F       __Int4Vector
 0CE2:0063       __Int5Vector
 0CE2:0067       __Int6Vector
 0CE2:006B       __C0argc
 0CE2:006D       __C0argv
 0CE2:0071       __C0environ
 0CE2:0075       __envLng
 0CE2:0077       __envseg
 0CE2:0079       __envSize
 0CE2:007B       __psp
 0CE2:007D       __osversion
 0CE2:007D       __osmajor
 0CE2:007D       __version
 0CE2:007E       __osminor
 0CE2:007F       _errno
 0CE2:0081       __StartTime
 0CE2:0085       ___brklvl
 0CE2:0087       __heapbase
 0CE2:008B       __brklvl
 0CE2:008F       __heaptop
 0CE2:0094       _length
 0CE2:0342       _font_path
 0CE2:03D2       _do_underline
 0CE2:03D4       _do_bold
 0CE2:03D6       _do_italics
 0CE2:03D8       _do_uselinestyle
 0CE2:03DA       _do_usebkcolor
 0CE2:03DC       _sin_table
 0CE2:097C       _cos_table
 0CE2:0F1C       _userxscale
 0CE2:0F20       _useryscale
 0CE2:0F24       _font_scale
 0CE2:0F50       _textinfo
 0CE2:0F5A       _font_data
 0CE2:12E4       _font_list
 0CE2:19E2       __XMMerror
 0CE2:19E3       __XMMversion
 0CE2:19E5       _xmsif_vers_vers
 0CE2:1A07       _xmsif_vers_date
 0CE2:1A10       _xmsif_vers_time
 0CE2:1A19       XMMentry
 0CE2:1A1D       XMMinit
 0CE2:1A5C       _bound_minx
 0CE2:1A5E       _bound_maxx
 0CE2:1A60       _bound_miny
 0CE2:1A62       _bound_maxy
 0CE2:1CB0       __8087
 0CE2:1CC0       __protected
 0CE2:1CC1       __LDT
 0CE2:1CC4       __default87
 0CE2:1CC6       __huge_flt
 0CE2:1CCA       __huge_dble
 0CE2:1CD2       __huge_ldble
 0CE2:1CDC       __indefinite
 0CE2:1CE0       __tiny_ldble
 0CE2:1CEA       __mathwhy
 0CE2:1EA0       __atexitcnt
 0CE2:1EA2       __ctype
 0CE2:1FA4       __exitbuf
 0CE2:1FA8       __exitfopen
 0CE2:1FAC       __exitopen
 0CE2:1FB0       __streams
 0CE2:2140       __nfile
 0CE2:2142       __openfd
 0CE2:216A       __fmode
 0CE2:216C       __notUmask
 0CE2:216E       __fpstklen
 0CE2:2170       __doserrno
 0CE2:2172       __dosErrorToSV
 0CE2:2256       __stklen
 0CE2:22F8       _environ
 0CE2:230E       __monthDay
 0CE2:2328       _tzname
 0CE2:2330       _timezone
 0CE2:2334       _daylight
 0CE2:2342       __RealCvtVector
 0CE2:2346       __ScanTodVector
 0CE2:2576       _picBuf
 0CE2:257E       _Timer
 0CE2:25CA       _Palette
 0CE2:295E       __atexittbl
 0CE2:29EC       ___SignalPtr
 0F82:0000       __emu

Program entry point at 0000:0000

