
 Start  Stop   Length Name               Class

 00000H 04B8CH 04B8DH _TEXT              CODE
 04B8DH 06140H 015B4H MR14A_TEXT         CODE
 06141H 06772H 00632H MOVIEOBJ_TEXT      CODE
 06773H 06C80H 0050EH IMAGE_TEXT         CODE
 06C81H 06D87H 00107H RESPONSE_TEXT      CODE
 06D88H 06DCAH 00043H ERROR_TEXT         CODE
 06DCBH 06E9DH 000D3H TIMER_TEXT         CODE
 06E9EH 06F4FH 000B2H INPUT_TEXT         CODE
 06F50H 076E6H 00797H VIDEO_TEXT         CODE
 076E7H 09519H 01E33H BGIFNT_TEXT        CODE
 0951AH 09A1FH 00506H xmsif1_TEXT        CODE
 09A20H 09C39H 0021AH GUBS_TEXT          CODE
 09C3AH 0AEEBH 012B2H EXPTLIB_TEXT       CODE
 0AEF0H 0D666H 02777H EMU_PROG           CODE
 0D670H 0DC37H 005C8H E87_PROG           CODE
 0DC40H 0DC40H 00000H _FARDATA           FAR_DATA
 0DC40H 0DC40H 00000H _FARBSS            FAR_BSS
 0DC40H 0DC40H 00000H _OVERLAY_          OVRINFO
 0DC40H 0DC40H 00000H _1STUB_            STUBSEG
 0DC40H 10261H 02622H _DATA              DATA
 10262H 10265H 00004H _CVTSEG            DATA
 10266H 10271H 0000CH _SCNSEG            DATA
 10272H 10272H 00000H _CONST             CONST
 10272H 1028FH 0001EH _INIT_             INITDATA
 10290H 10290H 00000H _INITEND_          INITDATA
 10290H 10295H 00006H _EXIT_             EXITDATA
 10296H 10296H 00000H _EXITEND_          EXITDATA
 10296H 1093BH 006A6H _BSS               BSS
 1093CH 1093CH 00000H _BSSEND            BSSEND
 10940H 10A4FH 00110H _STACK             STACK

  Address         Publics by Name

 0DC4:0000       DATASEG@
 0000:0260       DGROUP@
 0AEF:2152       e086_Entry
 0AEF:26E0       e086_Shortcut
 0D67:0306       e087_Entry
 0D67:03C6       e087_Shortcut
 0D67:0430       e087_Trap
 0000:FE32  Abs  FIARQQ
 0000:0E32  Abs  FICRQQ
 0000:5C32  Abs  FIDRQQ
 0000:1632  Abs  FIERQQ
 0000:0632  Abs  FISRQQ
 0000:A23D  Abs  FIWRQQ
 0000:4000  Abs  FJARQQ
 0000:C000  Abs  FJCRQQ
 0000:8000  Abs  FJSRQQ
 0000:1073       FTOL@
 0000:1073       F_FTOL@
 0000:1218       F_LDIV@
 0000:1227       F_LMOD@
 0000:121F       F_LUDIV@
 0000:122F       F_LUMOD@
 0000:12C6       F_LXLSH@
 0000:119C       F_LXMUL@
 0000:12E7       F_PADA@
 0000:136F       F_PADD@
 0000:132B       F_PSBA@
 0000:139E       F_PSUB@
 0000:11B3       F_SCOPY@
 0000:13D2       F_SPUSH@
 0000:1218       LDIV@
 0000:1227       LMOD@
 0000:121F       LUDIV@
 0000:122F       LUMOD@
 0000:12C6       LXLSH@
 0000:119C       LXMUL@
 0000:1215       N_LDIV@
 0000:1224       N_LMOD@
 0000:121C       N_LUDIV@
 0000:122C       N_LUMOD@
 0000:12C3       N_LXLSH@
 0000:15CE       N_LXMUL@
 0000:12E4       N_PADA@
 0000:136C       N_PADD@
 0000:15E5       N_PCMP@
 0000:1328       N_PSBA@
 0000:139B       N_PSUB@
 0000:13CC       N_SPUSH@
 0000:12E7       PADA@
 0000:136F       PADD@
 0000:132B       PSBA@
 0000:139E       PSUB@
 0000:11B3       SCOPY@
 0000:13D2       SPUSH@
 0DC4:1CF9       XMMentry
 0DC4:1CFD       XMMinit
 0000:0249       _abort
 06F5:066D       _addColor
 09C3:0ACA       _assign
 0000:109F       _atexit
 0000:2DFC       _atoi
 0000:2D87       _atol
 09C3:123D       _audio
 076E:01EB       _bgi_closefont
 076E:0228       _bgi_deletefont
 076E:0255       _bgi_fontpath
 076E:026D       _bgi_getbasecharsize
 076E:02B6       _bgi_gettextsettings
 076E:02EC       _bgi_installuserfont
 076E:035C       _bgi_outtext
 076E:08D6       _bgi_outtextxy
 076E:091F       _bgi_registerbgifont
 076E:0968       _bgi_registerfarbgifont
 076E:09B4       _bgi_settextjustify
 076E:09E1       _bgi_settextstyle
 076E:0C38       _bgi_setusercharsize
 076E:0CF9       _bgi_textheight
 076E:0D39       _bgi_textwidth
 0000:23F4       _bioskey
 0DC4:2666       _blank_i
 076E:01C3       _blobcopy
 0DC4:1D3E       _bound_maxx
 0DC4:1D42       _bound_maxy
 0DC4:1D3C       _bound_minx
 0DC4:1D40       _bound_miny
 0000:2419       _calloc
 0DC4:0094       _chainlength
 06C8:0072       _checkResponse
 0614:01EF       _CleanupMoviePackage
 06F5:03A1       _clearScreen
 0000:2E2A       _close
 0000:1023       _cos
 0DC4:0C5C       _cos_table
 0DC4:265E       _data
 0DC4:2614       _daylight
 076E:11CC       _decodeCHRstroke
 0000:24D3       _delay
 09C3:0B31       _distribute
 0000:42A5       _dostounix
 0677:0125       _downloadImage
 0DC4:06B4       _do_bold
 0DC4:06B6       _do_italics
 0DC4:06B2       _do_underline
 0DC4:06BA       _do_usebkcolor
 0DC4:06B8       _do_uselinestyle
 04B8:1336       _drawartalph
 076E:121F       _drawCHRchar
 076E:1BBE       _drawGEMchar
 06F5:0028       _drawPicture
 076E:16FB       _drawROMchar
 0677:017F       _drawText
 0DC4:2656       _eng_pixels
 0DC4:25D8       _environ
 0000:2E70       _eof
 0DC4:007F       _errno
 06D8:0008       _error
 0000:1161       _exit
 0000:04BC       _fabs
 0000:2AA9       _farcalloc
 0000:2674       _farfree
 0000:2788       _farmalloc
 0000:28EC       _farrealloc
 0000:2EE7       _fclose
 0000:2F92       _fflush
 0000:3731       _fgetc
 0000:381F       _fgetchar
 0000:305F       _fgets
 06F5:06A4       _findColor
 0000:30FB       _flushall
 06E9:000E       _FlushKeyBuf
 0DC4:123A       _font_data
 0DC4:15C4       _font_list
 0DC4:0622       _font_path
 0DC4:1204       _font_scale
 0000:3312       _fopen
 0000:3347       _fprintf
 0000:3BA8       _fputc
 0000:3D3B       _fputchar
 0000:3457       _fread
 0000:2674       _free
 06C8:004E       _freeResponse
 0000:34E5       _fscanf
 0000:358B       _fseek
 0000:360B       _ftell
 09C3:0BDE       _gaussdev
 09C3:0F88       _gen_init
 0DC4:265A       _geo_pixels
 09A2:0032       _getbkcolor
 09A2:0028       _getcolor
 0000:11CF       _getdate
 0000:382B       _getenv
 06E9:004A       _GetKey
 09A2:0000       _getlinesettings
 0000:389B       _gets
 06E9:0093       _GetStick
 0000:11E2       _gettime
 0000:11F5       _getvect
 09A2:0014       _getx
 09A2:001E       _gety
 04B8:0FD0       _globalstartup
 0677:0003       _goImages
 04B8:1428       _hline
 0614:0219       _initMovie
 06C8:0001       _initResponse
 06DC:0067       _InitTimer
 06DC:003F       _InstallTimer
 0DC4:266A       _instruct_i
 0DC4:2672       _instruct_m
 0000:2B39       _int86
 0000:2B6A       _int86x
 0000:2C03       _intr
 0000:2CA7       _ioctl
 0000:143E       _isatty
 06E9:005A       _KeyPress
 06E9:002C       _KeyWaiting
 0677:0082       _killImages
 09A2:000A       _line
 09A2:000F       _lineto
 076E:0E9C       _loadCHRfont
 076E:190F       _loadGEMfont
 0677:01C7       _loadImage
 076E:13DE       _loadROMfont
 0000:0EFE       _log
 0000:14F1       _lseek
 04B8:000D       _main
 06F5:06F5       _makePalette
 0000:277E       _malloc
 0000:0E42       _matherr
 0000:391F       _memcpy
 0000:3967       _memset
 09A2:003B       _moveto
 06DC:000B       _msISR
 0677:00B4       _newImage
 0000:2D80       _nosound
 0000:39B3       _open
 076E:00F8       _openfontfile
 0000:162A       _outp
 0000:1606       _outport
 0000:1612       _outportb
 0000:161E       _outpw
 0DC4:28CA       _Palette
 06F5:0663       _paletteSize
 0DC4:2876       _picBuf
 0000:0E37       _pow10
 04B8:103A       _present
 0000:3B71       _printf
 09C3:08FB       _putcheckerbox
 09C3:0606       _putcircle
 09C3:010D       _putcircle5
 09C3:09E4       _putcross
 04B8:1574       _putenglet
 04B8:1527       _putgeolet
 09C3:0A98       _puthline
 09A2:00C5       _putpixel
 09C3:07D6       _putrandombox
 09C3:0517       _putrectangle
 09C3:029F       _putslopeline
 09C3:0432       _putsquare
 09C3:000A       _putsquare3
 09C3:01D0       _puttriangle
 09C3:0061       _puttriangle3
 09C3:0A66       _putvline
 09C3:0CAF       _ran2
 09C3:0B99       _randint
 04B8:1450       _readP1PPM
 06F5:05B9       _readPalette
 0000:28E5       _realloc
 09A2:0057       _resetbounds
 06C8:00DF       _responseReady
 06F5:0484       _Retrace
 076E:0007       _rotatexy
 0614:029B       _runMovie
 0677:029E       _saveImage
 0000:1D22       _segread
 0000:2CE0       _setblock
 09A2:004C       _setcolor
 0000:1D42       _setdate
 09A2:006B       _SetGubs
 09A2:0005       _setlinestyle
 0000:3943       _setmem
 0614:025D       _setMovie
 06F5:0494       _setPalette
 06F5:0000       _setPicSettings
 0000:1D57       _settime
 0614:0001       _SetupMoviePackage
 0000:401F       _setvbuf
 0000:1204       _setvect
 06F5:0368       _setVideoMode
 0000:0EAE       _sin
 0DC4:06BC       _sin_table
 0000:2D54       _sound
 0000:417A       _sprintf
 0000:0E6C       _sqrt
 0000:1E22       _stime
 0DC4:266E       _stim_m
 0000:41BD       _strcat
 0000:41FC       _strcmp
 0000:422C       _strcpy
 0000:4255       _strlen
 0000:4274       _strncpy
 06DC:00B4       _SwitchTimer
 0DC4:2662       _targ_i
 0000:1EBA       _tell
 0DC4:1230       _textinfo
 09C3:1169       _thankyou
 0000:1E62       _time
 0DC4:287E       _Timer
 0DC4:2610       _timezone
 0DC4:2608       _tzname
 0000:45D3       _tzset
 0000:48A1       _ungetc
 0000:43CF       _unixtodos
 0000:1ED2       _unlink
 076E:11B1       _unloadCHRfont
 076E:1B94       _unloadGEMfont
 076E:16D1       _unloadROMfont
 0677:0152       _uploadImage
 0DC4:11FC       _userxscale
 0DC4:1200       _useryscale
 04B8:1400       _vline
 0000:490C       _vprintf
 0000:419C       _vsprintf
 06DC:008E       _Wait
 06F5:051E       _writePalette
 09C3:06E7       _writeppm
 0951:00C1       _XMMallcoreleft
 0951:0109       _XMMalloc
 0951:007B       _XMMcoreleft
 0951:01C2       _XMMfree
 0951:0047       _XMMgetversion
 0951:000A       _XMMlibinit
 0951:0164       _XMMrealloc
 0DC4:1CE7       _xmsif_vers_date
 0DC4:1CF0       _xmsif_vers_time
 0DC4:1CC5       _xmsif_vers_vers
 0DC4:1F90       __8087
 0000:1000  Abs  __AHINCR
 0000:000C  Abs  __AHSHIFT
 0DC4:2180       __atexitcnt
 0DC4:2C5E       __atexittbl
 0000:29DC       __brk
 0DC4:008B       __brklvl
 0DC4:006B       __C0argc
 0DC4:006D       __C0argv
 0DC4:0071       __C0environ
 0000:1182       __cexit
 0000:0167       __checknull
 0000:2E0D       __chmod
 0000:0154       __cleanup
 0000:2E52       __close
 0DC4:2182       __ctype
 0000:0000  Abs  __cvtfak
 0000:1190       __c_exit
 0DC4:1FA4       __default87
 0DC4:2450       __doserrno
 0000:142C       __DOSERROR
 0DC4:2452       __dosErrorToSV
 0000:10CC       __dos_getfileattr
 0000:10EC       __dos_setfileattr
 1094:0000       __emu
 0DC4:0075       __envLng
 0DC4:0077       __envseg
 0DC4:0079       __envSize
 0000:1170       __exit
 0DC4:2284       __exitbuf
 0DC4:2288       __exitfopen
 0DC4:228C       __exitopen
 0000:3719       __fgetc
 0000:8087  Abs  __floatconvert
 0000:4B26       __fmemcpy
 0000:4B6E       __fmemset
 0DC4:244A       __fmode
 0000:0CBF       __fperror
 0DC4:244E       __fpstklen
 0000:04B8       __fpuint
 0000:3B8C       __fputc
 0000:3D4F       __FPUTN
 0000:4B4A       __fsetmem
 0000:32C8       __GETFP
 0DC4:0087       __heapbase
 0DC4:008F       __heaptop
 0DC4:1FAA       __huge_dble
 0DC4:1FA6       __huge_flt
 0DC4:1FB2       __huge_ldble
 0DC4:1FBC       __indefinite
 0DC4:005B       __Int0Vector
 0DC4:005F       __Int4Vector
 0DC4:0063       __Int5Vector
 0DC4:0067       __Int6Vector
 0000:13F3       __IOERROR
 0000:47BF       __ISDST
 0DC4:1FA1       __LDT
 0000:04CB       __LDTRUNC
 0000:144F       __LONGTOA
 0000:0F7A       __matherr
 0DC4:1FCA       __mathwhy
 0000:151A       __MKNAME
 0000:0262       __MMODEL
 0DC4:25EE       __monthDay
 0000:372E       __Nfgetc
 0DC4:2420       __nfile
 0DC4:244C       __notUmask
 0000:489E       __Nungetc
 0000:3B22       __open
 0DC4:2422       __openfd
 0000:31F9       __OPENFP
 0DC4:007D       __osmajor
 0DC4:007E       __osminor
 0DC4:007D       __osversion
 0000:0D6E       __POW10
 0DC4:1FA0       __protected
 0DC4:007B       __psp
 0000:1638       __read
 0000:2CD0       __REALCVT
 0DC4:2622       __RealCvtVector
 0000:01BD       __restorezero
 0000:2A1B       __sbrk
 0000:1667       __scanner
 0000:2CDC       __scanpop
 0000:2CD8       __scanrslt
 0000:2CD4       __scantod
 0DC4:2626       __ScanTodVector
 0000:1B80       __scantol
 0000:0000  Abs  __setenvp__
 0000:1D6C       __setupio
 0DC4:0081       __StartTime
 0DC4:2536       __stklen
 0000:23C0       __stpcpy
 0DC4:2290       __streams
 0000:0168       __terminate
 0DC4:1FC0       __tiny_ldble
 0000:1577       __TMPNAM
 0000:0000  Abs  __turboCvt
 0000:8087  Abs  __turboFloat
 0000:14D1       __UTOA
 0DC4:007D       __version
 0000:1F02       __VPRINTER
 0000:4A75       __write
 0000:0AB7       __XCVT
 0000:4AB1       __xfclose
 0000:4AEE       __xfflush
 0951:01F7       __XMMcopy
 0DC4:1CC2       __XMMerror
 0951:039F       __XMMicopy
 0DC4:1CC3       __XMMversion
 0DC4:0085       ___brklvl
 0000:2534       ___first
 0000:03D1       ___fpreset
 0000:2536       ___last
 0000:3F4E       ___read
 0000:2538       ___rover
 0DC4:2CEC       ___SignalPtr
 0000:4926       ___write

  Address         Publics by Value

 0000:0000  Abs  __turboCvt
 0000:0000  Abs  __cvtfak
 0000:0000  Abs  __setenvp__
 0000:000C  Abs  __AHSHIFT
 0000:0632  Abs  FISRQQ
 0000:0E32  Abs  FICRQQ
 0000:1000  Abs  __AHINCR
 0000:1632  Abs  FIERQQ
 0000:4000  Abs  FJARQQ
 0000:5C32  Abs  FIDRQQ
 0000:8000  Abs  FJSRQQ
 0000:8087  Abs  __turboFloat
 0000:8087  Abs  __floatconvert
 0000:A23D  Abs  FIWRQQ
 0000:C000  Abs  FJCRQQ
 0000:FE32  Abs  FIARQQ
 0000:0154       __cleanup
 0000:0167       __checknull
 0000:0168       __terminate
 0000:01BD       __restorezero
 0000:0249       _abort
 0000:0260       DGROUP@
 0000:0262       __MMODEL
 0000:03D1       ___fpreset
 0000:04B8       __fpuint
 0000:04BC       _fabs
 0000:04CB       __LDTRUNC
 0000:0AB7       __XCVT
 0000:0CBF       __fperror
 0000:0D6E       __POW10
 0000:0E37       _pow10
 0000:0E42       _matherr
 0000:0E6C       _sqrt
 0000:0EAE       _sin
 0000:0EFE       _log
 0000:0F7A       __matherr
 0000:1023       _cos
 0000:1073       F_FTOL@
 0000:1073       FTOL@
 0000:109F       _atexit
 0000:10CC       __dos_getfileattr
 0000:10EC       __dos_setfileattr
 0000:1161       _exit
 0000:1170       __exit
 0000:1182       __cexit
 0000:1190       __c_exit
 0000:119C       F_LXMUL@
 0000:119C       LXMUL@
 0000:11B3       F_SCOPY@
 0000:11B3       SCOPY@
 0000:11CF       _getdate
 0000:11E2       _gettime
 0000:11F5       _getvect
 0000:1204       _setvect
 0000:1215       N_LDIV@
 0000:1218       F_LDIV@
 0000:1218       LDIV@
 0000:121C       N_LUDIV@
 0000:121F       F_LUDIV@
 0000:121F       LUDIV@
 0000:1224       N_LMOD@
 0000:1227       F_LMOD@
 0000:1227       LMOD@
 0000:122C       N_LUMOD@
 0000:122F       LUMOD@
 0000:122F       F_LUMOD@
 0000:12C3       N_LXLSH@
 0000:12C6       LXLSH@
 0000:12C6       F_LXLSH@
 0000:12E4       N_PADA@
 0000:12E7       F_PADA@
 0000:12E7       PADA@
 0000:1328       N_PSBA@
 0000:132B       PSBA@
 0000:132B       F_PSBA@
 0000:136C       N_PADD@
 0000:136F       F_PADD@
 0000:136F       PADD@
 0000:139B       N_PSUB@
 0000:139E       F_PSUB@
 0000:139E       PSUB@
 0000:13CC       N_SPUSH@
 0000:13D2       F_SPUSH@
 0000:13D2       SPUSH@
 0000:13F3       __IOERROR
 0000:142C       __DOSERROR
 0000:143E       _isatty
 0000:144F       __LONGTOA
 0000:14D1       __UTOA
 0000:14F1       _lseek
 0000:151A       __MKNAME
 0000:1577       __TMPNAM
 0000:15CE       N_LXMUL@
 0000:15E5       N_PCMP@
 0000:1606       _outport
 0000:1612       _outportb
 0000:161E       _outpw
 0000:162A       _outp
 0000:1638       __read
 0000:1667       __scanner
 0000:1B80       __scantol
 0000:1D22       _segread
 0000:1D42       _setdate
 0000:1D57       _settime
 0000:1D6C       __setupio
 0000:1E22       _stime
 0000:1E62       _time
 0000:1EBA       _tell
 0000:1ED2       _unlink
 0000:1F02       __VPRINTER
 0000:23C0       __stpcpy
 0000:23F4       _bioskey
 0000:2419       _calloc
 0000:24D3       _delay
 0000:2534       ___first
 0000:2536       ___last
 0000:2538       ___rover
 0000:2674       _farfree
 0000:2674       _free
 0000:277E       _malloc
 0000:2788       _farmalloc
 0000:28E5       _realloc
 0000:28EC       _farrealloc
 0000:29DC       __brk
 0000:2A1B       __sbrk
 0000:2AA9       _farcalloc
 0000:2B39       _int86
 0000:2B6A       _int86x
 0000:2C03       _intr
 0000:2CA7       _ioctl
 0000:2CD0       __REALCVT
 0000:2CD4       __scantod
 0000:2CD8       __scanrslt
 0000:2CDC       __scanpop
 0000:2CE0       _setblock
 0000:2D54       _sound
 0000:2D80       _nosound
 0000:2D87       _atol
 0000:2DFC       _atoi
 0000:2E0D       __chmod
 0000:2E2A       _close
 0000:2E52       __close
 0000:2E70       _eof
 0000:2EE7       _fclose
 0000:2F92       _fflush
 0000:305F       _fgets
 0000:30FB       _flushall
 0000:31F9       __OPENFP
 0000:32C8       __GETFP
 0000:3312       _fopen
 0000:3347       _fprintf
 0000:3457       _fread
 0000:34E5       _fscanf
 0000:358B       _fseek
 0000:360B       _ftell
 0000:3719       __fgetc
 0000:372E       __Nfgetc
 0000:3731       _fgetc
 0000:381F       _fgetchar
 0000:382B       _getenv
 0000:389B       _gets
 0000:391F       _memcpy
 0000:3943       _setmem
 0000:3967       _memset
 0000:39B3       _open
 0000:3B22       __open
 0000:3B71       _printf
 0000:3B8C       __fputc
 0000:3BA8       _fputc
 0000:3D3B       _fputchar
 0000:3D4F       __FPUTN
 0000:3F4E       ___read
 0000:401F       _setvbuf
 0000:417A       _sprintf
 0000:419C       _vsprintf
 0000:41BD       _strcat
 0000:41FC       _strcmp
 0000:422C       _strcpy
 0000:4255       _strlen
 0000:4274       _strncpy
 0000:42A5       _dostounix
 0000:43CF       _unixtodos
 0000:45D3       _tzset
 0000:47BF       __ISDST
 0000:489E       __Nungetc
 0000:48A1       _ungetc
 0000:490C       _vprintf
 0000:4926       ___write
 0000:4A75       __write
 0000:4AB1       __xfclose
 0000:4AEE       __xfflush
 0000:4B26       __fmemcpy
 0000:4B4A       __fsetmem
 0000:4B6E       __fmemset
 04B8:000D       _main
 04B8:0FD0       _globalstartup
 04B8:103A       _present
 04B8:1336       _drawartalph
 04B8:1400       _vline
 04B8:1428       _hline
 04B8:1450       _readP1PPM
 04B8:1527       _putgeolet
 04B8:1574       _putenglet
 0614:0001       _SetupMoviePackage
 0614:01EF       _CleanupMoviePackage
 0614:0219       _initMovie
 0614:025D       _setMovie
 0614:029B       _runMovie
 0677:0003       _goImages
 0677:0082       _killImages
 0677:00B4       _newImage
 0677:0125       _downloadImage
 0677:0152       _uploadImage
 0677:017F       _drawText
 0677:01C7       _loadImage
 0677:029E       _saveImage
 06C8:0001       _initResponse
 06C8:004E       _freeResponse
 06C8:0072       _checkResponse
 06C8:00DF       _responseReady
 06D8:0008       _error
 06DC:000B       _msISR
 06DC:003F       _InstallTimer
 06DC:0067       _InitTimer
 06DC:008E       _Wait
 06DC:00B4       _SwitchTimer
 06E9:000E       _FlushKeyBuf
 06E9:002C       _KeyWaiting
 06E9:004A       _GetKey
 06E9:005A       _KeyPress
 06E9:0093       _GetStick
 06F5:0000       _setPicSettings
 06F5:0028       _drawPicture
 06F5:0368       _setVideoMode
 06F5:03A1       _clearScreen
 06F5:0484       _Retrace
 06F5:0494       _setPalette
 06F5:051E       _writePalette
 06F5:05B9       _readPalette
 06F5:0663       _paletteSize
 06F5:066D       _addColor
 06F5:06A4       _findColor
 06F5:06F5       _makePalette
 076E:0007       _rotatexy
 076E:00F8       _openfontfile
 076E:01C3       _blobcopy
 076E:01EB       _bgi_closefont
 076E:0228       _bgi_deletefont
 076E:0255       _bgi_fontpath
 076E:026D       _bgi_getbasecharsize
 076E:02B6       _bgi_gettextsettings
 076E:02EC       _bgi_installuserfont
 076E:035C       _bgi_outtext
 076E:08D6       _bgi_outtextxy
 076E:091F       _bgi_registerbgifont
 076E:0968       _bgi_registerfarbgifont
 076E:09B4       _bgi_settextjustify
 076E:09E1       _bgi_settextstyle
 076E:0C38       _bgi_setusercharsize
 076E:0CF9       _bgi_textheight
 076E:0D39       _bgi_textwidth
 076E:0E9C       _loadCHRfont
 076E:11B1       _unloadCHRfont
 076E:11CC       _decodeCHRstroke
 076E:121F       _drawCHRchar
 076E:13DE       _loadROMfont
 076E:16D1       _unloadROMfont
 076E:16FB       _drawROMchar
 076E:190F       _loadGEMfont
 076E:1B94       _unloadGEMfont
 076E:1BBE       _drawGEMchar
 0951:000A       _XMMlibinit
 0951:0047       _XMMgetversion
 0951:007B       _XMMcoreleft
 0951:00C1       _XMMallcoreleft
 0951:0109       _XMMalloc
 0951:0164       _XMMrealloc
 0951:01C2       _XMMfree
 0951:01F7       __XMMcopy
 0951:039F       __XMMicopy
 09A2:0000       _getlinesettings
 09A2:0005       _setlinestyle
 09A2:000A       _line
 09A2:000F       _lineto
 09A2:0014       _getx
 09A2:001E       _gety
 09A2:0028       _getcolor
 09A2:0032       _getbkcolor
 09A2:003B       _moveto
 09A2:004C       _setcolor
 09A2:0057       _resetbounds
 09A2:006B       _SetGubs
 09A2:00C5       _putpixel
 09C3:000A       _putsquare3
 09C3:0061       _puttriangle3
 09C3:010D       _putcircle5
 09C3:01D0       _puttriangle
 09C3:029F       _putslopeline
 09C3:0432       _putsquare
 09C3:0517       _putrectangle
 09C3:0606       _putcircle
 09C3:06E7       _writeppm
 09C3:07D6       _putrandombox
 09C3:08FB       _putcheckerbox
 09C3:09E4       _putcross
 09C3:0A66       _putvline
 09C3:0A98       _puthline
 09C3:0ACA       _assign
 09C3:0B31       _distribute
 09C3:0B99       _randint
 09C3:0BDE       _gaussdev
 09C3:0CAF       _ran2
 09C3:0F88       _gen_init
 09C3:1169       _thankyou
 09C3:123D       _audio
 0AEF:2152       e086_Entry
 0AEF:26E0       e086_Shortcut
 0D67:0306       e087_Entry
 0D67:03C6       e087_Shortcut
 0D67:0430       e087_Trap
 0DC4:0000       DATASEG@
 0DC4:005B       __Int0Vector
 0DC4:005F       __Int4Vector
 0DC4:0063       __Int5Vector
 0DC4:0067       __Int6Vector
 0DC4:006B       __C0argc
 0DC4:006D       __C0argv
 0DC4:0071       __C0environ
 0DC4:0075       __envLng
 0DC4:0077       __envseg
 0DC4:0079       __envSize
 0DC4:007B       __psp
 0DC4:007D       __osversion
 0DC4:007D       __osmajor
 0DC4:007D       __version
 0DC4:007E       __osminor
 0DC4:007F       _errno
 0DC4:0081       __StartTime
 0DC4:0085       ___brklvl
 0DC4:0087       __heapbase
 0DC4:008B       __brklvl
 0DC4:008F       __heaptop
 0DC4:0094       _chainlength
 0DC4:0622       _font_path
 0DC4:06B2       _do_underline
 0DC4:06B4       _do_bold
 0DC4:06B6       _do_italics
 0DC4:06B8       _do_uselinestyle
 0DC4:06BA       _do_usebkcolor
 0DC4:06BC       _sin_table
 0DC4:0C5C       _cos_table
 0DC4:11FC       _userxscale
 0DC4:1200       _useryscale
 0DC4:1204       _font_scale
 0DC4:1230       _textinfo
 0DC4:123A       _font_data
 0DC4:15C4       _font_list
 0DC4:1CC2       __XMMerror
 0DC4:1CC3       __XMMversion
 0DC4:1CC5       _xmsif_vers_vers
 0DC4:1CE7       _xmsif_vers_date
 0DC4:1CF0       _xmsif_vers_time
 0DC4:1CF9       XMMentry
 0DC4:1CFD       XMMinit
 0DC4:1D3C       _bound_minx
 0DC4:1D3E       _bound_maxx
 0DC4:1D40       _bound_miny
 0DC4:1D42       _bound_maxy
 0DC4:1F90       __8087
 0DC4:1FA0       __protected
 0DC4:1FA1       __LDT
 0DC4:1FA4       __default87
 0DC4:1FA6       __huge_flt
 0DC4:1FAA       __huge_dble
 0DC4:1FB2       __huge_ldble
 0DC4:1FBC       __indefinite
 0DC4:1FC0       __tiny_ldble
 0DC4:1FCA       __mathwhy
 0DC4:2180       __atexitcnt
 0DC4:2182       __ctype
 0DC4:2284       __exitbuf
 0DC4:2288       __exitfopen
 0DC4:228C       __exitopen
 0DC4:2290       __streams
 0DC4:2420       __nfile
 0DC4:2422       __openfd
 0DC4:244A       __fmode
 0DC4:244C       __notUmask
 0DC4:244E       __fpstklen
 0DC4:2450       __doserrno
 0DC4:2452       __dosErrorToSV
 0DC4:2536       __stklen
 0DC4:25D8       _environ
 0DC4:25EE       __monthDay
 0DC4:2608       _tzname
 0DC4:2610       _timezone
 0DC4:2614       _daylight
 0DC4:2622       __RealCvtVector
 0DC4:2626       __ScanTodVector
 0DC4:2656       _eng_pixels
 0DC4:265A       _geo_pixels
 0DC4:265E       _data
 0DC4:2662       _targ_i
 0DC4:2666       _blank_i
 0DC4:266A       _instruct_i
 0DC4:266E       _stim_m
 0DC4:2672       _instruct_m
 0DC4:2876       _picBuf
 0DC4:287E       _Timer
 0DC4:28CA       _Palette
 0DC4:2C5E       __atexittbl
 0DC4:2CEC       ___SignalPtr
 1094:0000       __emu

Program entry point at 0000:0000

