
 Start  Stop   Length Name               Class

 00000H 04B8CH 04B8DH _TEXT              CODE
 04B8DH 05CB7H 0112BH MR14_TEXT          CODE
 05CB8H 062E9H 00632H MOVIEOBJ_TEXT      CODE
 062EAH 067F7H 0050EH IMAGE_TEXT         CODE
 067F8H 068FEH 00107H RESPONSE_TEXT      CODE
 068FFH 06941H 00043H ERROR_TEXT         CODE
 06942H 06A14H 000D3H TIMER_TEXT         CODE
 06A15H 06AC6H 000B2H INPUT_TEXT         CODE
 06AC7H 0725DH 00797H VIDEO_TEXT         CODE
 0725EH 09090H 01E33H BGIFNT_TEXT        CODE
 09092H 09597H 00506H xmsif1_TEXT        CODE
 09598H 097B1H 0021AH GUBS_TEXT          CODE
 097B2H 0AA63H 012B2H EXPTLIB_TEXT       CODE
 0AA70H 0D1E6H 02777H EMU_PROG           CODE
 0D1F0H 0D7B7H 005C8H E87_PROG           CODE
 0D7C0H 0D7C0H 00000H _FARDATA           FAR_DATA
 0D7C0H 0D7C0H 00000H _FARBSS            FAR_BSS
 0D7C0H 0D7C0H 00000H _OVERLAY_          OVRINFO
 0D7C0H 0D7C0H 00000H _1STUB_            STUBSEG
 0D7C0H 0FDA1H 025E2H _DATA              DATA
 0FDA2H 0FDA5H 00004H _CVTSEG            DATA
 0FDA6H 0FDB1H 0000CH _SCNSEG            DATA
 0FDB2H 0FDB2H 00000H _CONST             CONST
 0FDB2H 0FDCFH 0001EH _INIT_             INITDATA
 0FDD0H 0FDD0H 00000H _INITEND_          INITDATA
 0FDD0H 0FDD5H 00006H _EXIT_             EXITDATA
 0FDD6H 0FDD6H 00000H _EXITEND_          EXITDATA
 0FDD6H 1047BH 006A6H _BSS               BSS
 1047CH 1047CH 00000H _BSSEND            BSSEND
 10480H 1058FH 00110H _STACK             STACK

  Address         Publics by Name

 0D7C:0000       DATASEG@
 0000:0260       DGROUP@
 0AA7:2152       e086_Entry
 0AA7:26E0       e086_Shortcut
 0D1F:0306       e087_Entry
 0D1F:03C6       e087_Shortcut
 0D1F:0430       e087_Trap
 0000:FE32  Abs  FIARQQ
 0000:0E32  Abs  FICRQQ
 0000:5C32  Abs  FIDRQQ
 0000:1632  Abs  FIERQQ
 0000:0632  Abs  FISRQQ
 0000:A23D  Abs  FIWRQQ
 0000:4000  Abs  FJARQQ
 0000:C000  Abs  FJCRQQ
 0000:8000  Abs  FJSRQQ
 0000:1073       FTOL@
 0000:1073       F_FTOL@
 0000:1218       F_LDIV@
 0000:1227       F_LMOD@
 0000:121F       F_LUDIV@
 0000:122F       F_LUMOD@
 0000:12C6       F_LXLSH@
 0000:119C       F_LXMUL@
 0000:12E7       F_PADA@
 0000:136F       F_PADD@
 0000:132B       F_PSBA@
 0000:139E       F_PSUB@
 0000:11B3       F_SCOPY@
 0000:13D2       F_SPUSH@
 0000:1218       LDIV@
 0000:1227       LMOD@
 0000:121F       LUDIV@
 0000:122F       LUMOD@
 0000:12C6       LXLSH@
 0000:119C       LXMUL@
 0000:1215       N_LDIV@
 0000:1224       N_LMOD@
 0000:121C       N_LUDIV@
 0000:122C       N_LUMOD@
 0000:12C3       N_LXLSH@
 0000:15CE       N_LXMUL@
 0000:12E4       N_PADA@
 0000:136C       N_PADD@
 0000:15E5       N_PCMP@
 0000:1328       N_PSBA@
 0000:139B       N_PSUB@
 0000:13CC       N_SPUSH@
 0000:12E7       PADA@
 0000:136F       PADD@
 0000:132B       PSBA@
 0000:139E       PSUB@
 0000:11B3       SCOPY@
 0000:13D2       SPUSH@
 0D7C:1CBB       XMMentry
 0D7C:1CBF       XMMinit
 0000:0249       _abort
 06AC:0674       _addColor
 097B:0AC2       _assign
 0000:109F       _atexit
 0000:2DFC       _atoi
 0000:2D87       _atol
 097B:1235       _audio
 0725:01F2       _bgi_closefont
 0725:022F       _bgi_deletefont
 0725:025C       _bgi_fontpath
 0725:0274       _bgi_getbasecharsize
 0725:02BD       _bgi_gettextsettings
 0725:02F3       _bgi_installuserfont
 0725:0363       _bgi_outtext
 0725:08DD       _bgi_outtextxy
 0725:0926       _bgi_registerbgifont
 0725:096F       _bgi_registerfarbgifont
 0725:09BB       _bgi_settextjustify
 0725:09E8       _bgi_settextstyle
 0725:0C3F       _bgi_setusercharsize
 0725:0D00       _bgi_textheight
 0725:0D40       _bgi_textwidth
 0000:23F4       _bioskey
 0D7C:2626       _blank_i
 0725:01CA       _blobcopy
 0D7C:1D00       _bound_maxx
 0D7C:1D04       _bound_maxy
 0D7C:1CFE       _bound_minx
 0D7C:1D02       _bound_miny
 0000:2419       _calloc
 0D7C:0094       _chainlength
 067F:0079       _checkResponse
 05CB:01F6       _CleanupMoviePackage
 06AC:03A8       _clearScreen
 0000:2E2A       _close
 0000:1023       _cos
 0D7C:0C1E       _cos_table
 0D7C:261E       _data
 0D7C:25D4       _daylight
 0725:11D3       _decodeCHRstroke
 0000:24D3       _delay
 097B:0B29       _distribute
 0000:42A5       _dostounix
 062E:012C       _downloadImage
 0D7C:0676       _do_bold
 0D7C:0678       _do_italics
 0D7C:0674       _do_underline
 0D7C:067C       _do_usebkcolor
 0D7C:067A       _do_uselinestyle
 04B8:0EAD       _drawartalph
 0725:1226       _drawCHRchar
 0725:1BC5       _drawGEMchar
 06AC:002F       _drawPicture
 0725:1702       _drawROMchar
 062E:0186       _drawText
 0D7C:2616       _eng_pixels
 0D7C:2598       _environ
 0000:2E70       _eof
 0D7C:007F       _errno
 068F:000F       _error
 0000:1161       _exit
 0000:04BC       _fabs
 0000:2AA9       _farcalloc
 0000:2674       _farfree
 0000:2788       _farmalloc
 0000:28EC       _farrealloc
 0000:2EE7       _fclose
 0000:2F92       _fflush
 0000:3731       _fgetc
 0000:381F       _fgetchar
 0000:305F       _fgets
 06AC:06AB       _findColor
 0000:30FB       _flushall
 06A1:0005       _FlushKeyBuf
 0D7C:11FC       _font_data
 0D7C:1586       _font_list
 0D7C:05E4       _font_path
 0D7C:11C6       _font_scale
 0000:3312       _fopen
 0000:3347       _fprintf
 0000:3BA8       _fputc
 0000:3D3B       _fputchar
 0000:3457       _fread
 0000:2674       _free
 067F:0055       _freeResponse
 0000:34E5       _fscanf
 0000:358B       _fseek
 0000:360B       _ftell
 097B:0BD6       _gaussdev
 097B:0F80       _gen_init
 0D7C:261A       _geo_pixels
 0959:003A       _getbkcolor
 0959:0030       _getcolor
 0000:11CF       _getdate
 0000:382B       _getenv
 06A1:0041       _GetKey
 0959:0008       _getlinesettings
 0000:389B       _gets
 06A1:008A       _GetStick
 0000:11E2       _gettime
 0000:11F5       _getvect
 0959:001C       _getx
 0959:0026       _gety
 04B8:0B62       _globalstartup
 062E:000A       _goImages
 04B8:0F9F       _hline
 05CB:0220       _initMovie
 067F:0008       _initResponse
 0694:005E       _InitTimer
 0694:0036       _InstallTimer
 0D7C:262A       _instruct_i
 0D7C:2632       _instruct_m
 0000:2B39       _int86
 0000:2B6A       _int86x
 0000:2C03       _intr
 0000:2CA7       _ioctl
 0000:143E       _isatty
 06A1:0051       _KeyPress
 06A1:0023       _KeyWaiting
 062E:0089       _killImages
 0959:0012       _line
 0959:0017       _lineto
 0725:0EA3       _loadCHRfont
 0725:1916       _loadGEMfont
 062E:01CE       _loadImage
 0725:13E5       _loadROMfont
 0000:0EFE       _log
 0000:14F1       _lseek
 04B8:000D       _main
 06AC:06FC       _makePalette
 0000:277E       _malloc
 0000:0E42       _matherr
 0000:391F       _memcpy
 0000:3967       _memset
 0959:0043       _moveto
 0694:0002       _msISR
 062E:00BB       _newImage
 0000:2D80       _nosound
 0000:39B3       _open
 0725:00FF       _openfontfile
 0000:162A       _outp
 0000:1606       _outport
 0000:1612       _outportb
 0000:161E       _outpw
 0D7C:288A       _Palette
 06AC:066A       _paletteSize
 0D7C:2836       _picBuf
 0000:0E37       _pow10
 04B8:0BCC       _present
 0000:3B71       _printf
 097B:08F3       _putcheckerbox
 097B:05FE       _putcircle
 097B:0105       _putcircle5
 097B:09DC       _putcross
 04B8:10EB       _putenglet
 04B8:109E       _putgeolet
 097B:0A90       _puthline
 0959:00CD       _putpixel
 097B:07CE       _putrandombox
 097B:050F       _putrectangle
 097B:0297       _putslopeline
 097B:042A       _putsquare
 097B:0002       _putsquare3
 097B:01C8       _puttriangle
 097B:0059       _puttriangle3
 097B:0A5E       _putvline
 097B:0CA7       _ran2
 097B:0B91       _randint
 04B8:0FC7       _readP1PPM
 06AC:05C0       _readPalette
 0000:28E5       _realloc
 0959:005F       _resetbounds
 067F:00E6       _responseReady
 06AC:048B       _Retrace
 0725:000E       _rotatexy
 05CB:02A2       _runMovie
 062E:02A5       _saveImage
 0000:1D22       _segread
 0000:2CE0       _setblock
 0959:0054       _setcolor
 0000:1D42       _setdate
 0959:0073       _SetGubs
 0959:000D       _setlinestyle
 0000:3943       _setmem
 05CB:0264       _setMovie
 06AC:049B       _setPalette
 06AC:0007       _setPicSettings
 0000:1D57       _settime
 05CB:0008       _SetupMoviePackage
 0000:401F       _setvbuf
 0000:1204       _setvect
 06AC:036F       _setVideoMode
 0000:0EAE       _sin
 0D7C:067E       _sin_table
 0000:2D54       _sound
 0000:417A       _sprintf
 0000:0E6C       _sqrt
 0000:1E22       _stime
 0D7C:262E       _stim_m
 0000:41BD       _strcat
 0000:41FC       _strcmp
 0000:422C       _strcpy
 0000:4255       _strlen
 0000:4274       _strncpy
 0694:00AB       _SwitchTimer
 0D7C:2622       _targ_i
 0000:1EBA       _tell
 0D7C:11F2       _textinfo
 097B:1161       _thankyou
 0000:1E62       _time
 0D7C:283E       _Timer
 0D7C:25D0       _timezone
 0D7C:25C8       _tzname
 0000:45D3       _tzset
 0000:48A1       _ungetc
 0000:43CF       _unixtodos
 0000:1ED2       _unlink
 0725:11B8       _unloadCHRfont
 0725:1B9B       _unloadGEMfont
 0725:16D8       _unloadROMfont
 062E:0159       _uploadImage
 0D7C:11BE       _userxscale
 0D7C:11C2       _useryscale
 04B8:0F77       _vline
 0000:490C       _vprintf
 0000:419C       _vsprintf
 0694:0085       _Wait
 06AC:0525       _writePalette
 097B:06DF       _writeppm
 0909:00B9       _XMMallcoreleft
 0909:0101       _XMMalloc
 0909:0073       _XMMcoreleft
 0909:01BA       _XMMfree
 0909:003F       _XMMgetversion
 0909:0002       _XMMlibinit
 0909:015C       _XMMrealloc
 0D7C:1CA9       _xmsif_vers_date
 0D7C:1CB2       _xmsif_vers_time
 0D7C:1C87       _xmsif_vers_vers
 0D7C:1F50       __8087
 0000:1000  Abs  __AHINCR
 0000:000C  Abs  __AHSHIFT
 0D7C:2140       __atexitcnt
 0D7C:2C1E       __atexittbl
 0000:29DC       __brk
 0D7C:008B       __brklvl
 0D7C:006B       __C0argc
 0D7C:006D       __C0argv
 0D7C:0071       __C0environ
 0000:1182       __cexit
 0000:0167       __checknull
 0000:2E0D       __chmod
 0000:0154       __cleanup
 0000:2E52       __close
 0D7C:2142       __ctype
 0000:0000  Abs  __cvtfak
 0000:1190       __c_exit
 0D7C:1F64       __default87
 0D7C:2410       __doserrno
 0000:142C       __DOSERROR
 0D7C:2412       __dosErrorToSV
 0000:10CC       __dos_getfileattr
 0000:10EC       __dos_setfileattr
 1048:0000       __emu
 0D7C:0075       __envLng
 0D7C:0077       __envseg
 0D7C:0079       __envSize
 0000:1170       __exit
 0D7C:2244       __exitbuf
 0D7C:2248       __exitfopen
 0D7C:224C       __exitopen
 0000:3719       __fgetc
 0000:8087  Abs  __floatconvert
 0000:4B26       __fmemcpy
 0000:4B6E       __fmemset
 0D7C:240A       __fmode
 0000:0CBF       __fperror
 0D7C:240E       __fpstklen
 0000:04B8       __fpuint
 0000:3B8C       __fputc
 0000:3D4F       __FPUTN
 0000:4B4A       __fsetmem
 0000:32C8       __GETFP
 0D7C:0087       __heapbase
 0D7C:008F       __heaptop
 0D7C:1F6A       __huge_dble
 0D7C:1F66       __huge_flt
 0D7C:1F72       __huge_ldble
 0D7C:1F7C       __indefinite
 0D7C:005B       __Int0Vector
 0D7C:005F       __Int4Vector
 0D7C:0063       __Int5Vector
 0D7C:0067       __Int6Vector
 0000:13F3       __IOERROR
 0000:47BF       __ISDST
 0D7C:1F61       __LDT
 0000:04CB       __LDTRUNC
 0000:144F       __LONGTOA
 0000:0F7A       __matherr
 0D7C:1F8A       __mathwhy
 0000:151A       __MKNAME
 0000:0262       __MMODEL
 0D7C:25AE       __monthDay
 0000:372E       __Nfgetc
 0D7C:23E0       __nfile
 0D7C:240C       __notUmask
 0000:489E       __Nungetc
 0000:3B22       __open
 0D7C:23E2       __openfd
 0000:31F9       __OPENFP
 0D7C:007D       __osmajor
 0D7C:007E       __osminor
 0D7C:007D       __osversion
 0000:0D6E       __POW10
 0D7C:1F60       __protected
 0D7C:007B       __psp
 0000:1638       __read
 0000:2CD0       __REALCVT
 0D7C:25E2       __RealCvtVector
 0000:01BD       __restorezero
 0000:2A1B       __sbrk
 0000:1667       __scanner
 0000:2CDC       __scanpop
 0000:2CD8       __scanrslt
 0000:2CD4       __scantod
 0D7C:25E6       __ScanTodVector
 0000:1B80       __scantol
 0000:0000  Abs  __setenvp__
 0000:1D6C       __setupio
 0D7C:0081       __StartTime
 0D7C:24F6       __stklen
 0000:23C0       __stpcpy
 0D7C:2250       __streams
 0000:0168       __terminate
 0D7C:1F80       __tiny_ldble
 0000:1577       __TMPNAM
 0000:0000  Abs  __turboCvt
 0000:8087  Abs  __turboFloat
 0000:14D1       __UTOA
 0D7C:007D       __version
 0000:1F02       __VPRINTER
 0000:4A75       __write
 0000:0AB7       __XCVT
 0000:4AB1       __xfclose
 0000:4AEE       __xfflush
 0909:01EF       __XMMcopy
 0D7C:1C84       __XMMerror
 0909:0397       __XMMicopy
 0D7C:1C85       __XMMversion
 0D7C:0085       ___brklvl
 0000:2534       ___first
 0000:03D1       ___fpreset
 0000:2536       ___last
 0000:3F4E       ___read
 0000:2538       ___rover
 0D7C:2CAC       ___SignalPtr
 0000:4926       ___write

  Address         Publics by Value

 0000:0000  Abs  __turboCvt
 0000:0000  Abs  __cvtfak
 0000:0000  Abs  __setenvp__
 0000:000C  Abs  __AHSHIFT
 0000:0632  Abs  FISRQQ
 0000:0E32  Abs  FICRQQ
 0000:1000  Abs  __AHINCR
 0000:1632  Abs  FIERQQ
 0000:4000  Abs  FJARQQ
 0000:5C32  Abs  FIDRQQ
 0000:8000  Abs  FJSRQQ
 0000:8087  Abs  __turboFloat
 0000:8087  Abs  __floatconvert
 0000:A23D  Abs  FIWRQQ
 0000:C000  Abs  FJCRQQ
 0000:FE32  Abs  FIARQQ
 0000:0154       __cleanup
 0000:0167       __checknull
 0000:0168       __terminate
 0000:01BD       __restorezero
 0000:0249       _abort
 0000:0260       DGROUP@
 0000:0262       __MMODEL
 0000:03D1       ___fpreset
 0000:04B8       __fpuint
 0000:04BC       _fabs
 0000:04CB       __LDTRUNC
 0000:0AB7       __XCVT
 0000:0CBF       __fperror
 0000:0D6E       __POW10
 0000:0E37       _pow10
 0000:0E42       _matherr
 0000:0E6C       _sqrt
 0000:0EAE       _sin
 0000:0EFE       _log
 0000:0F7A       __matherr
 0000:1023       _cos
 0000:1073       F_FTOL@
 0000:1073       FTOL@
 0000:109F       _atexit
 0000:10CC       __dos_getfileattr
 0000:10EC       __dos_setfileattr
 0000:1161       _exit
 0000:1170       __exit
 0000:1182       __cexit
 0000:1190       __c_exit
 0000:119C       F_LXMUL@
 0000:119C       LXMUL@
 0000:11B3       F_SCOPY@
 0000:11B3       SCOPY@
 0000:11CF       _getdate
 0000:11E2       _gettime
 0000:11F5       _getvect
 0000:1204       _setvect
 0000:1215       N_LDIV@
 0000:1218       F_LDIV@
 0000:1218       LDIV@
 0000:121C       N_LUDIV@
 0000:121F       F_LUDIV@
 0000:121F       LUDIV@
 0000:1224       N_LMOD@
 0000:1227       F_LMOD@
 0000:1227       LMOD@
 0000:122C       N_LUMOD@
 0000:122F       LUMOD@
 0000:122F       F_LUMOD@
 0000:12C3       N_LXLSH@
 0000:12C6       LXLSH@
 0000:12C6       F_LXLSH@
 0000:12E4       N_PADA@
 0000:12E7       F_PADA@
 0000:12E7       PADA@
 0000:1328       N_PSBA@
 0000:132B       PSBA@
 0000:132B       F_PSBA@
 0000:136C       N_PADD@
 0000:136F       F_PADD@
 0000:136F       PADD@
 0000:139B       N_PSUB@
 0000:139E       F_PSUB@
 0000:139E       PSUB@
 0000:13CC       N_SPUSH@
 0000:13D2       F_SPUSH@
 0000:13D2       SPUSH@
 0000:13F3       __IOERROR
 0000:142C       __DOSERROR
 0000:143E       _isatty
 0000:144F       __LONGTOA
 0000:14D1       __UTOA
 0000:14F1       _lseek
 0000:151A       __MKNAME
 0000:1577       __TMPNAM
 0000:15CE       N_LXMUL@
 0000:15E5       N_PCMP@
 0000:1606       _outport
 0000:1612       _outportb
 0000:161E       _outpw
 0000:162A       _outp
 0000:1638       __read
 0000:1667       __scanner
 0000:1B80       __scantol
 0000:1D22       _segread
 0000:1D42       _setdate
 0000:1D57       _settime
 0000:1D6C       __setupio
 0000:1E22       _stime
 0000:1E62       _time
 0000:1EBA       _tell
 0000:1ED2       _unlink
 0000:1F02       __VPRINTER
 0000:23C0       __stpcpy
 0000:23F4       _bioskey
 0000:2419       _calloc
 0000:24D3       _delay
 0000:2534       ___first
 0000:2536       ___last
 0000:2538       ___rover
 0000:2674       _farfree
 0000:2674       _free
 0000:277E       _malloc
 0000:2788       _farmalloc
 0000:28E5       _realloc
 0000:28EC       _farrealloc
 0000:29DC       __brk
 0000:2A1B       __sbrk
 0000:2AA9       _farcalloc
 0000:2B39       _int86
 0000:2B6A       _int86x
 0000:2C03       _intr
 0000:2CA7       _ioctl
 0000:2CD0       __REALCVT
 0000:2CD4       __scantod
 0000:2CD8       __scanrslt
 0000:2CDC       __scanpop
 0000:2CE0       _setblock
 0000:2D54       _sound
 0000:2D80       _nosound
 0000:2D87       _atol
 0000:2DFC       _atoi
 0000:2E0D       __chmod
 0000:2E2A       _close
 0000:2E52       __close
 0000:2E70       _eof
 0000:2EE7       _fclose
 0000:2F92       _fflush
 0000:305F       _fgets
 0000:30FB       _flushall
 0000:31F9       __OPENFP
 0000:32C8       __GETFP
 0000:3312       _fopen
 0000:3347       _fprintf
 0000:3457       _fread
 0000:34E5       _fscanf
 0000:358B       _fseek
 0000:360B       _ftell
 0000:3719       __fgetc
 0000:372E       __Nfgetc
 0000:3731       _fgetc
 0000:381F       _fgetchar
 0000:382B       _getenv
 0000:389B       _gets
 0000:391F       _memcpy
 0000:3943       _setmem
 0000:3967       _memset
 0000:39B3       _open
 0000:3B22       __open
 0000:3B71       _printf
 0000:3B8C       __fputc
 0000:3BA8       _fputc
 0000:3D3B       _fputchar
 0000:3D4F       __FPUTN
 0000:3F4E       ___read
 0000:401F       _setvbuf
 0000:417A       _sprintf
 0000:419C       _vsprintf
 0000:41BD       _strcat
 0000:41FC       _strcmp
 0000:422C       _strcpy
 0000:4255       _strlen
 0000:4274       _strncpy
 0000:42A5       _dostounix
 0000:43CF       _unixtodos
 0000:45D3       _tzset
 0000:47BF       __ISDST
 0000:489E       __Nungetc
 0000:48A1       _ungetc
 0000:490C       _vprintf
 0000:4926       ___write
 0000:4A75       __write
 0000:4AB1       __xfclose
 0000:4AEE       __xfflush
 0000:4B26       __fmemcpy
 0000:4B4A       __fsetmem
 0000:4B6E       __fmemset
 04B8:000D       _main
 04B8:0B62       _globalstartup
 04B8:0BCC       _present
 04B8:0EAD       _drawartalph
 04B8:0F77       _vline
 04B8:0F9F       _hline
 04B8:0FC7       _readP1PPM
 04B8:109E       _putgeolet
 04B8:10EB       _putenglet
 05CB:0008       _SetupMoviePackage
 05CB:01F6       _CleanupMoviePackage
 05CB:0220       _initMovie
 05CB:0264       _setMovie
 05CB:02A2       _runMovie
 062E:000A       _goImages
 062E:0089       _killImages
 062E:00BB       _newImage
 062E:012C       _downloadImage
 062E:0159       _uploadImage
 062E:0186       _drawText
 062E:01CE       _loadImage
 062E:02A5       _saveImage
 067F:0008       _initResponse
 067F:0055       _freeResponse
 067F:0079       _checkResponse
 067F:00E6       _responseReady
 068F:000F       _error
 0694:0002       _msISR
 0694:0036       _InstallTimer
 0694:005E       _InitTimer
 0694:0085       _Wait
 0694:00AB       _SwitchTimer
 06A1:0005       _FlushKeyBuf
 06A1:0023       _KeyWaiting
 06A1:0041       _GetKey
 06A1:0051       _KeyPress
 06A1:008A       _GetStick
 06AC:0007       _setPicSettings
 06AC:002F       _drawPicture
 06AC:036F       _setVideoMode
 06AC:03A8       _clearScreen
 06AC:048B       _Retrace
 06AC:049B       _setPalette
 06AC:0525       _writePalette
 06AC:05C0       _readPalette
 06AC:066A       _paletteSize
 06AC:0674       _addColor
 06AC:06AB       _findColor
 06AC:06FC       _makePalette
 0725:000E       _rotatexy
 0725:00FF       _openfontfile
 0725:01CA       _blobcopy
 0725:01F2       _bgi_closefont
 0725:022F       _bgi_deletefont
 0725:025C       _bgi_fontpath
 0725:0274       _bgi_getbasecharsize
 0725:02BD       _bgi_gettextsettings
 0725:02F3       _bgi_installuserfont
 0725:0363       _bgi_outtext
 0725:08DD       _bgi_outtextxy
 0725:0926       _bgi_registerbgifont
 0725:096F       _bgi_registerfarbgifont
 0725:09BB       _bgi_settextjustify
 0725:09E8       _bgi_settextstyle
 0725:0C3F       _bgi_setusercharsize
 0725:0D00       _bgi_textheight
 0725:0D40       _bgi_textwidth
 0725:0EA3       _loadCHRfont
 0725:11B8       _unloadCHRfont
 0725:11D3       _decodeCHRstroke
 0725:1226       _drawCHRchar
 0725:13E5       _loadROMfont
 0725:16D8       _unloadROMfont
 0725:1702       _drawROMchar
 0725:1916       _loadGEMfont
 0725:1B9B       _unloadGEMfont
 0725:1BC5       _drawGEMchar
 0909:0002       _XMMlibinit
 0909:003F       _XMMgetversion
 0909:0073       _XMMcoreleft
 0909:00B9       _XMMallcoreleft
 0909:0101       _XMMalloc
 0909:015C       _XMMrealloc
 0909:01BA       _XMMfree
 0909:01EF       __XMMcopy
 0909:0397       __XMMicopy
 0959:0008       _getlinesettings
 0959:000D       _setlinestyle
 0959:0012       _line
 0959:0017       _lineto
 0959:001C       _getx
 0959:0026       _gety
 0959:0030       _getcolor
 0959:003A       _getbkcolor
 0959:0043       _moveto
 0959:0054       _setcolor
 0959:005F       _resetbounds
 0959:0073       _SetGubs
 0959:00CD       _putpixel
 097B:0002       _putsquare3
 097B:0059       _puttriangle3
 097B:0105       _putcircle5
 097B:01C8       _puttriangle
 097B:0297       _putslopeline
 097B:042A       _putsquare
 097B:050F       _putrectangle
 097B:05FE       _putcircle
 097B:06DF       _writeppm
 097B:07CE       _putrandombox
 097B:08F3       _putcheckerbox
 097B:09DC       _putcross
 097B:0A5E       _putvline
 097B:0A90       _puthline
 097B:0AC2       _assign
 097B:0B29       _distribute
 097B:0B91       _randint
 097B:0BD6       _gaussdev
 097B:0CA7       _ran2
 097B:0F80       _gen_init
 097B:1161       _thankyou
 097B:1235       _audio
 0AA7:2152       e086_Entry
 0AA7:26E0       e086_Shortcut
 0D1F:0306       e087_Entry
 0D1F:03C6       e087_Shortcut
 0D1F:0430       e087_Trap
 0D7C:0000       DATASEG@
 0D7C:005B       __Int0Vector
 0D7C:005F       __Int4Vector
 0D7C:0063       __Int5Vector
 0D7C:0067       __Int6Vector
 0D7C:006B       __C0argc
 0D7C:006D       __C0argv
 0D7C:0071       __C0environ
 0D7C:0075       __envLng
 0D7C:0077       __envseg
 0D7C:0079       __envSize
 0D7C:007B       __psp
 0D7C:007D       __osversion
 0D7C:007D       __osmajor
 0D7C:007D       __version
 0D7C:007E       __osminor
 0D7C:007F       _errno
 0D7C:0081       __StartTime
 0D7C:0085       ___brklvl
 0D7C:0087       __heapbase
 0D7C:008B       __brklvl
 0D7C:008F       __heaptop
 0D7C:0094       _chainlength
 0D7C:05E4       _font_path
 0D7C:0674       _do_underline
 0D7C:0676       _do_bold
 0D7C:0678       _do_italics
 0D7C:067A       _do_uselinestyle
 0D7C:067C       _do_usebkcolor
 0D7C:067E       _sin_table
 0D7C:0C1E       _cos_table
 0D7C:11BE       _userxscale
 0D7C:11C2       _useryscale
 0D7C:11C6       _font_scale
 0D7C:11F2       _textinfo
 0D7C:11FC       _font_data
 0D7C:1586       _font_list
 0D7C:1C84       __XMMerror
 0D7C:1C85       __XMMversion
 0D7C:1C87       _xmsif_vers_vers
 0D7C:1CA9       _xmsif_vers_date
 0D7C:1CB2       _xmsif_vers_time
 0D7C:1CBB       XMMentry
 0D7C:1CBF       XMMinit
 0D7C:1CFE       _bound_minx
 0D7C:1D00       _bound_maxx
 0D7C:1D02       _bound_miny
 0D7C:1D04       _bound_maxy
 0D7C:1F50       __8087
 0D7C:1F60       __protected
 0D7C:1F61       __LDT
 0D7C:1F64       __default87
 0D7C:1F66       __huge_flt
 0D7C:1F6A       __huge_dble
 0D7C:1F72       __huge_ldble
 0D7C:1F7C       __indefinite
 0D7C:1F80       __tiny_ldble
 0D7C:1F8A       __mathwhy
 0D7C:2140       __atexitcnt
 0D7C:2142       __ctype
 0D7C:2244       __exitbuf
 0D7C:2248       __exitfopen
 0D7C:224C       __exitopen
 0D7C:2250       __streams
 0D7C:23E0       __nfile
 0D7C:23E2       __openfd
 0D7C:240A       __fmode
 0D7C:240C       __notUmask
 0D7C:240E       __fpstklen
 0D7C:2410       __doserrno
 0D7C:2412       __dosErrorToSV
 0D7C:24F6       __stklen
 0D7C:2598       _environ
 0D7C:25AE       __monthDay
 0D7C:25C8       _tzname
 0D7C:25D0       _timezone
 0D7C:25D4       _daylight
 0D7C:25E2       __RealCvtVector
 0D7C:25E6       __ScanTodVector
 0D7C:2616       _eng_pixels
 0D7C:261A       _geo_pixels
 0D7C:261E       _data
 0D7C:2622       _targ_i
 0D7C:2626       _blank_i
 0D7C:262A       _instruct_i
 0D7C:262E       _stim_m
 0D7C:2632       _instruct_m
 0D7C:2836       _picBuf
 0D7C:283E       _Timer
 0D7C:288A       _Palette
 0D7C:2C1E       __atexittbl
 0D7C:2CAC       ___SignalPtr
 1048:0000       __emu

Program entry point at 0000:0000

