
 Start  Stop   Length Name               Class

 00000H 04B8CH 04B8DH _TEXT              CODE
 04B8DH 0548EH 00902H C3R_TEXT           CODE
 0548FH 05AC0H 00632H MOVIEOBJ_TEXT      CODE
 05AC1H 05FCEH 0050EH IMAGE_TEXT         CODE
 05FCFH 060D5H 00107H RESPONSE_TEXT      CODE
 060D6H 06118H 00043H ERROR_TEXT         CODE
 06119H 061EBH 000D3H TIMER_TEXT         CODE
 061ECH 0629DH 000B2H INPUT_TEXT         CODE
 0629EH 06A34H 00797H VIDEO_TEXT         CODE
 06A35H 08867H 01E33H BGIFNT_TEXT        CODE
 08868H 08D6DH 00506H xmsif1_TEXT        CODE
 08D6EH 08F87H 0021AH GUBS_TEXT          CODE
 08F88H 0A239H 012B2H EXPTLIB_TEXT       CODE
 0A240H 0C9B6H 02777H EMU_PROG           CODE
 0C9C0H 0CF87H 005C8H E87_PROG           CODE
 0CF90H 0CF90H 00000H _FARDATA           FAR_DATA
 0CF90H 0CF90H 00000H _FARBSS            FAR_BSS
 0CF90H 0CF90H 00000H _OVERLAY_          OVRINFO
 0CF90H 0CF90H 00000H _1STUB_            STUBSEG
 0CF90H 0F321H 02392H _DATA              DATA
 0F322H 0F325H 00004H _CVTSEG            DATA
 0F326H 0F331H 0000CH _SCNSEG            DATA
 0F332H 0F332H 00000H _CONST             CONST
 0F332H 0F34FH 0001EH _INIT_             INITDATA
 0F350H 0F350H 00000H _INITEND_          INITDATA
 0F350H 0F355H 00006H _EXIT_             EXITDATA
 0F356H 0F356H 00000H _EXITEND_          EXITDATA
 0F356H 0F9DBH 00686H _BSS               BSS
 0F9DCH 0F9DCH 00000H _BSSEND            BSSEND
 0F9E0H 0FAEFH 00110H _STACK             STACK

  Address         Publics by Name

 0CF9:0000       DATASEG@
 0000:0260       DGROUP@
 0A24:2152       e086_Entry
 0A24:26E0       e086_Shortcut
 0C9C:0306       e087_Entry
 0C9C:03C6       e087_Shortcut
 0C9C:0430       e087_Trap
 0000:FE32  Abs  FIARQQ
 0000:0E32  Abs  FICRQQ
 0000:5C32  Abs  FIDRQQ
 0000:1632  Abs  FIERQQ
 0000:0632  Abs  FISRQQ
 0000:A23D  Abs  FIWRQQ
 0000:4000  Abs  FJARQQ
 0000:C000  Abs  FJCRQQ
 0000:8000  Abs  FJSRQQ
 0000:1073       FTOL@
 0000:1073       F_FTOL@
 0000:1218       F_LDIV@
 0000:1227       F_LMOD@
 0000:121F       F_LUDIV@
 0000:122F       F_LUMOD@
 0000:12C6       F_LXLSH@
 0000:119C       F_LXMUL@
 0000:12E7       F_PADA@
 0000:136F       F_PADD@
 0000:132B       F_PSBA@
 0000:139E       F_PSUB@
 0000:11B3       F_SCOPY@
 0000:13D2       F_SPUSH@
 0000:1218       LDIV@
 0000:1227       LMOD@
 0000:121F       LUDIV@
 0000:122F       LUMOD@
 0000:12C6       LXLSH@
 0000:119C       LXMUL@
 0000:1215       N_LDIV@
 0000:1224       N_LMOD@
 0000:121C       N_LUDIV@
 0000:122C       N_LUMOD@
 0000:12C3       N_LXLSH@
 0000:15CE       N_LXMUL@
 0000:12E4       N_PADA@
 0000:136C       N_PADD@
 0000:15E5       N_PCMP@
 0000:1328       N_PSBA@
 0000:139B       N_PSUB@
 0000:13CC       N_SPUSH@
 0000:12E7       PADA@
 0000:136F       PADD@
 0000:132B       PSBA@
 0000:139E       PSUB@
 0000:11B3       SCOPY@
 0000:13D2       SPUSH@
 0CF9:1A6B       XMMentry
 0CF9:1A6F       XMMinit
 0000:0249       _abort
 0629:067B       _addColor
 08F8:0AC8       _assign
 0000:109F       _atexit
 0000:2DFC       _atoi
 0000:2D87       _atol
 08F8:123B       _audio
 06A3:01E9       _bgi_closefont
 06A3:0226       _bgi_deletefont
 06A3:0253       _bgi_fontpath
 06A3:026B       _bgi_getbasecharsize
 06A3:02B4       _bgi_gettextsettings
 06A3:02EA       _bgi_installuserfont
 06A3:035A       _bgi_outtext
 06A3:08D4       _bgi_outtextxy
 06A3:091D       _bgi_registerbgifont
 06A3:0966       _bgi_registerfarbgifont
 06A3:09B2       _bgi_settextjustify
 06A3:09DF       _bgi_settextstyle
 06A3:0C36       _bgi_setusercharsize
 06A3:0CF7       _bgi_textheight
 06A3:0D37       _bgi_textwidth
 0000:23F4       _bioskey
 06A3:01C1       _blobcopy
 0CF9:00D0       _blockorder
 0CF9:1AB0       _bound_maxx
 0CF9:1AB4       _bound_maxy
 0CF9:1AAE       _bound_minx
 0CF9:1AB2       _bound_miny
 0000:2419       _calloc
 05FC:0080       _checkResponse
 0548:01FD       _CleanupMoviePackage
 0629:03AF       _clearScreen
 0000:2E2A       _close
 0000:1023       _cos
 0CF9:09CE       _cos_table
 0CF9:2384       _daylight
 06A3:11CA       _decodeCHRstroke
 0000:24D3       _delay
 08F8:0B2F       _distribute
 0000:42A5       _dostounix
 05AC:0123       _downloadImage
 0CF9:0426       _do_bold
 0CF9:0428       _do_italics
 0CF9:0424       _do_underline
 0CF9:042C       _do_usebkcolor
 0CF9:042A       _do_uselinestyle
 06A3:121D       _drawCHRchar
 06A3:1BBC       _drawGEMchar
 0629:0036       _drawPicture
 06A3:16F9       _drawROMchar
 05AC:017D       _drawText
 0CF9:2348       _environ
 0000:2E70       _eof
 0CF9:007F       _errno
 060D:0006       _error
 0000:1161       _exit
 0000:04BC       _fabs
 0000:2AA9       _farcalloc
 0000:2674       _farfree
 0000:2788       _farmalloc
 0000:28EC       _farrealloc
 0000:2EE7       _fclose
 0000:2F92       _fflush
 0000:3731       _fgetc
 0000:381F       _fgetchar
 0000:305F       _fgets
 0629:06B2       _findColor
 0000:30FB       _flushall
 061E:000C       _FlushKeyBuf
 0CF9:0FAC       _font_data
 0CF9:1336       _font_list
 0CF9:0394       _font_path
 0CF9:0F76       _font_scale
 0000:3312       _fopen
 0000:3347       _fprintf
 0000:3BA8       _fputc
 0000:3D3B       _fputchar
 0000:3457       _fread
 0000:2674       _free
 05FC:005C       _freeResponse
 0CF9:00E8       _freq
 0000:34E5       _fscanf
 0000:358B       _fseek
 0000:360B       _ftell
 08F8:0BDC       _gaussdev
 08F8:0F86       _gen_init
 08D6:0040       _getbkcolor
 08D6:0036       _getcolor
 0000:11CF       _getdate
 0000:382B       _getenv
 061E:0048       _GetKey
 08D6:000E       _getlinesettings
 0000:389B       _gets
 061E:0091       _GetStick
 0000:11E2       _gettime
 0000:11F5       _getvect
 08D6:0022       _getx
 08D6:002C       _gety
 05AC:0001       _goImages
 04B8:0708       _hline
 0548:0227       _initMovie
 05FC:000F       _initResponse
 0611:0065       _InitTimer
 0611:003D       _InstallTimer
 0000:2B39       _int86
 0000:2B6A       _int86x
 0000:2C03       _intr
 0000:2CA7       _ioctl
 0000:143E       _isatty
 061E:0058       _KeyPress
 061E:002A       _KeyWaiting
 05AC:0080       _killImages
 0CF9:0094       _length
 08D6:0018       _line
 08D6:001D       _lineto
 06A3:0E9A       _loadCHRfont
 06A3:190D       _loadGEMfont
 05AC:01C5       _loadImage
 06A3:13DC       _loadROMfont
 0000:0EFE       _log
 0000:14F1       _lseek
 04B8:000D       _main
 0629:0703       _makePalette
 0000:277E       _malloc
 0CF9:00AA       _map
 0000:0E42       _matherr
 0000:391F       _memcpy
 0000:3967       _memset
 08D6:0049       _moveto
 0611:0009       _msISR
 05AC:00B2       _newImage
 0000:2D80       _nosound
 0000:39B3       _open
 06A3:00F6       _openfontfile
 0000:162A       _outp
 0000:1606       _outport
 0000:1612       _outportb
 0000:161E       _outpw
 0CF9:261A       _Palette
 0629:0671       _paletteSize
 0CF9:25C6       _picBuf
 0000:0E37       _pow10
 0000:3B71       _printf
 08F8:08F9       _putcheckerbox
 08F8:0604       _putcircle
 08F8:010B       _putcircle5
 08F8:09E2       _putcross
 08F8:0A96       _puthline
 08D6:00D3       _putpixel
 08F8:07D4       _putrandombox
 08F8:0515       _putrectangle
 08F8:029D       _putslopeline
 08F8:0430       _putsquare
 08F8:0008       _putsquare3
 08F8:01CE       _puttriangle
 08F8:005F       _puttriangle3
 08F8:0A64       _putvline
 08F8:0CAD       _ran2
 08F8:0B97       _randint
 0629:05C7       _readPalette
 0000:28E5       _realloc
 08D6:0065       _resetbounds
 05FC:00ED       _responseReady
 0629:0492       _Retrace
 06A3:0005       _rotatexy
 0548:02A9       _runMovie
 05AC:029C       _saveImage
 0000:1D22       _segread
 0000:2CE0       _setblock
 08D6:005A       _setcolor
 0000:1D42       _setdate
 08D6:0079       _SetGubs
 08D6:0013       _setlinestyle
 0000:3943       _setmem
 0548:026B       _setMovie
 0629:04A2       _setPalette
 0629:000E       _setPicSettings
 04B8:0784       _setstim
 0000:1D57       _settime
 0548:000F       _SetupMoviePackage
 0000:401F       _setvbuf
 0000:1204       _setvect
 0629:0376       _setVideoMode
 0000:0EAE       _sin
 0CF9:042E       _sin_table
 0000:2D54       _sound
 0000:417A       _sprintf
 0000:0E6C       _sqrt
 0000:1E22       _stime
 0000:41BD       _strcat
 0000:41FC       _strcmp
 0000:422C       _strcpy
 0000:4255       _strlen
 0000:4274       _strncpy
 0611:00B2       _SwitchTimer
 0000:1EBA       _tell
 0CF9:0FA2       _textinfo
 08F8:1167       _thankyou
 0000:1E62       _time
 0CF9:25CE       _Timer
 0CF9:2380       _timezone
 0CF9:00B8       _trialsperblock
 0CF9:2378       _tzname
 0000:45D3       _tzset
 0000:48A1       _ungetc
 0000:43CF       _unixtodos
 0000:1ED2       _unlink
 06A3:11AF       _unloadCHRfont
 06A3:1B92       _unloadGEMfont
 06A3:16CF       _unloadROMfont
 05AC:0150       _uploadImage
 0CF9:0F6E       _userxscale
 0CF9:0F72       _useryscale
 04B8:06BF       _vhline
 0000:490C       _vprintf
 0000:419C       _vsprintf
 0611:008C       _Wait
 0629:052C       _writePalette
 08F8:06E5       _writeppm
 0886:00BF       _XMMallcoreleft
 0886:0107       _XMMalloc
 0886:0079       _XMMcoreleft
 0886:01C0       _XMMfree
 0886:0045       _XMMgetversion
 0886:0008       _XMMlibinit
 0886:0162       _XMMrealloc
 0CF9:1A59       _xmsif_vers_date
 0CF9:1A62       _xmsif_vers_time
 0CF9:1A37       _xmsif_vers_vers
 0CF9:1D00       __8087
 0000:1000  Abs  __AHINCR
 0000:000C  Abs  __AHSHIFT
 0CF9:1EF0       __atexitcnt
 0CF9:29AE       __atexittbl
 0000:29DC       __brk
 0CF9:008B       __brklvl
 0CF9:006B       __C0argc
 0CF9:006D       __C0argv
 0CF9:0071       __C0environ
 0000:1182       __cexit
 0000:0167       __checknull
 0000:2E0D       __chmod
 0000:0154       __cleanup
 0000:2E52       __close
 0CF9:1EF2       __ctype
 0000:0000  Abs  __cvtfak
 0000:1190       __c_exit
 0CF9:1D14       __default87
 0CF9:21C0       __doserrno
 0000:142C       __DOSERROR
 0CF9:21C2       __dosErrorToSV
 0000:10CC       __dos_getfileattr
 0000:10EC       __dos_setfileattr
 0F9E:0000       __emu
 0CF9:0075       __envLng
 0CF9:0077       __envseg
 0CF9:0079       __envSize
 0000:1170       __exit
 0CF9:1FF4       __exitbuf
 0CF9:1FF8       __exitfopen
 0CF9:1FFC       __exitopen
 0000:3719       __fgetc
 0000:8087  Abs  __floatconvert
 0000:4B26       __fmemcpy
 0000:4B6E       __fmemset
 0CF9:21BA       __fmode
 0000:0CBF       __fperror
 0CF9:21BE       __fpstklen
 0000:04B8       __fpuint
 0000:3B8C       __fputc
 0000:3D4F       __FPUTN
 0000:4B4A       __fsetmem
 0000:32C8       __GETFP
 0CF9:0087       __heapbase
 0CF9:008F       __heaptop
 0CF9:1D1A       __huge_dble
 0CF9:1D16       __huge_flt
 0CF9:1D22       __huge_ldble
 0CF9:1D2C       __indefinite
 0CF9:005B       __Int0Vector
 0CF9:005F       __Int4Vector
 0CF9:0063       __Int5Vector
 0CF9:0067       __Int6Vector
 0000:13F3       __IOERROR
 0000:47BF       __ISDST
 0CF9:1D11       __LDT
 0000:04CB       __LDTRUNC
 0000:144F       __LONGTOA
 0000:0F7A       __matherr
 0CF9:1D3A       __mathwhy
 0000:151A       __MKNAME
 0000:0262       __MMODEL
 0CF9:235E       __monthDay
 0000:372E       __Nfgetc
 0CF9:2190       __nfile
 0CF9:21BC       __notUmask
 0000:489E       __Nungetc
 0000:3B22       __open
 0CF9:2192       __openfd
 0000:31F9       __OPENFP
 0CF9:007D       __osmajor
 0CF9:007E       __osminor
 0CF9:007D       __osversion
 0000:0D6E       __POW10
 0CF9:1D10       __protected
 0CF9:007B       __psp
 0000:1638       __read
 0000:2CD0       __REALCVT
 0CF9:2392       __RealCvtVector
 0000:01BD       __restorezero
 0000:2A1B       __sbrk
 0000:1667       __scanner
 0000:2CDC       __scanpop
 0000:2CD8       __scanrslt
 0000:2CD4       __scantod
 0CF9:2396       __ScanTodVector
 0000:1B80       __scantol
 0000:0000  Abs  __setenvp__
 0000:1D6C       __setupio
 0CF9:0081       __StartTime
 0CF9:22A6       __stklen
 0000:23C0       __stpcpy
 0CF9:2000       __streams
 0000:0168       __terminate
 0CF9:1D30       __tiny_ldble
 0000:1577       __TMPNAM
 0000:0000  Abs  __turboCvt
 0000:8087  Abs  __turboFloat
 0000:14D1       __UTOA
 0CF9:007D       __version
 0000:1F02       __VPRINTER
 0000:4A75       __write
 0000:0AB7       __XCVT
 0000:4AB1       __xfclose
 0000:4AEE       __xfflush
 0886:01F5       __XMMcopy
 0CF9:1A34       __XMMerror
 0886:039D       __XMMicopy
 0CF9:1A35       __XMMversion
 0CF9:0085       ___brklvl
 0000:2534       ___first
 0000:03D1       ___fpreset
 0000:2536       ___last
 0000:3F4E       ___read
 0000:2538       ___rover
 0CF9:2A3C       ___SignalPtr
 0000:4926       ___write

  Address         Publics by Value

 0000:0000  Abs  __turboCvt
 0000:0000  Abs  __cvtfak
 0000:0000  Abs  __setenvp__
 0000:000C  Abs  __AHSHIFT
 0000:0632  Abs  FISRQQ
 0000:0E32  Abs  FICRQQ
 0000:1000  Abs  __AHINCR
 0000:1632  Abs  FIERQQ
 0000:4000  Abs  FJARQQ
 0000:5C32  Abs  FIDRQQ
 0000:8000  Abs  FJSRQQ
 0000:8087  Abs  __turboFloat
 0000:8087  Abs  __floatconvert
 0000:A23D  Abs  FIWRQQ
 0000:C000  Abs  FJCRQQ
 0000:FE32  Abs  FIARQQ
 0000:0154       __cleanup
 0000:0167       __checknull
 0000:0168       __terminate
 0000:01BD       __restorezero
 0000:0249       _abort
 0000:0260       DGROUP@
 0000:0262       __MMODEL
 0000:03D1       ___fpreset
 0000:04B8       __fpuint
 0000:04BC       _fabs
 0000:04CB       __LDTRUNC
 0000:0AB7       __XCVT
 0000:0CBF       __fperror
 0000:0D6E       __POW10
 0000:0E37       _pow10
 0000:0E42       _matherr
 0000:0E6C       _sqrt
 0000:0EAE       _sin
 0000:0EFE       _log
 0000:0F7A       __matherr
 0000:1023       _cos
 0000:1073       F_FTOL@
 0000:1073       FTOL@
 0000:109F       _atexit
 0000:10CC       __dos_getfileattr
 0000:10EC       __dos_setfileattr
 0000:1161       _exit
 0000:1170       __exit
 0000:1182       __cexit
 0000:1190       __c_exit
 0000:119C       F_LXMUL@
 0000:119C       LXMUL@
 0000:11B3       F_SCOPY@
 0000:11B3       SCOPY@
 0000:11CF       _getdate
 0000:11E2       _gettime
 0000:11F5       _getvect
 0000:1204       _setvect
 0000:1215       N_LDIV@
 0000:1218       F_LDIV@
 0000:1218       LDIV@
 0000:121C       N_LUDIV@
 0000:121F       F_LUDIV@
 0000:121F       LUDIV@
 0000:1224       N_LMOD@
 0000:1227       F_LMOD@
 0000:1227       LMOD@
 0000:122C       N_LUMOD@
 0000:122F       LUMOD@
 0000:122F       F_LUMOD@
 0000:12C3       N_LXLSH@
 0000:12C6       LXLSH@
 0000:12C6       F_LXLSH@
 0000:12E4       N_PADA@
 0000:12E7       F_PADA@
 0000:12E7       PADA@
 0000:1328       N_PSBA@
 0000:132B       PSBA@
 0000:132B       F_PSBA@
 0000:136C       N_PADD@
 0000:136F       F_PADD@
 0000:136F       PADD@
 0000:139B       N_PSUB@
 0000:139E       F_PSUB@
 0000:139E       PSUB@
 0000:13CC       N_SPUSH@
 0000:13D2       F_SPUSH@
 0000:13D2       SPUSH@
 0000:13F3       __IOERROR
 0000:142C       __DOSERROR
 0000:143E       _isatty
 0000:144F       __LONGTOA
 0000:14D1       __UTOA
 0000:14F1       _lseek
 0000:151A       __MKNAME
 0000:1577       __TMPNAM
 0000:15CE       N_LXMUL@
 0000:15E5       N_PCMP@
 0000:1606       _outport
 0000:1612       _outportb
 0000:161E       _outpw
 0000:162A       _outp
 0000:1638       __read
 0000:1667       __scanner
 0000:1B80       __scantol
 0000:1D22       _segread
 0000:1D42       _setdate
 0000:1D57       _settime
 0000:1D6C       __setupio
 0000:1E22       _stime
 0000:1E62       _time
 0000:1EBA       _tell
 0000:1ED2       _unlink
 0000:1F02       __VPRINTER
 0000:23C0       __stpcpy
 0000:23F4       _bioskey
 0000:2419       _calloc
 0000:24D3       _delay
 0000:2534       ___first
 0000:2536       ___last
 0000:2538       ___rover
 0000:2674       _farfree
 0000:2674       _free
 0000:277E       _malloc
 0000:2788       _farmalloc
 0000:28E5       _realloc
 0000:28EC       _farrealloc
 0000:29DC       __brk
 0000:2A1B       __sbrk
 0000:2AA9       _farcalloc
 0000:2B39       _int86
 0000:2B6A       _int86x
 0000:2C03       _intr
 0000:2CA7       _ioctl
 0000:2CD0       __REALCVT
 0000:2CD4       __scantod
 0000:2CD8       __scanrslt
 0000:2CDC       __scanpop
 0000:2CE0       _setblock
 0000:2D54       _sound
 0000:2D80       _nosound
 0000:2D87       _atol
 0000:2DFC       _atoi
 0000:2E0D       __chmod
 0000:2E2A       _close
 0000:2E52       __close
 0000:2E70       _eof
 0000:2EE7       _fclose
 0000:2F92       _fflush
 0000:305F       _fgets
 0000:30FB       _flushall
 0000:31F9       __OPENFP
 0000:32C8       __GETFP
 0000:3312       _fopen
 0000:3347       _fprintf
 0000:3457       _fread
 0000:34E5       _fscanf
 0000:358B       _fseek
 0000:360B       _ftell
 0000:3719       __fgetc
 0000:372E       __Nfgetc
 0000:3731       _fgetc
 0000:381F       _fgetchar
 0000:382B       _getenv
 0000:389B       _gets
 0000:391F       _memcpy
 0000:3943       _setmem
 0000:3967       _memset
 0000:39B3       _open
 0000:3B22       __open
 0000:3B71       _printf
 0000:3B8C       __fputc
 0000:3BA8       _fputc
 0000:3D3B       _fputchar
 0000:3D4F       __FPUTN
 0000:3F4E       ___read
 0000:401F       _setvbuf
 0000:417A       _sprintf
 0000:419C       _vsprintf
 0000:41BD       _strcat
 0000:41FC       _strcmp
 0000:422C       _strcpy
 0000:4255       _strlen
 0000:4274       _strncpy
 0000:42A5       _dostounix
 0000:43CF       _unixtodos
 0000:45D3       _tzset
 0000:47BF       __ISDST
 0000:489E       __Nungetc
 0000:48A1       _ungetc
 0000:490C       _vprintf
 0000:4926       ___write
 0000:4A75       __write
 0000:4AB1       __xfclose
 0000:4AEE       __xfflush
 0000:4B26       __fmemcpy
 0000:4B4A       __fsetmem
 0000:4B6E       __fmemset
 04B8:000D       _main
 04B8:06BF       _vhline
 04B8:0708       _hline
 04B8:0784       _setstim
 0548:000F       _SetupMoviePackage
 0548:01FD       _CleanupMoviePackage
 0548:0227       _initMovie
 0548:026B       _setMovie
 0548:02A9       _runMovie
 05AC:0001       _goImages
 05AC:0080       _killImages
 05AC:00B2       _newImage
 05AC:0123       _downloadImage
 05AC:0150       _uploadImage
 05AC:017D       _drawText
 05AC:01C5       _loadImage
 05AC:029C       _saveImage
 05FC:000F       _initResponse
 05FC:005C       _freeResponse
 05FC:0080       _checkResponse
 05FC:00ED       _responseReady
 060D:0006       _error
 0611:0009       _msISR
 0611:003D       _InstallTimer
 0611:0065       _InitTimer
 0611:008C       _Wait
 0611:00B2       _SwitchTimer
 061E:000C       _FlushKeyBuf
 061E:002A       _KeyWaiting
 061E:0048       _GetKey
 061E:0058       _KeyPress
 061E:0091       _GetStick
 0629:000E       _setPicSettings
 0629:0036       _drawPicture
 0629:0376       _setVideoMode
 0629:03AF       _clearScreen
 0629:0492       _Retrace
 0629:04A2       _setPalette
 0629:052C       _writePalette
 0629:05C7       _readPalette
 0629:0671       _paletteSize
 0629:067B       _addColor
 0629:06B2       _findColor
 0629:0703       _makePalette
 06A3:0005       _rotatexy
 06A3:00F6       _openfontfile
 06A3:01C1       _blobcopy
 06A3:01E9       _bgi_closefont
 06A3:0226       _bgi_deletefont
 06A3:0253       _bgi_fontpath
 06A3:026B       _bgi_getbasecharsize
 06A3:02B4       _bgi_gettextsettings
 06A3:02EA       _bgi_installuserfont
 06A3:035A       _bgi_outtext
 06A3:08D4       _bgi_outtextxy
 06A3:091D       _bgi_registerbgifont
 06A3:0966       _bgi_registerfarbgifont
 06A3:09B2       _bgi_settextjustify
 06A3:09DF       _bgi_settextstyle
 06A3:0C36       _bgi_setusercharsize
 06A3:0CF7       _bgi_textheight
 06A3:0D37       _bgi_textwidth
 06A3:0E9A       _loadCHRfont
 06A3:11AF       _unloadCHRfont
 06A3:11CA       _decodeCHRstroke
 06A3:121D       _drawCHRchar
 06A3:13DC       _loadROMfont
 06A3:16CF       _unloadROMfont
 06A3:16F9       _drawROMchar
 06A3:190D       _loadGEMfont
 06A3:1B92       _unloadGEMfont
 06A3:1BBC       _drawGEMchar
 0886:0008       _XMMlibinit
 0886:0045       _XMMgetversion
 0886:0079       _XMMcoreleft
 0886:00BF       _XMMallcoreleft
 0886:0107       _XMMalloc
 0886:0162       _XMMrealloc
 0886:01C0       _XMMfree
 0886:01F5       __XMMcopy
 0886:039D       __XMMicopy
 08D6:000E       _getlinesettings
 08D6:0013       _setlinestyle
 08D6:0018       _line
 08D6:001D       _lineto
 08D6:0022       _getx
 08D6:002C       _gety
 08D6:0036       _getcolor
 08D6:0040       _getbkcolor
 08D6:0049       _moveto
 08D6:005A       _setcolor
 08D6:0065       _resetbounds
 08D6:0079       _SetGubs
 08D6:00D3       _putpixel
 08F8:0008       _putsquare3
 08F8:005F       _puttriangle3
 08F8:010B       _putcircle5
 08F8:01CE       _puttriangle
 08F8:029D       _putslopeline
 08F8:0430       _putsquare
 08F8:0515       _putrectangle
 08F8:0604       _putcircle
 08F8:06E5       _writeppm
 08F8:07D4       _putrandombox
 08F8:08F9       _putcheckerbox
 08F8:09E2       _putcross
 08F8:0A64       _putvline
 08F8:0A96       _puthline
 08F8:0AC8       _assign
 08F8:0B2F       _distribute
 08F8:0B97       _randint
 08F8:0BDC       _gaussdev
 08F8:0CAD       _ran2
 08F8:0F86       _gen_init
 08F8:1167       _thankyou
 08F8:123B       _audio
 0A24:2152       e086_Entry
 0A24:26E0       e086_Shortcut
 0C9C:0306       e087_Entry
 0C9C:03C6       e087_Shortcut
 0C9C:0430       e087_Trap
 0CF9:0000       DATASEG@
 0CF9:005B       __Int0Vector
 0CF9:005F       __Int4Vector
 0CF9:0063       __Int5Vector
 0CF9:0067       __Int6Vector
 0CF9:006B       __C0argc
 0CF9:006D       __C0argv
 0CF9:0071       __C0environ
 0CF9:0075       __envLng
 0CF9:0077       __envseg
 0CF9:0079       __envSize
 0CF9:007B       __psp
 0CF9:007D       __osversion
 0CF9:007D       __osmajor
 0CF9:007D       __version
 0CF9:007E       __osminor
 0CF9:007F       _errno
 0CF9:0081       __StartTime
 0CF9:0085       ___brklvl
 0CF9:0087       __heapbase
 0CF9:008B       __brklvl
 0CF9:008F       __heaptop
 0CF9:0094       _length
 0CF9:00AA       _map
 0CF9:00B8       _trialsperblock
 0CF9:00D0       _blockorder
 0CF9:00E8       _freq
 0CF9:0394       _font_path
 0CF9:0424       _do_underline
 0CF9:0426       _do_bold
 0CF9:0428       _do_italics
 0CF9:042A       _do_uselinestyle
 0CF9:042C       _do_usebkcolor
 0CF9:042E       _sin_table
 0CF9:09CE       _cos_table
 0CF9:0F6E       _userxscale
 0CF9:0F72       _useryscale
 0CF9:0F76       _font_scale
 0CF9:0FA2       _textinfo
 0CF9:0FAC       _font_data
 0CF9:1336       _font_list
 0CF9:1A34       __XMMerror
 0CF9:1A35       __XMMversion
 0CF9:1A37       _xmsif_vers_vers
 0CF9:1A59       _xmsif_vers_date
 0CF9:1A62       _xmsif_vers_time
 0CF9:1A6B       XMMentry
 0CF9:1A6F       XMMinit
 0CF9:1AAE       _bound_minx
 0CF9:1AB0       _bound_maxx
 0CF9:1AB2       _bound_miny
 0CF9:1AB4       _bound_maxy
 0CF9:1D00       __8087
 0CF9:1D10       __protected
 0CF9:1D11       __LDT
 0CF9:1D14       __default87
 0CF9:1D16       __huge_flt
 0CF9:1D1A       __huge_dble
 0CF9:1D22       __huge_ldble
 0CF9:1D2C       __indefinite
 0CF9:1D30       __tiny_ldble
 0CF9:1D3A       __mathwhy
 0CF9:1EF0       __atexitcnt
 0CF9:1EF2       __ctype
 0CF9:1FF4       __exitbuf
 0CF9:1FF8       __exitfopen
 0CF9:1FFC       __exitopen
 0CF9:2000       __streams
 0CF9:2190       __nfile
 0CF9:2192       __openfd
 0CF9:21BA       __fmode
 0CF9:21BC       __notUmask
 0CF9:21BE       __fpstklen
 0CF9:21C0       __doserrno
 0CF9:21C2       __dosErrorToSV
 0CF9:22A6       __stklen
 0CF9:2348       _environ
 0CF9:235E       __monthDay
 0CF9:2378       _tzname
 0CF9:2380       _timezone
 0CF9:2384       _daylight
 0CF9:2392       __RealCvtVector
 0CF9:2396       __ScanTodVector
 0CF9:25C6       _picBuf
 0CF9:25CE       _Timer
 0CF9:261A       _Palette
 0CF9:29AE       __atexittbl
 0CF9:2A3C       ___SignalPtr
 0F9E:0000       __emu

Program entry point at 0000:0000

