
 Start  Stop   Length Name               Class

 00000H 04B8CH 04B8DH _TEXT              CODE
 04B8DH 055CFH 00A43H C2_TEXT            CODE
 055D0H 05C01H 00632H MOVIEOBJ_TEXT      CODE
 05C02H 0610FH 0050EH IMAGE_TEXT         CODE
 06110H 06216H 00107H RESPONSE_TEXT      CODE
 06217H 06259H 00043H ERROR_TEXT         CODE
 0625AH 0632CH 000D3H TIMER_TEXT         CODE
 0632DH 063DEH 000B2H INPUT_TEXT         CODE
 063DFH 06B75H 00797H VIDEO_TEXT         CODE
 06B76H 089A8H 01E33H BGIFNT_TEXT        CODE
 089AAH 08EAFH 00506H xmsif1_TEXT        CODE
 08EB0H 090C9H 0021AH GUBS_TEXT          CODE
 090CAH 0A37BH 012B2H EXPTLIB_TEXT       CODE
 0A380H 0CAF6H 02777H EMU_PROG           CODE
 0CB00H 0D0C7H 005C8H E87_PROG           CODE
 0D0D0H 0D0D0H 00000H _FARDATA           FAR_DATA
 0D0D0H 0D0D0H 00000H _FARBSS            FAR_BSS
 0D0D0H 0D0D0H 00000H _OVERLAY_          OVRINFO
 0D0D0H 0D0D0H 00000H _1STUB_            STUBSEG
 0D0D0H 0F471H 023A2H _DATA              DATA
 0F472H 0F475H 00004H _CVTSEG            DATA
 0F476H 0F481H 0000CH _SCNSEG            DATA
 0F482H 0F482H 00000H _CONST             CONST
 0F482H 0F49FH 0001EH _INIT_             INITDATA
 0F4A0H 0F4A0H 00000H _INITEND_          INITDATA
 0F4A0H 0F4A5H 00006H _EXIT_             EXITDATA
 0F4A6H 0F4A6H 00000H _EXITEND_          EXITDATA
 0F4A6H 0FB2BH 00686H _BSS               BSS
 0FB2CH 0FB2CH 00000H _BSSEND            BSSEND
 0FB30H 0FC3FH 00110H _STACK             STACK

  Address         Publics by Name

 0D0D:0000       DATASEG@
 0000:0260       DGROUP@
 0A38:2152       e086_Entry
 0A38:26E0       e086_Shortcut
 0CB0:0306       e087_Entry
 0CB0:03C6       e087_Shortcut
 0CB0:0430       e087_Trap
 0000:FE32  Abs  FIARQQ
 0000:0E32  Abs  FICRQQ
 0000:5C32  Abs  FIDRQQ
 0000:1632  Abs  FIERQQ
 0000:0632  Abs  FISRQQ
 0000:A23D  Abs  FIWRQQ
 0000:4000  Abs  FJARQQ
 0000:C000  Abs  FJCRQQ
 0000:8000  Abs  FJSRQQ
 0000:1073       FTOL@
 0000:1073       F_FTOL@
 0000:1218       F_LDIV@
 0000:1227       F_LMOD@
 0000:121F       F_LUDIV@
 0000:122F       F_LUMOD@
 0000:12C6       F_LXLSH@
 0000:119C       F_LXMUL@
 0000:12E7       F_PADA@
 0000:136F       F_PADD@
 0000:132B       F_PSBA@
 0000:139E       F_PSUB@
 0000:11B3       F_SCOPY@
 0000:13D2       F_SPUSH@
 0000:1218       LDIV@
 0000:1227       LMOD@
 0000:121F       LUDIV@
 0000:122F       LUMOD@
 0000:12C6       LXLSH@
 0000:119C       LXMUL@
 0000:1215       N_LDIV@
 0000:1224       N_LMOD@
 0000:121C       N_LUDIV@
 0000:122C       N_LUMOD@
 0000:12C3       N_LXLSH@
 0000:15CE       N_LXMUL@
 0000:12E4       N_PADA@
 0000:136C       N_PADD@
 0000:15E5       N_PCMP@
 0000:1328       N_PSBA@
 0000:139B       N_PSUB@
 0000:13CC       N_SPUSH@
 0000:12E7       PADA@
 0000:136F       PADD@
 0000:132B       PSBA@
 0000:139E       PSUB@
 0000:11B3       SCOPY@
 0000:13D2       SPUSH@
 0D0D:1A7B       XMMentry
 0D0D:1A7F       XMMinit
 0000:0249       _abort
 063D:067C       _addColor
 090C:0ACA       _assign
 0000:109F       _atexit
 0000:2DFC       _atoi
 0000:2D87       _atol
 090C:123D       _audio
 06B7:01EA       _bgi_closefont
 06B7:0227       _bgi_deletefont
 06B7:0254       _bgi_fontpath
 06B7:026C       _bgi_getbasecharsize
 06B7:02B5       _bgi_gettextsettings
 06B7:02EB       _bgi_installuserfont
 06B7:035B       _bgi_outtext
 06B7:08D5       _bgi_outtextxy
 06B7:091E       _bgi_registerbgifont
 06B7:0967       _bgi_registerfarbgifont
 06B7:09B3       _bgi_settextjustify
 06B7:09E0       _bgi_settextstyle
 06B7:0C37       _bgi_setusercharsize
 06B7:0CF8       _bgi_textheight
 06B7:0D38       _bgi_textwidth
 0000:23F4       _bioskey
 06B7:01C2       _blobcopy
 0D0D:00E4       _blockorder
 0D0D:1AC0       _bound_maxx
 0D0D:1AC4       _bound_maxy
 0D0D:1ABE       _bound_minx
 0D0D:1AC2       _bound_miny
 0000:2419       _calloc
 0611:0071       _checkResponse
 055D:01EE       _CleanupMoviePackage
 063D:03B0       _clearScreen
 0000:2E2A       _close
 0000:1023       _cos
 0D0D:09DE       _cos_table
 0D0D:2394       _daylight
 06B7:11CB       _decodeCHRstroke
 0000:24D3       _delay
 090C:0B31       _distribute
 0000:42A5       _dostounix
 05C0:0124       _downloadImage
 0D0D:0436       _do_bold
 0D0D:0438       _do_italics
 0D0D:0434       _do_underline
 0D0D:043C       _do_usebkcolor
 0D0D:043A       _do_uselinestyle
 06B7:121E       _drawCHRchar
 06B7:1BBD       _drawGEMchar
 063D:0037       _drawPicture
 06B7:16FA       _drawROMchar
 05C0:017E       _drawText
 0D0D:2358       _environ
 0000:2E70       _eof
 0D0D:007F       _errno
 0621:0007       _error
 0000:1161       _exit
 0000:04BC       _fabs
 0000:2AA9       _farcalloc
 0000:2674       _farfree
 0000:2788       _farmalloc
 0000:28EC       _farrealloc
 0000:2EE7       _fclose
 0000:2F92       _fflush
 0000:3731       _fgetc
 0000:381F       _fgetchar
 0000:305F       _fgets
 063D:06B3       _findColor
 0000:30FB       _flushall
 0632:000D       _FlushKeyBuf
 0D0D:0FBC       _font_data
 0D0D:1346       _font_list
 0D0D:03A4       _font_path
 0D0D:0F86       _font_scale
 0000:3312       _fopen
 0000:3347       _fprintf
 0000:3BA8       _fputc
 0000:3D3B       _fputchar
 0000:3457       _fread
 0000:2674       _free
 0611:004D       _freeResponse
 0000:34E5       _fscanf
 0000:358B       _fseek
 0000:360B       _ftell
 090C:0BDE       _gaussdev
 090C:0F88       _gen_init
 08EB:0032       _getbkcolor
 08EB:0028       _getcolor
 0000:11CF       _getdate
 0000:382B       _getenv
 0632:0049       _GetKey
 08EB:0000       _getlinesettings
 0000:389B       _gets
 0632:0092       _GetStick
 0000:11E2       _gettime
 0000:11F5       _getvect
 08EB:0014       _getx
 08EB:001E       _gety
 05C0:0002       _goImages
 04B8:0763       _hline
 055D:0218       _initMovie
 0611:0000       _initResponse
 0625:0066       _InitTimer
 0625:003E       _InstallTimer
 0000:2B39       _int86
 0000:2B6A       _int86x
 0000:2C03       _intr
 0000:2CA7       _ioctl
 0000:143E       _isatty
 0632:0059       _KeyPress
 0632:002B       _KeyWaiting
 05C0:0081       _killImages
 0D0D:0094       _length
 08EB:000A       _line
 08EB:000F       _lineto
 06B7:0E9B       _loadCHRfont
 06B7:190E       _loadGEMfont
 05C0:01C6       _loadImage
 06B7:13DD       _loadROMfont
 0000:0EFE       _log
 0000:14F1       _lseek
 04B8:000D       _main
 063D:0704       _makePalette
 0000:277E       _malloc
 0D0D:00AA       _map
 0000:0E42       _matherr
 0000:391F       _memcpy
 0000:3967       _memset
 08EB:003B       _moveto
 0625:000A       _msISR
 05C0:00B3       _newImage
 0000:2D80       _nosound
 0000:39B3       _open
 06B7:00F7       _openfontfile
 0000:162A       _outp
 0000:1606       _outport
 0000:1612       _outportb
 0000:161E       _outpw
 0D0D:262A       _Palette
 063D:0672       _paletteSize
 0D0D:25D6       _picBuf
 0000:0E37       _pow10
 0000:3B71       _printf
 090C:08FB       _putcheckerbox
 090C:0606       _putcircle
 090C:010D       _putcircle5
 090C:09E4       _putcross
 090C:0A98       _puthline
 08EB:00C5       _putpixel
 090C:07D6       _putrandombox
 090C:0517       _putrectangle
 090C:029F       _putslopeline
 090C:0432       _putsquare
 090C:000A       _putsquare3
 090C:01D0       _puttriangle
 090C:0061       _puttriangle3
 090C:0A66       _putvline
 090C:0CAF       _ran2
 090C:0B99       _randint
 063D:05C8       _readPalette
 0000:28E5       _realloc
 08EB:0057       _resetbounds
 0611:00DE       _responseReady
 063D:0493       _Retrace
 06B7:0006       _rotatexy
 055D:029A       _runMovie
 05C0:029D       _saveImage
 0000:1D22       _segread
 0000:2CE0       _setblock
 08EB:004C       _setcolor
 0000:1D42       _setdate
 08EB:006B       _SetGubs
 08EB:0005       _setlinestyle
 0000:3943       _setmem
 055D:025C       _setMovie
 063D:04A3       _setPalette
 063D:000F       _setPicSettings
 04B8:07DF       _setstim
 0000:1D57       _settime
 055D:0000       _SetupMoviePackage
 0000:401F       _setvbuf
 0000:1204       _setvect
 063D:0377       _setVideoMode
 0000:0EAE       _sin
 0D0D:043E       _sin_table
 0000:2D54       _sound
 0000:417A       _sprintf
 0000:0E6C       _sqrt
 0000:1E22       _stime
 0000:41BD       _strcat
 0000:41FC       _strcmp
 0000:422C       _strcpy
 0000:4255       _strlen
 0000:4274       _strncpy
 0625:00B3       _SwitchTimer
 0000:1EBA       _tell
 0D0D:0FB2       _textinfo
 090C:1169       _thankyou
 0000:1E62       _time
 0D0D:25DE       _Timer
 0D0D:2390       _timezone
 0D0D:00B8       _trialsperblock
 0D0D:2388       _tzname
 0000:45D3       _tzset
 0000:48A1       _ungetc
 0000:43CF       _unixtodos
 0000:1ED2       _unlink
 06B7:11B0       _unloadCHRfont
 06B7:1B93       _unloadGEMfont
 06B7:16D0       _unloadROMfont
 05C0:0151       _uploadImage
 0D0D:0F7E       _userxscale
 0D0D:0F82       _useryscale
 04B8:071A       _vhline
 0000:490C       _vprintf
 0000:419C       _vsprintf
 0625:008D       _Wait
 063D:052D       _writePalette
 090C:06E7       _writeppm
 089A:00C1       _XMMallcoreleft
 089A:0109       _XMMalloc
 089A:007B       _XMMcoreleft
 089A:01C2       _XMMfree
 089A:0047       _XMMgetversion
 089A:000A       _XMMlibinit
 089A:0164       _XMMrealloc
 0D0D:1A69       _xmsif_vers_date
 0D0D:1A72       _xmsif_vers_time
 0D0D:1A47       _xmsif_vers_vers
 0D0D:1D10       __8087
 0000:1000  Abs  __AHINCR
 0000:000C  Abs  __AHSHIFT
 0D0D:1F00       __atexitcnt
 0D0D:29BE       __atexittbl
 0000:29DC       __brk
 0D0D:008B       __brklvl
 0D0D:006B       __C0argc
 0D0D:006D       __C0argv
 0D0D:0071       __C0environ
 0000:1182       __cexit
 0000:0167       __checknull
 0000:2E0D       __chmod
 0000:0154       __cleanup
 0000:2E52       __close
 0D0D:1F02       __ctype
 0000:0000  Abs  __cvtfak
 0000:1190       __c_exit
 0D0D:1D24       __default87
 0D0D:21D0       __doserrno
 0000:142C       __DOSERROR
 0D0D:21D2       __dosErrorToSV
 0000:10CC       __dos_getfileattr
 0000:10EC       __dos_setfileattr
 0FB3:0000       __emu
 0D0D:0075       __envLng
 0D0D:0077       __envseg
 0D0D:0079       __envSize
 0000:1170       __exit
 0D0D:2004       __exitbuf
 0D0D:2008       __exitfopen
 0D0D:200C       __exitopen
 0000:3719       __fgetc
 0000:8087  Abs  __floatconvert
 0000:4B26       __fmemcpy
 0000:4B6E       __fmemset
 0D0D:21CA       __fmode
 0000:0CBF       __fperror
 0D0D:21CE       __fpstklen
 0000:04B8       __fpuint
 0000:3B8C       __fputc
 0000:3D4F       __FPUTN
 0000:4B4A       __fsetmem
 0000:32C8       __GETFP
 0D0D:0087       __heapbase
 0D0D:008F       __heaptop
 0D0D:1D2A       __huge_dble
 0D0D:1D26       __huge_flt
 0D0D:1D32       __huge_ldble
 0D0D:1D3C       __indefinite
 0D0D:005B       __Int0Vector
 0D0D:005F       __Int4Vector
 0D0D:0063       __Int5Vector
 0D0D:0067       __Int6Vector
 0000:13F3       __IOERROR
 0000:47BF       __ISDST
 0D0D:1D21       __LDT
 0000:04CB       __LDTRUNC
 0000:144F       __LONGTOA
 0000:0F7A       __matherr
 0D0D:1D4A       __mathwhy
 0000:151A       __MKNAME
 0000:0262       __MMODEL
 0D0D:236E       __monthDay
 0000:372E       __Nfgetc
 0D0D:21A0       __nfile
 0D0D:21CC       __notUmask
 0000:489E       __Nungetc
 0000:3B22       __open
 0D0D:21A2       __openfd
 0000:31F9       __OPENFP
 0D0D:007D       __osmajor
 0D0D:007E       __osminor
 0D0D:007D       __osversion
 0000:0D6E       __POW10
 0D0D:1D20       __protected
 0D0D:007B       __psp
 0000:1638       __read
 0000:2CD0       __REALCVT
 0D0D:23A2       __RealCvtVector
 0000:01BD       __restorezero
 0000:2A1B       __sbrk
 0000:1667       __scanner
 0000:2CDC       __scanpop
 0000:2CD8       __scanrslt
 0000:2CD4       __scantod
 0D0D:23A6       __ScanTodVector
 0000:1B80       __scantol
 0000:0000  Abs  __setenvp__
 0000:1D6C       __setupio
 0D0D:0081       __StartTime
 0D0D:22B6       __stklen
 0000:23C0       __stpcpy
 0D0D:2010       __streams
 0000:0168       __terminate
 0D0D:1D40       __tiny_ldble
 0000:1577       __TMPNAM
 0000:0000  Abs  __turboCvt
 0000:8087  Abs  __turboFloat
 0000:14D1       __UTOA
 0D0D:007D       __version
 0000:1F02       __VPRINTER
 0000:4A75       __write
 0000:0AB7       __XCVT
 0000:4AB1       __xfclose
 0000:4AEE       __xfflush
 089A:01F7       __XMMcopy
 0D0D:1A44       __XMMerror
 089A:039F       __XMMicopy
 0D0D:1A45       __XMMversion
 0D0D:0085       ___brklvl
 0000:2534       ___first
 0000:03D1       ___fpreset
 0000:2536       ___last
 0000:3F4E       ___read
 0000:2538       ___rover
 0D0D:2A4C       ___SignalPtr
 0000:4926       ___write

  Address         Publics by Value

 0000:0000  Abs  __turboCvt
 0000:0000  Abs  __cvtfak
 0000:0000  Abs  __setenvp__
 0000:000C  Abs  __AHSHIFT
 0000:0632  Abs  FISRQQ
 0000:0E32  Abs  FICRQQ
 0000:1000  Abs  __AHINCR
 0000:1632  Abs  FIERQQ
 0000:4000  Abs  FJARQQ
 0000:5C32  Abs  FIDRQQ
 0000:8000  Abs  FJSRQQ
 0000:8087  Abs  __turboFloat
 0000:8087  Abs  __floatconvert
 0000:A23D  Abs  FIWRQQ
 0000:C000  Abs  FJCRQQ
 0000:FE32  Abs  FIARQQ
 0000:0154       __cleanup
 0000:0167       __checknull
 0000:0168       __terminate
 0000:01BD       __restorezero
 0000:0249       _abort
 0000:0260       DGROUP@
 0000:0262       __MMODEL
 0000:03D1       ___fpreset
 0000:04B8       __fpuint
 0000:04BC       _fabs
 0000:04CB       __LDTRUNC
 0000:0AB7       __XCVT
 0000:0CBF       __fperror
 0000:0D6E       __POW10
 0000:0E37       _pow10
 0000:0E42       _matherr
 0000:0E6C       _sqrt
 0000:0EAE       _sin
 0000:0EFE       _log
 0000:0F7A       __matherr
 0000:1023       _cos
 0000:1073       F_FTOL@
 0000:1073       FTOL@
 0000:109F       _atexit
 0000:10CC       __dos_getfileattr
 0000:10EC       __dos_setfileattr
 0000:1161       _exit
 0000:1170       __exit
 0000:1182       __cexit
 0000:1190       __c_exit
 0000:119C       F_LXMUL@
 0000:119C       LXMUL@
 0000:11B3       F_SCOPY@
 0000:11B3       SCOPY@
 0000:11CF       _getdate
 0000:11E2       _gettime
 0000:11F5       _getvect
 0000:1204       _setvect
 0000:1215       N_LDIV@
 0000:1218       F_LDIV@
 0000:1218       LDIV@
 0000:121C       N_LUDIV@
 0000:121F       F_LUDIV@
 0000:121F       LUDIV@
 0000:1224       N_LMOD@
 0000:1227       F_LMOD@
 0000:1227       LMOD@
 0000:122C       N_LUMOD@
 0000:122F       LUMOD@
 0000:122F       F_LUMOD@
 0000:12C3       N_LXLSH@
 0000:12C6       LXLSH@
 0000:12C6       F_LXLSH@
 0000:12E4       N_PADA@
 0000:12E7       F_PADA@
 0000:12E7       PADA@
 0000:1328       N_PSBA@
 0000:132B       PSBA@
 0000:132B       F_PSBA@
 0000:136C       N_PADD@
 0000:136F       F_PADD@
 0000:136F       PADD@
 0000:139B       N_PSUB@
 0000:139E       F_PSUB@
 0000:139E       PSUB@
 0000:13CC       N_SPUSH@
 0000:13D2       F_SPUSH@
 0000:13D2       SPUSH@
 0000:13F3       __IOERROR
 0000:142C       __DOSERROR
 0000:143E       _isatty
 0000:144F       __LONGTOA
 0000:14D1       __UTOA
 0000:14F1       _lseek
 0000:151A       __MKNAME
 0000:1577       __TMPNAM
 0000:15CE       N_LXMUL@
 0000:15E5       N_PCMP@
 0000:1606       _outport
 0000:1612       _outportb
 0000:161E       _outpw
 0000:162A       _outp
 0000:1638       __read
 0000:1667       __scanner
 0000:1B80       __scantol
 0000:1D22       _segread
 0000:1D42       _setdate
 0000:1D57       _settime
 0000:1D6C       __setupio
 0000:1E22       _stime
 0000:1E62       _time
 0000:1EBA       _tell
 0000:1ED2       _unlink
 0000:1F02       __VPRINTER
 0000:23C0       __stpcpy
 0000:23F4       _bioskey
 0000:2419       _calloc
 0000:24D3       _delay
 0000:2534       ___first
 0000:2536       ___last
 0000:2538       ___rover
 0000:2674       _farfree
 0000:2674       _free
 0000:277E       _malloc
 0000:2788       _farmalloc
 0000:28E5       _realloc
 0000:28EC       _farrealloc
 0000:29DC       __brk
 0000:2A1B       __sbrk
 0000:2AA9       _farcalloc
 0000:2B39       _int86
 0000:2B6A       _int86x
 0000:2C03       _intr
 0000:2CA7       _ioctl
 0000:2CD0       __REALCVT
 0000:2CD4       __scantod
 0000:2CD8       __scanrslt
 0000:2CDC       __scanpop
 0000:2CE0       _setblock
 0000:2D54       _sound
 0000:2D80       _nosound
 0000:2D87       _atol
 0000:2DFC       _atoi
 0000:2E0D       __chmod
 0000:2E2A       _close
 0000:2E52       __close
 0000:2E70       _eof
 0000:2EE7       _fclose
 0000:2F92       _fflush
 0000:305F       _fgets
 0000:30FB       _flushall
 0000:31F9       __OPENFP
 0000:32C8       __GETFP
 0000:3312       _fopen
 0000:3347       _fprintf
 0000:3457       _fread
 0000:34E5       _fscanf
 0000:358B       _fseek
 0000:360B       _ftell
 0000:3719       __fgetc
 0000:372E       __Nfgetc
 0000:3731       _fgetc
 0000:381F       _fgetchar
 0000:382B       _getenv
 0000:389B       _gets
 0000:391F       _memcpy
 0000:3943       _setmem
 0000:3967       _memset
 0000:39B3       _open
 0000:3B22       __open
 0000:3B71       _printf
 0000:3B8C       __fputc
 0000:3BA8       _fputc
 0000:3D3B       _fputchar
 0000:3D4F       __FPUTN
 0000:3F4E       ___read
 0000:401F       _setvbuf
 0000:417A       _sprintf
 0000:419C       _vsprintf
 0000:41BD       _strcat
 0000:41FC       _strcmp
 0000:422C       _strcpy
 0000:4255       _strlen
 0000:4274       _strncpy
 0000:42A5       _dostounix
 0000:43CF       _unixtodos
 0000:45D3       _tzset
 0000:47BF       __ISDST
 0000:489E       __Nungetc
 0000:48A1       _ungetc
 0000:490C       _vprintf
 0000:4926       ___write
 0000:4A75       __write
 0000:4AB1       __xfclose
 0000:4AEE       __xfflush
 0000:4B26       __fmemcpy
 0000:4B4A       __fsetmem
 0000:4B6E       __fmemset
 04B8:000D       _main
 04B8:071A       _vhline
 04B8:0763       _hline
 04B8:07DF       _setstim
 055D:0000       _SetupMoviePackage
 055D:01EE       _CleanupMoviePackage
 055D:0218       _initMovie
 055D:025C       _setMovie
 055D:029A       _runMovie
 05C0:0002       _goImages
 05C0:0081       _killImages
 05C0:00B3       _newImage
 05C0:0124       _downloadImage
 05C0:0151       _uploadImage
 05C0:017E       _drawText
 05C0:01C6       _loadImage
 05C0:029D       _saveImage
 0611:0000       _initResponse
 0611:004D       _freeResponse
 0611:0071       _checkResponse
 0611:00DE       _responseReady
 0621:0007       _error
 0625:000A       _msISR
 0625:003E       _InstallTimer
 0625:0066       _InitTimer
 0625:008D       _Wait
 0625:00B3       _SwitchTimer
 0632:000D       _FlushKeyBuf
 0632:002B       _KeyWaiting
 0632:0049       _GetKey
 0632:0059       _KeyPress
 0632:0092       _GetStick
 063D:000F       _setPicSettings
 063D:0037       _drawPicture
 063D:0377       _setVideoMode
 063D:03B0       _clearScreen
 063D:0493       _Retrace
 063D:04A3       _setPalette
 063D:052D       _writePalette
 063D:05C8       _readPalette
 063D:0672       _paletteSize
 063D:067C       _addColor
 063D:06B3       _findColor
 063D:0704       _makePalette
 06B7:0006       _rotatexy
 06B7:00F7       _openfontfile
 06B7:01C2       _blobcopy
 06B7:01EA       _bgi_closefont
 06B7:0227       _bgi_deletefont
 06B7:0254       _bgi_fontpath
 06B7:026C       _bgi_getbasecharsize
 06B7:02B5       _bgi_gettextsettings
 06B7:02EB       _bgi_installuserfont
 06B7:035B       _bgi_outtext
 06B7:08D5       _bgi_outtextxy
 06B7:091E       _bgi_registerbgifont
 06B7:0967       _bgi_registerfarbgifont
 06B7:09B3       _bgi_settextjustify
 06B7:09E0       _bgi_settextstyle
 06B7:0C37       _bgi_setusercharsize
 06B7:0CF8       _bgi_textheight
 06B7:0D38       _bgi_textwidth
 06B7:0E9B       _loadCHRfont
 06B7:11B0       _unloadCHRfont
 06B7:11CB       _decodeCHRstroke
 06B7:121E       _drawCHRchar
 06B7:13DD       _loadROMfont
 06B7:16D0       _unloadROMfont
 06B7:16FA       _drawROMchar
 06B7:190E       _loadGEMfont
 06B7:1B93       _unloadGEMfont
 06B7:1BBD       _drawGEMchar
 089A:000A       _XMMlibinit
 089A:0047       _XMMgetversion
 089A:007B       _XMMcoreleft
 089A:00C1       _XMMallcoreleft
 089A:0109       _XMMalloc
 089A:0164       _XMMrealloc
 089A:01C2       _XMMfree
 089A:01F7       __XMMcopy
 089A:039F       __XMMicopy
 08EB:0000       _getlinesettings
 08EB:0005       _setlinestyle
 08EB:000A       _line
 08EB:000F       _lineto
 08EB:0014       _getx
 08EB:001E       _gety
 08EB:0028       _getcolor
 08EB:0032       _getbkcolor
 08EB:003B       _moveto
 08EB:004C       _setcolor
 08EB:0057       _resetbounds
 08EB:006B       _SetGubs
 08EB:00C5       _putpixel
 090C:000A       _putsquare3
 090C:0061       _puttriangle3
 090C:010D       _putcircle5
 090C:01D0       _puttriangle
 090C:029F       _putslopeline
 090C:0432       _putsquare
 090C:0517       _putrectangle
 090C:0606       _putcircle
 090C:06E7       _writeppm
 090C:07D6       _putrandombox
 090C:08FB       _putcheckerbox
 090C:09E4       _putcross
 090C:0A66       _putvline
 090C:0A98       _puthline
 090C:0ACA       _assign
 090C:0B31       _distribute
 090C:0B99       _randint
 090C:0BDE       _gaussdev
 090C:0CAF       _ran2
 090C:0F88       _gen_init
 090C:1169       _thankyou
 090C:123D       _audio
 0A38:2152       e086_Entry
 0A38:26E0       e086_Shortcut
 0CB0:0306       e087_Entry
 0CB0:03C6       e087_Shortcut
 0CB0:0430       e087_Trap
 0D0D:0000       DATASEG@
 0D0D:005B       __Int0Vector
 0D0D:005F       __Int4Vector
 0D0D:0063       __Int5Vector
 0D0D:0067       __Int6Vector
 0D0D:006B       __C0argc
 0D0D:006D       __C0argv
 0D0D:0071       __C0environ
 0D0D:0075       __envLng
 0D0D:0077       __envseg
 0D0D:0079       __envSize
 0D0D:007B       __psp
 0D0D:007D       __osversion
 0D0D:007D       __osmajor
 0D0D:007D       __version
 0D0D:007E       __osminor
 0D0D:007F       _errno
 0D0D:0081       __StartTime
 0D0D:0085       ___brklvl
 0D0D:0087       __heapbase
 0D0D:008B       __brklvl
 0D0D:008F       __heaptop
 0D0D:0094       _length
 0D0D:00AA       _map
 0D0D:00B8       _trialsperblock
 0D0D:00E4       _blockorder
 0D0D:03A4       _font_path
 0D0D:0434       _do_underline
 0D0D:0436       _do_bold
 0D0D:0438       _do_italics
 0D0D:043A       _do_uselinestyle
 0D0D:043C       _do_usebkcolor
 0D0D:043E       _sin_table
 0D0D:09DE       _cos_table
 0D0D:0F7E       _userxscale
 0D0D:0F82       _useryscale
 0D0D:0F86       _font_scale
 0D0D:0FB2       _textinfo
 0D0D:0FBC       _font_data
 0D0D:1346       _font_list
 0D0D:1A44       __XMMerror
 0D0D:1A45       __XMMversion
 0D0D:1A47       _xmsif_vers_vers
 0D0D:1A69       _xmsif_vers_date
 0D0D:1A72       _xmsif_vers_time
 0D0D:1A7B       XMMentry
 0D0D:1A7F       XMMinit
 0D0D:1ABE       _bound_minx
 0D0D:1AC0       _bound_maxx
 0D0D:1AC2       _bound_miny
 0D0D:1AC4       _bound_maxy
 0D0D:1D10       __8087
 0D0D:1D20       __protected
 0D0D:1D21       __LDT
 0D0D:1D24       __default87
 0D0D:1D26       __huge_flt
 0D0D:1D2A       __huge_dble
 0D0D:1D32       __huge_ldble
 0D0D:1D3C       __indefinite
 0D0D:1D40       __tiny_ldble
 0D0D:1D4A       __mathwhy
 0D0D:1F00       __atexitcnt
 0D0D:1F02       __ctype
 0D0D:2004       __exitbuf
 0D0D:2008       __exitfopen
 0D0D:200C       __exitopen
 0D0D:2010       __streams
 0D0D:21A0       __nfile
 0D0D:21A2       __openfd
 0D0D:21CA       __fmode
 0D0D:21CC       __notUmask
 0D0D:21CE       __fpstklen
 0D0D:21D0       __doserrno
 0D0D:21D2       __dosErrorToSV
 0D0D:22B6       __stklen
 0D0D:2358       _environ
 0D0D:236E       __monthDay
 0D0D:2388       _tzname
 0D0D:2390       _timezone
 0D0D:2394       _daylight
 0D0D:23A2       __RealCvtVector
 0D0D:23A6       __ScanTodVector
 0D0D:25D6       _picBuf
 0D0D:25DE       _Timer
 0D0D:262A       _Palette
 0D0D:29BE       __atexittbl
 0D0D:2A4C       ___SignalPtr
 0FB3:0000       __emu

Program entry point at 0000:0000

