
 Start  Stop   Length Name               Class

 00000H 04EE9H 04EEAH _TEXT              CODE
 04EEAH 05B97H 00CAEH CALIB_TEXT         CODE
 05B98H 061C9H 00632H MOVIEOBJ_TEXT      CODE
 061CAH 066D7H 0050EH IMAGE_TEXT         CODE
 066D8H 067DEH 00107H RESPONSE_TEXT      CODE
 067DFH 06821H 00043H ERROR_TEXT         CODE
 06822H 068F4H 000D3H TIMER_TEXT         CODE
 068F5H 069A6H 000B2H INPUT_TEXT         CODE
 069A7H 0713DH 00797H VIDEO_TEXT         CODE
 0713EH 08F70H 01E33H BGIFNT_TEXT        CODE
 08F72H 09477H 00506H xmsif1_TEXT        CODE
 09478H 09691H 0021AH GUBS_TEXT          CODE
 09692H 0A943H 012B2H EXPTLIB_TEXT       CODE
 0A950H 0D0C6H 02777H EMU_PROG           CODE
 0D0D0H 0D697H 005C8H E87_PROG           CODE
 0D6A0H 0D6A0H 00000H _FARDATA           FAR_DATA
 0D6A0H 0D6A0H 00000H _FARBSS            FAR_BSS
 0D6A0H 0D6A0H 00000H _OVERLAY_          OVRINFO
 0D6A0H 0D6A0H 00000H _1STUB_            STUBSEG
 0D6A0H 0FA41H 023A2H _DATA              DATA
 0FA42H 0FA45H 00004H _CVTSEG            DATA
 0FA46H 0FA51H 0000CH _SCNSEG            DATA
 0FA52H 0FA52H 00000H _CONST             CONST
 0FA52H 0FA6FH 0001EH _INIT_             INITDATA
 0FA70H 0FA70H 00000H _INITEND_          INITDATA
 0FA70H 0FA75H 00006H _EXIT_             EXITDATA
 0FA76H 0FA76H 00000H _EXITEND_          EXITDATA
 0FA76H 100FBH 00686H _BSS               BSS
 100FCH 100FCH 00000H _BSSEND            BSSEND
 10100H 1020FH 00110H _STACK             STACK

  Address         Publics by Name

 0D6A:0000       DATASEG@
 0000:0260       DGROUP@
 0A95:2152       e086_Entry
 0A95:26E0       e086_Shortcut
 0D0D:0306       e087_Entry
 0D0D:03C6       e087_Shortcut
 0D0D:0430       e087_Trap
 0000:FE32  Abs  FIARQQ
 0000:0E32  Abs  FICRQQ
 0000:5C32  Abs  FIDRQQ
 0000:1632  Abs  FIERQQ
 0000:0632  Abs  FISRQQ
 0000:A23D  Abs  FIWRQQ
 0000:4000  Abs  FJARQQ
 0000:C000  Abs  FJCRQQ
 0000:8000  Abs  FJSRQQ
 0000:1399       FTOL@
 0000:1399       F_FTOL@
 0000:153E       F_LDIV@
 0000:154D       F_LMOD@
 0000:1545       F_LUDIV@
 0000:1555       F_LUMOD@
 0000:15EC       F_LXLSH@
 0000:14C2       F_LXMUL@
 0000:160D       F_PADA@
 0000:1695       F_PADD@
 0000:1651       F_PSBA@
 0000:16C4       F_PSUB@
 0000:14D9       F_SCOPY@
 0000:16F8       F_SPUSH@
 0000:153E       LDIV@
 0000:154D       LMOD@
 0000:1545       LUDIV@
 0000:1555       LUMOD@
 0000:15EC       LXLSH@
 0000:14C2       LXMUL@
 0000:153B       N_LDIV@
 0000:154A       N_LMOD@
 0000:1542       N_LUDIV@
 0000:1552       N_LUMOD@
 0000:15E9       N_LXLSH@
 0000:18F4       N_LXMUL@
 0000:160A       N_PADA@
 0000:1692       N_PADD@
 0000:190B       N_PCMP@
 0000:164E       N_PSBA@
 0000:16C1       N_PSUB@
 0000:16F2       N_SPUSH@
 0000:160D       PADA@
 0000:1695       PADD@
 0000:1651       PSBA@
 0000:16C4       PSUB@
 0000:14D9       SCOPY@
 0000:16F8       SPUSH@
 0D6A:1A4F       XMMentry
 0D6A:1A53       XMMinit
 0000:0249       _abort
 069A:0674       _addColor
 0969:0AC2       _assign
 0000:12DB       _atan2
 0000:13C5       _atexit
 0000:3159       _atoi
 0000:30E4       _atol
 0969:1235       _audio
 0713:01F2       _bgi_closefont
 0713:022F       _bgi_deletefont
 0713:025C       _bgi_fontpath
 0713:0274       _bgi_getbasecharsize
 0713:02BD       _bgi_gettextsettings
 0713:02F3       _bgi_installuserfont
 0713:0363       _bgi_outtext
 0713:08DD       _bgi_outtextxy
 0713:0926       _bgi_registerbgifont
 0713:096F       _bgi_registerfarbgifont
 0713:09BB       _bgi_settextjustify
 0713:09E8       _bgi_settextstyle
 0713:0C3F       _bgi_setusercharsize
 0713:0D00       _bgi_textheight
 0713:0D40       _bgi_textwidth
 0000:2751       _bioskey
 0713:01CA       _blobcopy
 0D6A:1A94       _bound_maxx
 0D6A:1A98       _bound_maxy
 0D6A:1A92       _bound_minx
 0D6A:1A96       _bound_miny
 0000:2776       _calloc
 066D:0079       _checkResponse
 05B9:01F6       _CleanupMoviePackage
 069A:03A8       _clearScreen
 0000:3187       _close
 0000:128B       _cos
 0D6A:09B2       _cos_table
 0D6A:2394       _daylight
 0713:11D3       _decodeCHRstroke
 0000:2830       _delay
 0969:0B29       _distribute
 0000:4602       _dostounix
 061C:012C       _downloadImage
 0D6A:040A       _do_bold
 0D6A:040C       _do_italics
 0D6A:0408       _do_underline
 0D6A:0410       _do_usebkcolor
 0D6A:040E       _do_uselinestyle
 0713:1226       _drawCHRchar
 0713:1BC5       _drawGEMchar
 069A:002F       _drawPicture
 0713:1702       _drawROMchar
 061C:0186       _drawText
 0D6A:2358       _environ
 0000:31CD       _eof
 0D6A:007F       _errno
 067D:000F       _error
 0000:1487       _exit
 0000:0EAE       _exp
 0000:04BC       _fabs
 0000:2E06       _farcalloc
 0000:29D1       _farfree
 0000:2AE5       _farmalloc
 0000:2C49       _farrealloc
 0000:3244       _fclose
 0000:32EF       _fflush
 0000:3A8E       _fgetc
 0000:3B7C       _fgetchar
 0000:33BC       _fgets
 069A:06AB       _findColor
 0000:3458       _flushall
 068F:0005       _FlushKeyBuf
 0D6A:0F90       _font_data
 0D6A:131A       _font_list
 0D6A:0378       _font_path
 0D6A:0F5A       _font_scale
 0000:366F       _fopen
 0000:36A4       _fprintf
 0000:3F05       _fputc
 0000:4098       _fputchar
 0000:37B4       _fread
 0000:29D1       _free
 066D:0055       _freeResponse
 0000:3842       _fscanf
 0000:38E8       _fseek
 0000:3968       _ftell
 04EE:07FD       _gabor
 04EE:08B8       _gabor2
 04EE:0977       _gabor4
 0969:0BD6       _gaussdev
 0969:0F80       _gen_init
 0947:003A       _getbkcolor
 0947:0030       _getcolor
 0000:14F5       _getdate
 0000:3B88       _getenv
 068F:0041       _GetKey
 0947:0008       _getlinesettings
 0000:3BF8       _gets
 068F:008A       _GetStick
 0000:1508       _gettime
 0000:151B       _getvect
 0947:001C       _getx
 0947:0026       _gety
 061C:000A       _goImages
 04EE:06C9       _hline
 05B9:0220       _initMovie
 066D:0008       _initResponse
 0682:005E       _InitTimer
 0682:0036       _InstallTimer
 0000:2E96       _int86
 0000:2EC7       _int86x
 0000:2F60       _intr
 0000:3004       _ioctl
 0000:1764       _isatty
 068F:0051       _KeyPress
 068F:0023       _KeyWaiting
 061C:0089       _killImages
 0947:0012       _line
 0947:0017       _lineto
 0713:0EA3       _loadCHRfont
 0713:1916       _loadGEMfont
 061C:01CE       _loadImage
 0713:13E5       _loadROMfont
 0000:1166       _log
 0000:1817       _lseek
 04EE:000A       _main
 04EE:06F1       _makebreak
 04EE:0739       _makegabor
 069A:06FC       _makePalette
 0000:2ADB       _malloc
 0000:0E42       _matherr
 0000:3C7C       _memcpy
 0000:3CC4       _memset
 0947:0043       _moveto
 0682:0002       _msISR
 061C:00BB       _newImage
 0000:30DD       _nosound
 0000:3D10       _open
 0713:00FF       _openfontfile
 0000:1950       _outp
 0000:192C       _outport
 0000:1938       _outportb
 0000:1944       _outpw
 0D6A:262A       _Palette
 069A:066A       _paletteSize
 0D6A:25D6       _picBuf
 04EE:0BED       _picbufout
 0000:0F89       _pow
 0000:0E37       _pow10
 0000:3ECE       _printf
 0969:08F3       _putcheckerbox
 0969:05FE       _putcircle
 0969:0105       _putcircle5
 0969:09DC       _putcross
 0969:0A90       _puthline
 0947:00CD       _putpixel
 0969:07CE       _putrandombox
 0969:050F       _putrectangle
 0969:0297       _putslopeline
 0969:042A       _putsquare
 0969:0002       _putsquare3
 0969:01C8       _puttriangle
 0969:0059       _puttriangle3
 0969:0A5E       _putvline
 0969:0CA7       _ran2
 0000:196F       _rand
 0969:0B91       _randint
 069A:05C0       _readPalette
 0000:2C42       _realloc
 0947:005F       _resetbounds
 066D:00E6       _responseReady
 069A:048B       _Retrace
 0713:000E       _rotatexy
 05B9:02A2       _runMovie
 061C:02A5       _saveImage
 0000:207F       _segread
 0000:303D       _setblock
 0947:0054       _setcolor
 0000:209F       _setdate
 0947:0073       _SetGubs
 0947:000D       _setlinestyle
 0000:3CA0       _setmem
 05B9:0264       _setMovie
 069A:049B       _setPalette
 069A:0007       _setPicSettings
 0000:20B4       _settime
 05B9:0008       _SetupMoviePackage
 0000:437C       _setvbuf
 0000:152A       _setvect
 069A:036F       _setVideoMode
 04EE:0C5C       _sign
 0000:1116       _sin
 0D6A:0412       _sin_table
 0000:30B1       _sound
 0000:44D7       _sprintf
 0000:0E6C       _sqrt
 0000:195E       _srand
 0000:217F       _stime
 0000:451A       _strcat
 0000:4559       _strcmp
 0000:4589       _strcpy
 0000:45B2       _strlen
 0000:45D1       _strncpy
 0682:00AB       _SwitchTimer
 0000:2217       _tell
 0D6A:0F86       _textinfo
 0969:1161       _thankyou
 0000:21BF       _time
 0D6A:25DE       _Timer
 0D6A:2390       _timezone
 0D6A:2388       _tzname
 0000:4930       _tzset
 0000:4BFE       _ungetc
 0000:472C       _unixtodos
 0000:222F       _unlink
 0713:11B8       _unloadCHRfont
 0713:1B9B       _unloadGEMfont
 0713:16D8       _unloadROMfont
 061C:0159       _uploadImage
 0D6A:0F52       _userxscale
 0D6A:0F56       _useryscale
 0000:4C69       _vprintf
 0000:44F9       _vsprintf
 0682:0085       _Wait
 069A:0525       _writePalette
 0969:06DF       _writeppm
 08F7:00B9       _XMMallcoreleft
 08F7:0101       _XMMalloc
 08F7:0073       _XMMcoreleft
 08F7:01BA       _XMMfree
 08F7:003F       _XMMgetversion
 08F7:0002       _XMMlibinit
 08F7:015C       _XMMrealloc
 0D6A:1A3D       _xmsif_vers_date
 0D6A:1A46       _xmsif_vers_time
 0D6A:1A1B       _xmsif_vers_vers
 0D6A:1CE0       __8087
 0000:1000  Abs  __AHINCR
 0000:000C  Abs  __AHSHIFT
 0D6A:1EFC       __atexitcnt
 0D6A:29BE       __atexittbl
 0000:2D39       __brk
 0D6A:008B       __brklvl
 0D6A:006B       __C0argc
 0D6A:006D       __C0argv
 0D6A:0071       __C0environ
 0000:14A8       __cexit
 0000:0167       __checknull
 0000:316A       __chmod
 0000:0154       __cleanup
 0000:31AF       __close
 0D6A:1EFE       __ctype
 0000:0000  Abs  __cvtfak
 0000:14B6       __c_exit
 0D6A:1CF4       __default87
 0D6A:21CC       __doserrno
 0000:1752       __DOSERROR
 0D6A:21CE       __dosErrorToSV
 0000:13F2       __dos_getfileattr
 0000:1412       __dos_setfileattr
 1010:0000       __emu
 0D6A:0075       __envLng
 0D6A:0077       __envseg
 0D6A:0079       __envSize
 0000:1496       __exit
 0D6A:2000       __exitbuf
 0D6A:2004       __exitfopen
 0D6A:2008       __exitopen
 0000:0F1C       __EXPL
 0000:3A76       __fgetc
 0000:8087  Abs  __floatconvert
 0000:4E83       __fmemcpy
 0000:4ECB       __fmemset
 0D6A:21C6       __fmode
 0000:0CBF       __fperror
 0D6A:21CA       __fpstklen
 0000:04B8       __fpuint
 0000:3EE9       __fputc
 0000:40AC       __FPUTN
 0000:4EA7       __fsetmem
 0000:3625       __GETFP
 0D6A:0087       __heapbase
 0D6A:008F       __heaptop
 0D6A:1CFA       __huge_dble
 0D6A:1CF6       __huge_flt
 0D6A:1D02       __huge_ldble
 0D6A:1D0C       __indefinite
 0D6A:005B       __Int0Vector
 0D6A:005F       __Int4Vector
 0D6A:0063       __Int5Vector
 0D6A:0067       __Int6Vector
 0000:1719       __IOERROR
 0000:4B1C       __ISDST
 0D6A:1CF1       __LDT
 0000:04CB       __LDTRUNC
 0000:1775       __LONGTOA
 0000:11E2       __matherr
 0D6A:1D1A       __mathwhy
 0000:1840       __MKNAME
 0000:0262       __MMODEL
 0D6A:236E       __monthDay
 0000:3A8B       __Nfgetc
 0D6A:219C       __nfile
 0D6A:21C8       __notUmask
 0000:4BFB       __Nungetc
 0000:3E7F       __open
 0D6A:219E       __openfd
 0000:3556       __OPENFP
 0D6A:007D       __osmajor
 0D6A:007E       __osminor
 0D6A:007D       __osversion
 0000:0D6E       __POW10
 0D6A:1CF0       __protected
 0D6A:007B       __psp
 0000:1995       __read
 0000:302D       __REALCVT
 0D6A:23A2       __RealCvtVector
 0000:01BD       __restorezero
 0000:2D78       __sbrk
 0000:19C4       __scanner
 0000:3039       __scanpop
 0000:3035       __scanrslt
 0000:3031       __scantod
 0D6A:23A6       __ScanTodVector
 0000:1EDD       __scantol
 0000:0000  Abs  __setenvp__
 0000:20C9       __setupio
 0D6A:0081       __StartTime
 0D6A:22B6       __stklen
 0000:271D       __stpcpy
 0D6A:200C       __streams
 0000:0168       __terminate
 0D6A:1D10       __tiny_ldble
 0000:189D       __TMPNAM
 0000:0000  Abs  __turboCvt
 0000:8087  Abs  __turboFloat
 0000:17F7       __UTOA
 0D6A:007D       __version
 0000:225F       __VPRINTER
 0000:4DD2       __write
 0000:0AB7       __XCVT
 0000:4E0E       __xfclose
 0000:4E4B       __xfflush
 08F7:01EF       __XMMcopy
 0D6A:1A18       __XMMerror
 08F7:0397       __XMMicopy
 0D6A:1A19       __XMMversion
 0D6A:0085       ___brklvl
 0000:2891       ___first
 0000:03D1       ___fpreset
 0000:2893       ___last
 0000:42AB       ___read
 0000:2895       ___rover
 0D6A:2A4C       ___SignalPtr
 0000:4C83       ___write

  Address         Publics by Value

 0000:0000  Abs  __turboCvt
 0000:0000  Abs  __cvtfak
 0000:0000  Abs  __setenvp__
 0000:000C  Abs  __AHSHIFT
 0000:0632  Abs  FISRQQ
 0000:0E32  Abs  FICRQQ
 0000:1000  Abs  __AHINCR
 0000:1632  Abs  FIERQQ
 0000:4000  Abs  FJARQQ
 0000:5C32  Abs  FIDRQQ
 0000:8000  Abs  FJSRQQ
 0000:8087  Abs  __turboFloat
 0000:8087  Abs  __floatconvert
 0000:A23D  Abs  FIWRQQ
 0000:C000  Abs  FJCRQQ
 0000:FE32  Abs  FIARQQ
 0000:0154       __cleanup
 0000:0167       __checknull
 0000:0168       __terminate
 0000:01BD       __restorezero
 0000:0249       _abort
 0000:0260       DGROUP@
 0000:0262       __MMODEL
 0000:03D1       ___fpreset
 0000:04B8       __fpuint
 0000:04BC       _fabs
 0000:04CB       __LDTRUNC
 0000:0AB7       __XCVT
 0000:0CBF       __fperror
 0000:0D6E       __POW10
 0000:0E37       _pow10
 0000:0E42       _matherr
 0000:0E6C       _sqrt
 0000:0EAE       _exp
 0000:0F1C       __EXPL
 0000:0F89       _pow
 0000:1116       _sin
 0000:1166       _log
 0000:11E2       __matherr
 0000:128B       _cos
 0000:12DB       _atan2
 0000:1399       F_FTOL@
 0000:1399       FTOL@
 0000:13C5       _atexit
 0000:13F2       __dos_getfileattr
 0000:1412       __dos_setfileattr
 0000:1487       _exit
 0000:1496       __exit
 0000:14A8       __cexit
 0000:14B6       __c_exit
 0000:14C2       F_LXMUL@
 0000:14C2       LXMUL@
 0000:14D9       F_SCOPY@
 0000:14D9       SCOPY@
 0000:14F5       _getdate
 0000:1508       _gettime
 0000:151B       _getvect
 0000:152A       _setvect
 0000:153B       N_LDIV@
 0000:153E       F_LDIV@
 0000:153E       LDIV@
 0000:1542       N_LUDIV@
 0000:1545       F_LUDIV@
 0000:1545       LUDIV@
 0000:154A       N_LMOD@
 0000:154D       F_LMOD@
 0000:154D       LMOD@
 0000:1552       N_LUMOD@
 0000:1555       LUMOD@
 0000:1555       F_LUMOD@
 0000:15E9       N_LXLSH@
 0000:15EC       LXLSH@
 0000:15EC       F_LXLSH@
 0000:160A       N_PADA@
 0000:160D       F_PADA@
 0000:160D       PADA@
 0000:164E       N_PSBA@
 0000:1651       PSBA@
 0000:1651       F_PSBA@
 0000:1692       N_PADD@
 0000:1695       F_PADD@
 0000:1695       PADD@
 0000:16C1       N_PSUB@
 0000:16C4       F_PSUB@
 0000:16C4       PSUB@
 0000:16F2       N_SPUSH@
 0000:16F8       F_SPUSH@
 0000:16F8       SPUSH@
 0000:1719       __IOERROR
 0000:1752       __DOSERROR
 0000:1764       _isatty
 0000:1775       __LONGTOA
 0000:17F7       __UTOA
 0000:1817       _lseek
 0000:1840       __MKNAME
 0000:189D       __TMPNAM
 0000:18F4       N_LXMUL@
 0000:190B       N_PCMP@
 0000:192C       _outport
 0000:1938       _outportb
 0000:1944       _outpw
 0000:1950       _outp
 0000:195E       _srand
 0000:196F       _rand
 0000:1995       __read
 0000:19C4       __scanner
 0000:1EDD       __scantol
 0000:207F       _segread
 0000:209F       _setdate
 0000:20B4       _settime
 0000:20C9       __setupio
 0000:217F       _stime
 0000:21BF       _time
 0000:2217       _tell
 0000:222F       _unlink
 0000:225F       __VPRINTER
 0000:271D       __stpcpy
 0000:2751       _bioskey
 0000:2776       _calloc
 0000:2830       _delay
 0000:2891       ___first
 0000:2893       ___last
 0000:2895       ___rover
 0000:29D1       _farfree
 0000:29D1       _free
 0000:2ADB       _malloc
 0000:2AE5       _farmalloc
 0000:2C42       _realloc
 0000:2C49       _farrealloc
 0000:2D39       __brk
 0000:2D78       __sbrk
 0000:2E06       _farcalloc
 0000:2E96       _int86
 0000:2EC7       _int86x
 0000:2F60       _intr
 0000:3004       _ioctl
 0000:302D       __REALCVT
 0000:3031       __scantod
 0000:3035       __scanrslt
 0000:3039       __scanpop
 0000:303D       _setblock
 0000:30B1       _sound
 0000:30DD       _nosound
 0000:30E4       _atol
 0000:3159       _atoi
 0000:316A       __chmod
 0000:3187       _close
 0000:31AF       __close
 0000:31CD       _eof
 0000:3244       _fclose
 0000:32EF       _fflush
 0000:33BC       _fgets
 0000:3458       _flushall
 0000:3556       __OPENFP
 0000:3625       __GETFP
 0000:366F       _fopen
 0000:36A4       _fprintf
 0000:37B4       _fread
 0000:3842       _fscanf
 0000:38E8       _fseek
 0000:3968       _ftell
 0000:3A76       __fgetc
 0000:3A8B       __Nfgetc
 0000:3A8E       _fgetc
 0000:3B7C       _fgetchar
 0000:3B88       _getenv
 0000:3BF8       _gets
 0000:3C7C       _memcpy
 0000:3CA0       _setmem
 0000:3CC4       _memset
 0000:3D10       _open
 0000:3E7F       __open
 0000:3ECE       _printf
 0000:3EE9       __fputc
 0000:3F05       _fputc
 0000:4098       _fputchar
 0000:40AC       __FPUTN
 0000:42AB       ___read
 0000:437C       _setvbuf
 0000:44D7       _sprintf
 0000:44F9       _vsprintf
 0000:451A       _strcat
 0000:4559       _strcmp
 0000:4589       _strcpy
 0000:45B2       _strlen
 0000:45D1       _strncpy
 0000:4602       _dostounix
 0000:472C       _unixtodos
 0000:4930       _tzset
 0000:4B1C       __ISDST
 0000:4BFB       __Nungetc
 0000:4BFE       _ungetc
 0000:4C69       _vprintf
 0000:4C83       ___write
 0000:4DD2       __write
 0000:4E0E       __xfclose
 0000:4E4B       __xfflush
 0000:4E83       __fmemcpy
 0000:4EA7       __fsetmem
 0000:4ECB       __fmemset
 04EE:000A       _main
 04EE:06C9       _hline
 04EE:06F1       _makebreak
 04EE:0739       _makegabor
 04EE:07FD       _gabor
 04EE:08B8       _gabor2
 04EE:0977       _gabor4
 04EE:0BED       _picbufout
 04EE:0C5C       _sign
 05B9:0008       _SetupMoviePackage
 05B9:01F6       _CleanupMoviePackage
 05B9:0220       _initMovie
 05B9:0264       _setMovie
 05B9:02A2       _runMovie
 061C:000A       _goImages
 061C:0089       _killImages
 061C:00BB       _newImage
 061C:012C       _downloadImage
 061C:0159       _uploadImage
 061C:0186       _drawText
 061C:01CE       _loadImage
 061C:02A5       _saveImage
 066D:0008       _initResponse
 066D:0055       _freeResponse
 066D:0079       _checkResponse
 066D:00E6       _responseReady
 067D:000F       _error
 0682:0002       _msISR
 0682:0036       _InstallTimer
 0682:005E       _InitTimer
 0682:0085       _Wait
 0682:00AB       _SwitchTimer
 068F:0005       _FlushKeyBuf
 068F:0023       _KeyWaiting
 068F:0041       _GetKey
 068F:0051       _KeyPress
 068F:008A       _GetStick
 069A:0007       _setPicSettings
 069A:002F       _drawPicture
 069A:036F       _setVideoMode
 069A:03A8       _clearScreen
 069A:048B       _Retrace
 069A:049B       _setPalette
 069A:0525       _writePalette
 069A:05C0       _readPalette
 069A:066A       _paletteSize
 069A:0674       _addColor
 069A:06AB       _findColor
 069A:06FC       _makePalette
 0713:000E       _rotatexy
 0713:00FF       _openfontfile
 0713:01CA       _blobcopy
 0713:01F2       _bgi_closefont
 0713:022F       _bgi_deletefont
 0713:025C       _bgi_fontpath
 0713:0274       _bgi_getbasecharsize
 0713:02BD       _bgi_gettextsettings
 0713:02F3       _bgi_installuserfont
 0713:0363       _bgi_outtext
 0713:08DD       _bgi_outtextxy
 0713:0926       _bgi_registerbgifont
 0713:096F       _bgi_registerfarbgifont
 0713:09BB       _bgi_settextjustify
 0713:09E8       _bgi_settextstyle
 0713:0C3F       _bgi_setusercharsize
 0713:0D00       _bgi_textheight
 0713:0D40       _bgi_textwidth
 0713:0EA3       _loadCHRfont
 0713:11B8       _unloadCHRfont
 0713:11D3       _decodeCHRstroke
 0713:1226       _drawCHRchar
 0713:13E5       _loadROMfont
 0713:16D8       _unloadROMfont
 0713:1702       _drawROMchar
 0713:1916       _loadGEMfont
 0713:1B9B       _unloadGEMfont
 0713:1BC5       _drawGEMchar
 08F7:0002       _XMMlibinit
 08F7:003F       _XMMgetversion
 08F7:0073       _XMMcoreleft
 08F7:00B9       _XMMallcoreleft
 08F7:0101       _XMMalloc
 08F7:015C       _XMMrealloc
 08F7:01BA       _XMMfree
 08F7:01EF       __XMMcopy
 08F7:0397       __XMMicopy
 0947:0008       _getlinesettings
 0947:000D       _setlinestyle
 0947:0012       _line
 0947:0017       _lineto
 0947:001C       _getx
 0947:0026       _gety
 0947:0030       _getcolor
 0947:003A       _getbkcolor
 0947:0043       _moveto
 0947:0054       _setcolor
 0947:005F       _resetbounds
 0947:0073       _SetGubs
 0947:00CD       _putpixel
 0969:0002       _putsquare3
 0969:0059       _puttriangle3
 0969:0105       _putcircle5
 0969:01C8       _puttriangle
 0969:0297       _putslopeline
 0969:042A       _putsquare
 0969:050F       _putrectangle
 0969:05FE       _putcircle
 0969:06DF       _writeppm
 0969:07CE       _putrandombox
 0969:08F3       _putcheckerbox
 0969:09DC       _putcross
 0969:0A5E       _putvline
 0969:0A90       _puthline
 0969:0AC2       _assign
 0969:0B29       _distribute
 0969:0B91       _randint
 0969:0BD6       _gaussdev
 0969:0CA7       _ran2
 0969:0F80       _gen_init
 0969:1161       _thankyou
 0969:1235       _audio
 0A95:2152       e086_Entry
 0A95:26E0       e086_Shortcut
 0D0D:0306       e087_Entry
 0D0D:03C6       e087_Shortcut
 0D0D:0430       e087_Trap
 0D6A:0000       DATASEG@
 0D6A:005B       __Int0Vector
 0D6A:005F       __Int4Vector
 0D6A:0063       __Int5Vector
 0D6A:0067       __Int6Vector
 0D6A:006B       __C0argc
 0D6A:006D       __C0argv
 0D6A:0071       __C0environ
 0D6A:0075       __envLng
 0D6A:0077       __envseg
 0D6A:0079       __envSize
 0D6A:007B       __psp
 0D6A:007D       __osversion
 0D6A:007D       __osmajor
 0D6A:007D       __version
 0D6A:007E       __osminor
 0D6A:007F       _errno
 0D6A:0081       __StartTime
 0D6A:0085       ___brklvl
 0D6A:0087       __heapbase
 0D6A:008B       __brklvl
 0D6A:008F       __heaptop
 0D6A:0378       _font_path
 0D6A:0408       _do_underline
 0D6A:040A       _do_bold
 0D6A:040C       _do_italics
 0D6A:040E       _do_uselinestyle
 0D6A:0410       _do_usebkcolor
 0D6A:0412       _sin_table
 0D6A:09B2       _cos_table
 0D6A:0F52       _userxscale
 0D6A:0F56       _useryscale
 0D6A:0F5A       _font_scale
 0D6A:0F86       _textinfo
 0D6A:0F90       _font_data
 0D6A:131A       _font_list
 0D6A:1A18       __XMMerror
 0D6A:1A19       __XMMversion
 0D6A:1A1B       _xmsif_vers_vers
 0D6A:1A3D       _xmsif_vers_date
 0D6A:1A46       _xmsif_vers_time
 0D6A:1A4F       XMMentry
 0D6A:1A53       XMMinit
 0D6A:1A92       _bound_minx
 0D6A:1A94       _bound_maxx
 0D6A:1A96       _bound_miny
 0D6A:1A98       _bound_maxy
 0D6A:1CE0       __8087
 0D6A:1CF0       __protected
 0D6A:1CF1       __LDT
 0D6A:1CF4       __default87
 0D6A:1CF6       __huge_flt
 0D6A:1CFA       __huge_dble
 0D6A:1D02       __huge_ldble
 0D6A:1D0C       __indefinite
 0D6A:1D10       __tiny_ldble
 0D6A:1D1A       __mathwhy
 0D6A:1EFC       __atexitcnt
 0D6A:1EFE       __ctype
 0D6A:2000       __exitbuf
 0D6A:2004       __exitfopen
 0D6A:2008       __exitopen
 0D6A:200C       __streams
 0D6A:219C       __nfile
 0D6A:219E       __openfd
 0D6A:21C6       __fmode
 0D6A:21C8       __notUmask
 0D6A:21CA       __fpstklen
 0D6A:21CC       __doserrno
 0D6A:21CE       __dosErrorToSV
 0D6A:22B6       __stklen
 0D6A:2358       _environ
 0D6A:236E       __monthDay
 0D6A:2388       _tzname
 0D6A:2390       _timezone
 0D6A:2394       _daylight
 0D6A:23A2       __RealCvtVector
 0D6A:23A6       __ScanTodVector
 0D6A:25D6       _picBuf
 0D6A:25DE       _Timer
 0D6A:262A       _Palette
 0D6A:29BE       __atexittbl
 0D6A:2A4C       ___SignalPtr
 1010:0000       __emu

Program entry point at 0000:0000

