
 Start  Stop   Length Name               Class

 00000H 04EE9H 04EEAH _TEXT              CODE
 04EEAH 05CFBH 00E12H MR21RG_TEXT        CODE
 05CFCH 0632DH 00632H MOVIEOBJ_TEXT      CODE
 0632EH 0683BH 0050EH IMAGE_TEXT         CODE
 0683CH 06942H 00107H RESPONSE_TEXT      CODE
 06943H 06985H 00043H ERROR_TEXT         CODE
 06986H 06A58H 000D3H TIMER_TEXT         CODE
 06A59H 06B0AH 000B2H INPUT_TEXT         CODE
 06B0BH 072A1H 00797H VIDEO_TEXT         CODE
 072A2H 090D4H 01E33H BGIFNT_TEXT        CODE
 090D6H 095DBH 00506H xmsif1_TEXT        CODE
 095DCH 097F5H 0021AH GUBS_TEXT          CODE
 097F6H 0AAA7H 012B2H EXPTLIB_TEXT       CODE
 0AAB0H 0D226H 02777H EMU_PROG           CODE
 0D230H 0D7F7H 005C8H E87_PROG           CODE
 0D800H 0D800H 00000H _FARDATA           FAR_DATA
 0D800H 0D800H 00000H _FARBSS            FAR_BSS
 0D800H 0D800H 00000H _OVERLAY_          OVRINFO
 0D800H 0D800H 00000H _1STUB_            STUBSEG
 0D800H 0FC91H 02492H _DATA              DATA
 0FC92H 0FC95H 00004H _CVTSEG            DATA
 0FC96H 0FCA1H 0000CH _SCNSEG            DATA
 0FCA2H 0FCA2H 00000H _CONST             CONST
 0FCA2H 0FCBFH 0001EH _INIT_             INITDATA
 0FCC0H 0FCC0H 00000H _INITEND_          INITDATA
 0FCC0H 0FCC5H 00006H _EXIT_             EXITDATA
 0FCC6H 0FCC6H 00000H _EXITEND_          EXITDATA
 0FCC6H 1034BH 00686H _BSS               BSS
 1034CH 1034CH 00000H _BSSEND            BSSEND
 10350H 1045FH 00110H _STACK             STACK

  Address         Publics by Name

 0D80:0000       DATASEG@
 0000:0260       DGROUP@
 0AAB:2152       e086_Entry
 0AAB:26E0       e086_Shortcut
 0D23:0306       e087_Entry
 0D23:03C6       e087_Shortcut
 0D23:0430       e087_Trap
 0000:FE32  Abs  FIARQQ
 0000:0E32  Abs  FICRQQ
 0000:5C32  Abs  FIDRQQ
 0000:1632  Abs  FIERQQ
 0000:0632  Abs  FISRQQ
 0000:A23D  Abs  FIWRQQ
 0000:4000  Abs  FJARQQ
 0000:C000  Abs  FJCRQQ
 0000:8000  Abs  FJSRQQ
 0000:1399       FTOL@
 0000:1399       F_FTOL@
 0000:153E       F_LDIV@
 0000:154D       F_LMOD@
 0000:1545       F_LUDIV@
 0000:1555       F_LUMOD@
 0000:15EC       F_LXLSH@
 0000:14C2       F_LXMUL@
 0000:160D       F_PADA@
 0000:1695       F_PADD@
 0000:1651       F_PSBA@
 0000:16C4       F_PSUB@
 0000:14D9       F_SCOPY@
 0000:16F8       F_SPUSH@
 0000:153E       LDIV@
 0000:154D       LMOD@
 0000:1545       LUDIV@
 0000:1555       LUMOD@
 0000:15EC       LXLSH@
 0000:14C2       LXMUL@
 0000:153B       N_LDIV@
 0000:154A       N_LMOD@
 0000:1542       N_LUDIV@
 0000:1552       N_LUMOD@
 0000:15E9       N_LXLSH@
 0000:18F4       N_LXMUL@
 0000:160A       N_PADA@
 0000:1692       N_PADD@
 0000:190B       N_PCMP@
 0000:164E       N_PSBA@
 0000:16C1       N_PSUB@
 0000:16F2       N_SPUSH@
 0000:160D       PADA@
 0000:1695       PADD@
 0000:1651       PSBA@
 0000:16C4       PSUB@
 0000:14D9       SCOPY@
 0000:16F8       SPUSH@
 0D80:1B3D       XMMentry
 0D80:1B41       XMMinit
 0000:0249       _abort
 06B0:0678       _addColor
 097F:0AC6       _assign
 0000:12DB       _atan2
 0000:13C5       _atexit
 0000:3159       _atoi
 0000:30E4       _atol
 097F:1239       _audio
 072A:01E6       _bgi_closefont
 072A:0223       _bgi_deletefont
 072A:0250       _bgi_fontpath
 072A:0268       _bgi_getbasecharsize
 072A:02B1       _bgi_gettextsettings
 072A:02E7       _bgi_installuserfont
 072A:0357       _bgi_outtext
 072A:08D1       _bgi_outtextxy
 072A:091A       _bgi_registerbgifont
 072A:0963       _bgi_registerfarbgifont
 072A:09AF       _bgi_settextjustify
 072A:09DC       _bgi_settextstyle
 072A:0C33       _bgi_setusercharsize
 072A:0CF4       _bgi_textheight
 072A:0D34       _bgi_textwidth
 0000:2751       _bioskey
 072A:01BE       _blobcopy
 0D80:1B82       _bound_maxx
 0D80:1B86       _bound_maxy
 0D80:1B80       _bound_minx
 0D80:1B84       _bound_miny
 0000:2776       _calloc
 0683:007D       _checkResponse
 05CF:01FA       _CleanupMoviePackage
 06B0:03AC       _clearScreen
 0000:3187       _close
 0000:128B       _cos
 0D80:0AA0       _cos_table
 0D80:2484       _daylight
 072A:11C7       _decodeCHRstroke
 0000:2830       _delay
 097F:0B2D       _distribute
 0000:4602       _dostounix
 0632:0130       _downloadImage
 0D80:04F8       _do_bold
 0D80:04FA       _do_italics
 0D80:04F6       _do_underline
 0D80:04FE       _do_usebkcolor
 0D80:04FC       _do_uselinestyle
 072A:121A       _drawCHRchar
 072A:1BB9       _drawGEMchar
 06B0:0033       _drawPicture
 072A:16F6       _drawROMchar
 0632:018A       _drawText
 0D80:2448       _environ
 0000:31CD       _eof
 0D80:007F       _errno
 0694:0003       _error
 0000:1487       _exit
 0000:0EAE       _exp
 0000:04BC       _fabs
 0000:2E06       _farcalloc
 0000:29D1       _farfree
 0000:2AE5       _farmalloc
 0000:2C49       _farrealloc
 0000:3244       _fclose
 0000:32EF       _fflush
 0000:3A8E       _fgetc
 0000:3B7C       _fgetchar
 0000:33BC       _fgets
 06B0:06AF       _findColor
 0000:3458       _flushall
 06A5:0009       _FlushKeyBuf
 0D80:107E       _font_data
 0D80:1408       _font_list
 0D80:0466       _font_path
 0D80:1048       _font_scale
 0000:366F       _fopen
 0000:36A4       _fprintf
 0000:3F05       _fputc
 0000:4098       _fputchar
 0000:37B4       _fread
 0000:29D1       _free
 0683:0059       _freeResponse
 0000:3842       _fscanf
 0000:38E8       _fseek
 0000:3968       _ftell
 04EE:08BA       _gabor
 04EE:0975       _gabor2
 04EE:0A34       _gabor4
 097F:0BDA       _gaussdev
 097F:0F84       _gen_init
 095D:003E       _getbkcolor
 095D:0034       _getcolor
 0000:14F5       _getdate
 0000:3B88       _getenv
 06A5:0045       _GetKey
 095D:000C       _getlinesettings
 0000:3BF8       _gets
 06A5:008E       _GetStick
 0000:1508       _gettime
 0000:151B       _getvect
 095D:0020       _getx
 095D:002A       _gety
 0632:000E       _goImages
 04EE:0788       _hline
 05CF:0224       _initMovie
 0683:000C       _initResponse
 0698:0062       _InitTimer
 0698:003A       _InstallTimer
 0000:2E96       _int86
 0000:2EC7       _int86x
 0000:2F60       _intr
 0000:3004       _ioctl
 0000:1764       _isatty
 06A5:0055       _KeyPress
 06A5:0027       _KeyWaiting
 0632:008D       _killImages
 095D:0016       _line
 095D:001B       _lineto
 072A:0E97       _loadCHRfont
 072A:190A       _loadGEMfont
 0632:01D2       _loadImage
 072A:13D9       _loadROMfont
 0000:1166       _log
 0000:1817       _lseek
 04EE:000A       _main
 04EE:07B0       _makebreak
 04EE:07F8       _makegabor
 06B0:0700       _makePalette
 04EE:0D75       _makeredgreen
 0000:2ADB       _malloc
 0000:0E42       _matherr
 0000:3C7C       _memcpy
 0000:3CC4       _memset
 095D:0047       _moveto
 0698:0006       _msISR
 0632:00BF       _newImage
 0000:30DD       _nosound
 0000:3D10       _open
 072A:00F3       _openfontfile
 0000:1950       _outp
 0000:192C       _outport
 0000:1938       _outportb
 0000:1944       _outpw
 0D80:271A       _Palette
 06B0:066E       _paletteSize
 0D80:26C6       _picBuf
 04EE:0CAA       _picbufout
 0000:0F89       _pow
 0000:0E37       _pow10
 0000:3ECE       _printf
 097F:08F7       _putcheckerbox
 097F:0602       _putcircle
 097F:0109       _putcircle5
 097F:09E0       _putcross
 097F:0A94       _puthline
 095D:00D1       _putpixel
 097F:07D2       _putrandombox
 097F:0513       _putrectangle
 097F:029B       _putslopeline
 097F:042E       _putsquare
 097F:0006       _putsquare3
 097F:01CC       _puttriangle
 097F:005D       _puttriangle3
 097F:0A62       _putvline
 097F:0CAB       _ran2
 0000:196F       _rand
 097F:0B95       _randint
 06B0:05C4       _readPalette
 0000:2C42       _realloc
 04EE:0DD2       _redgreen
 095D:0063       _resetbounds
 0683:00EA       _responseReady
 06B0:048F       _Retrace
 072A:0002       _rotatexy
 05CF:02A6       _runMovie
 0632:02A9       _saveImage
 0000:207F       _segread
 0000:303D       _setblock
 095D:0058       _setcolor
 0000:209F       _setdate
 095D:0077       _SetGubs
 095D:0011       _setlinestyle
 0000:3CA0       _setmem
 05CF:0268       _setMovie
 06B0:049F       _setPalette
 06B0:000B       _setPicSettings
 0000:20B4       _settime
 05CF:000C       _SetupMoviePackage
 0000:437C       _setvbuf
 0000:152A       _setvect
 06B0:0373       _setVideoMode
 04EE:0D19       _sign
 0000:1116       _sin
 0D80:0500       _sin_table
 0000:30B1       _sound
 0000:44D7       _sprintf
 0000:0E6C       _sqrt
 0000:195E       _srand
 0000:217F       _stime
 0000:451A       _strcat
 0000:4559       _strcmp
 0000:4589       _strcpy
 0000:45B2       _strlen
 0000:45D1       _strncpy
 0698:00AF       _SwitchTimer
 0000:2217       _tell
 0D80:1074       _textinfo
 097F:1165       _thankyou
 0000:21BF       _time
 0D80:26CE       _Timer
 0D80:2480       _timezone
 0D80:2478       _tzname
 0000:4930       _tzset
 0000:4BFE       _ungetc
 0000:472C       _unixtodos
 0000:222F       _unlink
 072A:11AC       _unloadCHRfont
 072A:1B8F       _unloadGEMfont
 072A:16CC       _unloadROMfont
 0632:015D       _uploadImage
 0D80:1040       _userxscale
 0D80:1044       _useryscale
 0000:4C69       _vprintf
 0000:44F9       _vsprintf
 0698:0089       _Wait
 06B0:0529       _writePalette
 097F:06E3       _writeppm
 090D:00BD       _XMMallcoreleft
 090D:0105       _XMMalloc
 090D:0077       _XMMcoreleft
 090D:01BE       _XMMfree
 090D:0043       _XMMgetversion
 090D:0006       _XMMlibinit
 090D:0160       _XMMrealloc
 0D80:1B2B       _xmsif_vers_date
 0D80:1B34       _xmsif_vers_time
 0D80:1B09       _xmsif_vers_vers
 0D80:1DD0       __8087
 0000:1000  Abs  __AHINCR
 0000:000C  Abs  __AHSHIFT
 0D80:1FEC       __atexitcnt
 0D80:2AAE       __atexittbl
 0000:2D39       __brk
 0D80:008B       __brklvl
 0D80:006B       __C0argc
 0D80:006D       __C0argv
 0D80:0071       __C0environ
 0000:14A8       __cexit
 0000:0167       __checknull
 0000:316A       __chmod
 0000:0154       __cleanup
 0000:31AF       __close
 0D80:1FEE       __ctype
 0000:0000  Abs  __cvtfak
 0000:14B6       __c_exit
 0D80:1DE4       __default87
 0D80:22BC       __doserrno
 0000:1752       __DOSERROR
 0D80:22BE       __dosErrorToSV
 0000:13F2       __dos_getfileattr
 0000:1412       __dos_setfileattr
 1035:0000       __emu
 0D80:0075       __envLng
 0D80:0077       __envseg
 0D80:0079       __envSize
 0000:1496       __exit
 0D80:20F0       __exitbuf
 0D80:20F4       __exitfopen
 0D80:20F8       __exitopen
 0000:0F1C       __EXPL
 0000:3A76       __fgetc
 0000:8087  Abs  __floatconvert
 0000:4E83       __fmemcpy
 0000:4ECB       __fmemset
 0D80:22B6       __fmode
 0000:0CBF       __fperror
 0D80:22BA       __fpstklen
 0000:04B8       __fpuint
 0000:3EE9       __fputc
 0000:40AC       __FPUTN
 0000:4EA7       __fsetmem
 0000:3625       __GETFP
 0D80:0087       __heapbase
 0D80:008F       __heaptop
 0D80:1DEA       __huge_dble
 0D80:1DE6       __huge_flt
 0D80:1DF2       __huge_ldble
 0D80:1DFC       __indefinite
 0D80:005B       __Int0Vector
 0D80:005F       __Int4Vector
 0D80:0063       __Int5Vector
 0D80:0067       __Int6Vector
 0000:1719       __IOERROR
 0000:4B1C       __ISDST
 0D80:1DE1       __LDT
 0000:04CB       __LDTRUNC
 0000:1775       __LONGTOA
 0000:11E2       __matherr
 0D80:1E0A       __mathwhy
 0000:1840       __MKNAME
 0000:0262       __MMODEL
 0D80:245E       __monthDay
 0000:3A8B       __Nfgetc
 0D80:228C       __nfile
 0D80:22B8       __notUmask
 0000:4BFB       __Nungetc
 0000:3E7F       __open
 0D80:228E       __openfd
 0000:3556       __OPENFP
 0D80:007D       __osmajor
 0D80:007E       __osminor
 0D80:007D       __osversion
 0000:0D6E       __POW10
 0D80:1DE0       __protected
 0D80:007B       __psp
 0000:1995       __read
 0000:302D       __REALCVT
 0D80:2492       __RealCvtVector
 0000:01BD       __restorezero
 0000:2D78       __sbrk
 0000:19C4       __scanner
 0000:3039       __scanpop
 0000:3035       __scanrslt
 0000:3031       __scantod
 0D80:2496       __ScanTodVector
 0000:1EDD       __scantol
 0000:0000  Abs  __setenvp__
 0000:20C9       __setupio
 0D80:0081       __StartTime
 0D80:23A6       __stklen
 0000:271D       __stpcpy
 0D80:20FC       __streams
 0000:0168       __terminate
 0D80:1E00       __tiny_ldble
 0000:189D       __TMPNAM
 0000:0000  Abs  __turboCvt
 0000:8087  Abs  __turboFloat
 0000:17F7       __UTOA
 0D80:007D       __version
 0000:225F       __VPRINTER
 0000:4DD2       __write
 0000:0AB7       __XCVT
 0000:4E0E       __xfclose
 0000:4E4B       __xfflush
 090D:01F3       __XMMcopy
 0D80:1B06       __XMMerror
 090D:039B       __XMMicopy
 0D80:1B07       __XMMversion
 0D80:0085       ___brklvl
 0000:2891       ___first
 0000:03D1       ___fpreset
 0000:2893       ___last
 0000:42AB       ___read
 0000:2895       ___rover
 0D80:2B3C       ___SignalPtr
 0000:4C83       ___write

  Address         Publics by Value

 0000:0000  Abs  __turboCvt
 0000:0000  Abs  __cvtfak
 0000:0000  Abs  __setenvp__
 0000:000C  Abs  __AHSHIFT
 0000:0632  Abs  FISRQQ
 0000:0E32  Abs  FICRQQ
 0000:1000  Abs  __AHINCR
 0000:1632  Abs  FIERQQ
 0000:4000  Abs  FJARQQ
 0000:5C32  Abs  FIDRQQ
 0000:8000  Abs  FJSRQQ
 0000:8087  Abs  __turboFloat
 0000:8087  Abs  __floatconvert
 0000:A23D  Abs  FIWRQQ
 0000:C000  Abs  FJCRQQ
 0000:FE32  Abs  FIARQQ
 0000:0154       __cleanup
 0000:0167       __checknull
 0000:0168       __terminate
 0000:01BD       __restorezero
 0000:0249       _abort
 0000:0260       DGROUP@
 0000:0262       __MMODEL
 0000:03D1       ___fpreset
 0000:04B8       __fpuint
 0000:04BC       _fabs
 0000:04CB       __LDTRUNC
 0000:0AB7       __XCVT
 0000:0CBF       __fperror
 0000:0D6E       __POW10
 0000:0E37       _pow10
 0000:0E42       _matherr
 0000:0E6C       _sqrt
 0000:0EAE       _exp
 0000:0F1C       __EXPL
 0000:0F89       _pow
 0000:1116       _sin
 0000:1166       _log
 0000:11E2       __matherr
 0000:128B       _cos
 0000:12DB       _atan2
 0000:1399       F_FTOL@
 0000:1399       FTOL@
 0000:13C5       _atexit
 0000:13F2       __dos_getfileattr
 0000:1412       __dos_setfileattr
 0000:1487       _exit
 0000:1496       __exit
 0000:14A8       __cexit
 0000:14B6       __c_exit
 0000:14C2       F_LXMUL@
 0000:14C2       LXMUL@
 0000:14D9       F_SCOPY@
 0000:14D9       SCOPY@
 0000:14F5       _getdate
 0000:1508       _gettime
 0000:151B       _getvect
 0000:152A       _setvect
 0000:153B       N_LDIV@
 0000:153E       F_LDIV@
 0000:153E       LDIV@
 0000:1542       N_LUDIV@
 0000:1545       F_LUDIV@
 0000:1545       LUDIV@
 0000:154A       N_LMOD@
 0000:154D       F_LMOD@
 0000:154D       LMOD@
 0000:1552       N_LUMOD@
 0000:1555       LUMOD@
 0000:1555       F_LUMOD@
 0000:15E9       N_LXLSH@
 0000:15EC       LXLSH@
 0000:15EC       F_LXLSH@
 0000:160A       N_PADA@
 0000:160D       F_PADA@
 0000:160D       PADA@
 0000:164E       N_PSBA@
 0000:1651       PSBA@
 0000:1651       F_PSBA@
 0000:1692       N_PADD@
 0000:1695       F_PADD@
 0000:1695       PADD@
 0000:16C1       N_PSUB@
 0000:16C4       F_PSUB@
 0000:16C4       PSUB@
 0000:16F2       N_SPUSH@
 0000:16F8       F_SPUSH@
 0000:16F8       SPUSH@
 0000:1719       __IOERROR
 0000:1752       __DOSERROR
 0000:1764       _isatty
 0000:1775       __LONGTOA
 0000:17F7       __UTOA
 0000:1817       _lseek
 0000:1840       __MKNAME
 0000:189D       __TMPNAM
 0000:18F4       N_LXMUL@
 0000:190B       N_PCMP@
 0000:192C       _outport
 0000:1938       _outportb
 0000:1944       _outpw
 0000:1950       _outp
 0000:195E       _srand
 0000:196F       _rand
 0000:1995       __read
 0000:19C4       __scanner
 0000:1EDD       __scantol
 0000:207F       _segread
 0000:209F       _setdate
 0000:20B4       _settime
 0000:20C9       __setupio
 0000:217F       _stime
 0000:21BF       _time
 0000:2217       _tell
 0000:222F       _unlink
 0000:225F       __VPRINTER
 0000:271D       __stpcpy
 0000:2751       _bioskey
 0000:2776       _calloc
 0000:2830       _delay
 0000:2891       ___first
 0000:2893       ___last
 0000:2895       ___rover
 0000:29D1       _farfree
 0000:29D1       _free
 0000:2ADB       _malloc
 0000:2AE5       _farmalloc
 0000:2C42       _realloc
 0000:2C49       _farrealloc
 0000:2D39       __brk
 0000:2D78       __sbrk
 0000:2E06       _farcalloc
 0000:2E96       _int86
 0000:2EC7       _int86x
 0000:2F60       _intr
 0000:3004       _ioctl
 0000:302D       __REALCVT
 0000:3031       __scantod
 0000:3035       __scanrslt
 0000:3039       __scanpop
 0000:303D       _setblock
 0000:30B1       _sound
 0000:30DD       _nosound
 0000:30E4       _atol
 0000:3159       _atoi
 0000:316A       __chmod
 0000:3187       _close
 0000:31AF       __close
 0000:31CD       _eof
 0000:3244       _fclose
 0000:32EF       _fflush
 0000:33BC       _fgets
 0000:3458       _flushall
 0000:3556       __OPENFP
 0000:3625       __GETFP
 0000:366F       _fopen
 0000:36A4       _fprintf
 0000:37B4       _fread
 0000:3842       _fscanf
 0000:38E8       _fseek
 0000:3968       _ftell
 0000:3A76       __fgetc
 0000:3A8B       __Nfgetc
 0000:3A8E       _fgetc
 0000:3B7C       _fgetchar
 0000:3B88       _getenv
 0000:3BF8       _gets
 0000:3C7C       _memcpy
 0000:3CA0       _setmem
 0000:3CC4       _memset
 0000:3D10       _open
 0000:3E7F       __open
 0000:3ECE       _printf
 0000:3EE9       __fputc
 0000:3F05       _fputc
 0000:4098       _fputchar
 0000:40AC       __FPUTN
 0000:42AB       ___read
 0000:437C       _setvbuf
 0000:44D7       _sprintf
 0000:44F9       _vsprintf
 0000:451A       _strcat
 0000:4559       _strcmp
 0000:4589       _strcpy
 0000:45B2       _strlen
 0000:45D1       _strncpy
 0000:4602       _dostounix
 0000:472C       _unixtodos
 0000:4930       _tzset
 0000:4B1C       __ISDST
 0000:4BFB       __Nungetc
 0000:4BFE       _ungetc
 0000:4C69       _vprintf
 0000:4C83       ___write
 0000:4DD2       __write
 0000:4E0E       __xfclose
 0000:4E4B       __xfflush
 0000:4E83       __fmemcpy
 0000:4EA7       __fsetmem
 0000:4ECB       __fmemset
 04EE:000A       _main
 04EE:0788       _hline
 04EE:07B0       _makebreak
 04EE:07F8       _makegabor
 04EE:08BA       _gabor
 04EE:0975       _gabor2
 04EE:0A34       _gabor4
 04EE:0CAA       _picbufout
 04EE:0D19       _sign
 04EE:0D75       _makeredgreen
 04EE:0DD2       _redgreen
 05CF:000C       _SetupMoviePackage
 05CF:01FA       _CleanupMoviePackage
 05CF:0224       _initMovie
 05CF:0268       _setMovie
 05CF:02A6       _runMovie
 0632:000E       _goImages
 0632:008D       _killImages
 0632:00BF       _newImage
 0632:0130       _downloadImage
 0632:015D       _uploadImage
 0632:018A       _drawText
 0632:01D2       _loadImage
 0632:02A9       _saveImage
 0683:000C       _initResponse
 0683:0059       _freeResponse
 0683:007D       _checkResponse
 0683:00EA       _responseReady
 0694:0003       _error
 0698:0006       _msISR
 0698:003A       _InstallTimer
 0698:0062       _InitTimer
 0698:0089       _Wait
 0698:00AF       _SwitchTimer
 06A5:0009       _FlushKeyBuf
 06A5:0027       _KeyWaiting
 06A5:0045       _GetKey
 06A5:0055       _KeyPress
 06A5:008E       _GetStick
 06B0:000B       _setPicSettings
 06B0:0033       _drawPicture
 06B0:0373       _setVideoMode
 06B0:03AC       _clearScreen
 06B0:048F       _Retrace
 06B0:049F       _setPalette
 06B0:0529       _writePalette
 06B0:05C4       _readPalette
 06B0:066E       _paletteSize
 06B0:0678       _addColor
 06B0:06AF       _findColor
 06B0:0700       _makePalette
 072A:0002       _rotatexy
 072A:00F3       _openfontfile
 072A:01BE       _blobcopy
 072A:01E6       _bgi_closefont
 072A:0223       _bgi_deletefont
 072A:0250       _bgi_fontpath
 072A:0268       _bgi_getbasecharsize
 072A:02B1       _bgi_gettextsettings
 072A:02E7       _bgi_installuserfont
 072A:0357       _bgi_outtext
 072A:08D1       _bgi_outtextxy
 072A:091A       _bgi_registerbgifont
 072A:0963       _bgi_registerfarbgifont
 072A:09AF       _bgi_settextjustify
 072A:09DC       _bgi_settextstyle
 072A:0C33       _bgi_setusercharsize
 072A:0CF4       _bgi_textheight
 072A:0D34       _bgi_textwidth
 072A:0E97       _loadCHRfont
 072A:11AC       _unloadCHRfont
 072A:11C7       _decodeCHRstroke
 072A:121A       _drawCHRchar
 072A:13D9       _loadROMfont
 072A:16CC       _unloadROMfont
 072A:16F6       _drawROMchar
 072A:190A       _loadGEMfont
 072A:1B8F       _unloadGEMfont
 072A:1BB9       _drawGEMchar
 090D:0006       _XMMlibinit
 090D:0043       _XMMgetversion
 090D:0077       _XMMcoreleft
 090D:00BD       _XMMallcoreleft
 090D:0105       _XMMalloc
 090D:0160       _XMMrealloc
 090D:01BE       _XMMfree
 090D:01F3       __XMMcopy
 090D:039B       __XMMicopy
 095D:000C       _getlinesettings
 095D:0011       _setlinestyle
 095D:0016       _line
 095D:001B       _lineto
 095D:0020       _getx
 095D:002A       _gety
 095D:0034       _getcolor
 095D:003E       _getbkcolor
 095D:0047       _moveto
 095D:0058       _setcolor
 095D:0063       _resetbounds
 095D:0077       _SetGubs
 095D:00D1       _putpixel
 097F:0006       _putsquare3
 097F:005D       _puttriangle3
 097F:0109       _putcircle5
 097F:01CC       _puttriangle
 097F:029B       _putslopeline
 097F:042E       _putsquare
 097F:0513       _putrectangle
 097F:0602       _putcircle
 097F:06E3       _writeppm
 097F:07D2       _putrandombox
 097F:08F7       _putcheckerbox
 097F:09E0       _putcross
 097F:0A62       _putvline
 097F:0A94       _puthline
 097F:0AC6       _assign
 097F:0B2D       _distribute
 097F:0B95       _randint
 097F:0BDA       _gaussdev
 097F:0CAB       _ran2
 097F:0F84       _gen_init
 097F:1165       _thankyou
 097F:1239       _audio
 0AAB:2152       e086_Entry
 0AAB:26E0       e086_Shortcut
 0D23:0306       e087_Entry
 0D23:03C6       e087_Shortcut
 0D23:0430       e087_Trap
 0D80:0000       DATASEG@
 0D80:005B       __Int0Vector
 0D80:005F       __Int4Vector
 0D80:0063       __Int5Vector
 0D80:0067       __Int6Vector
 0D80:006B       __C0argc
 0D80:006D       __C0argv
 0D80:0071       __C0environ
 0D80:0075       __envLng
 0D80:0077       __envseg
 0D80:0079       __envSize
 0D80:007B       __psp
 0D80:007D       __osversion
 0D80:007D       __osmajor
 0D80:007D       __version
 0D80:007E       __osminor
 0D80:007F       _errno
 0D80:0081       __StartTime
 0D80:0085       ___brklvl
 0D80:0087       __heapbase
 0D80:008B       __brklvl
 0D80:008F       __heaptop
 0D80:0466       _font_path
 0D80:04F6       _do_underline
 0D80:04F8       _do_bold
 0D80:04FA       _do_italics
 0D80:04FC       _do_uselinestyle
 0D80:04FE       _do_usebkcolor
 0D80:0500       _sin_table
 0D80:0AA0       _cos_table
 0D80:1040       _userxscale
 0D80:1044       _useryscale
 0D80:1048       _font_scale
 0D80:1074       _textinfo
 0D80:107E       _font_data
 0D80:1408       _font_list
 0D80:1B06       __XMMerror
 0D80:1B07       __XMMversion
 0D80:1B09       _xmsif_vers_vers
 0D80:1B2B       _xmsif_vers_date
 0D80:1B34       _xmsif_vers_time
 0D80:1B3D       XMMentry
 0D80:1B41       XMMinit
 0D80:1B80       _bound_minx
 0D80:1B82       _bound_maxx
 0D80:1B84       _bound_miny
 0D80:1B86       _bound_maxy
 0D80:1DD0       __8087
 0D80:1DE0       __protected
 0D80:1DE1       __LDT
 0D80:1DE4       __default87
 0D80:1DE6       __huge_flt
 0D80:1DEA       __huge_dble
 0D80:1DF2       __huge_ldble
 0D80:1DFC       __indefinite
 0D80:1E00       __tiny_ldble
 0D80:1E0A       __mathwhy
 0D80:1FEC       __atexitcnt
 0D80:1FEE       __ctype
 0D80:20F0       __exitbuf
 0D80:20F4       __exitfopen
 0D80:20F8       __exitopen
 0D80:20FC       __streams
 0D80:228C       __nfile
 0D80:228E       __openfd
 0D80:22B6       __fmode
 0D80:22B8       __notUmask
 0D80:22BA       __fpstklen
 0D80:22BC       __doserrno
 0D80:22BE       __dosErrorToSV
 0D80:23A6       __stklen
 0D80:2448       _environ
 0D80:245E       __monthDay
 0D80:2478       _tzname
 0D80:2480       _timezone
 0D80:2484       _daylight
 0D80:2492       __RealCvtVector
 0D80:2496       __ScanTodVector
 0D80:26C6       _picBuf
 0D80:26CE       _Timer
 0D80:271A       _Palette
 0D80:2AAE       __atexittbl
 0D80:2B3C       ___SignalPtr
 1035:0000       __emu

Program entry point at 0000:0000

