
 Start  Stop   Length Name               Class

 00000H 04EE9H 04EEAH _TEXT              CODE
 04EEAH 05C71H 00D88H MR21_TEXT          CODE
 05C72H 062A3H 00632H MOVIEOBJ_TEXT      CODE
 062A4H 067B1H 0050EH IMAGE_TEXT         CODE
 067B2H 068B8H 00107H RESPONSE_TEXT      CODE
 068B9H 068FBH 00043H ERROR_TEXT         CODE
 068FCH 069CEH 000D3H TIMER_TEXT         CODE
 069CFH 06A80H 000B2H INPUT_TEXT         CODE
 06A81H 07217H 00797H VIDEO_TEXT         CODE
 07218H 0904AH 01E33H BGIFNT_TEXT        CODE
 0904CH 09551H 00506H xmsif1_TEXT        CODE
 09552H 0976BH 0021AH GUBS_TEXT          CODE
 0976CH 0AA1DH 012B2H EXPTLIB_TEXT       CODE
 0AA20H 0D196H 02777H EMU_PROG           CODE
 0D1A0H 0D767H 005C8H E87_PROG           CODE
 0D770H 0D770H 00000H _FARDATA           FAR_DATA
 0D770H 0D770H 00000H _FARBSS            FAR_BSS
 0D770H 0D770H 00000H _OVERLAY_          OVRINFO
 0D770H 0D770H 00000H _1STUB_            STUBSEG
 0D770H 0FC11H 024A2H _DATA              DATA
 0FC12H 0FC15H 00004H _CVTSEG            DATA
 0FC16H 0FC21H 0000CH _SCNSEG            DATA
 0FC22H 0FC22H 00000H _CONST             CONST
 0FC22H 0FC3FH 0001EH _INIT_             INITDATA
 0FC40H 0FC40H 00000H _INITEND_          INITDATA
 0FC40H 0FC45H 00006H _EXIT_             EXITDATA
 0FC46H 0FC46H 00000H _EXITEND_          EXITDATA
 0FC46H 102CBH 00686H _BSS               BSS
 102CCH 102CCH 00000H _BSSEND            BSSEND
 102D0H 103DFH 00110H _STACK             STACK

  Address         Publics by Name

 0D77:0000       DATASEG@
 0000:0260       DGROUP@
 0AA2:2152       e086_Entry
 0AA2:26E0       e086_Shortcut
 0D1A:0306       e087_Entry
 0D1A:03C6       e087_Shortcut
 0D1A:0430       e087_Trap
 0000:FE32  Abs  FIARQQ
 0000:0E32  Abs  FICRQQ
 0000:5C32  Abs  FIDRQQ
 0000:1632  Abs  FIERQQ
 0000:0632  Abs  FISRQQ
 0000:A23D  Abs  FIWRQQ
 0000:4000  Abs  FJARQQ
 0000:C000  Abs  FJCRQQ
 0000:8000  Abs  FJSRQQ
 0000:1399       FTOL@
 0000:1399       F_FTOL@
 0000:153E       F_LDIV@
 0000:154D       F_LMOD@
 0000:1545       F_LUDIV@
 0000:1555       F_LUMOD@
 0000:15EC       F_LXLSH@
 0000:14C2       F_LXMUL@
 0000:160D       F_PADA@
 0000:1695       F_PADD@
 0000:1651       F_PSBA@
 0000:16C4       F_PSUB@
 0000:14D9       F_SCOPY@
 0000:16F8       F_SPUSH@
 0000:153E       LDIV@
 0000:154D       LMOD@
 0000:1545       LUDIV@
 0000:1555       LUMOD@
 0000:15EC       LXLSH@
 0000:14C2       LXMUL@
 0000:153B       N_LDIV@
 0000:154A       N_LMOD@
 0000:1542       N_LUDIV@
 0000:1552       N_LUMOD@
 0000:15E9       N_LXLSH@
 0000:18F4       N_LXMUL@
 0000:160A       N_PADA@
 0000:1692       N_PADD@
 0000:190B       N_PCMP@
 0000:164E       N_PSBA@
 0000:16C1       N_PSUB@
 0000:16F2       N_SPUSH@
 0000:160D       PADA@
 0000:1695       PADD@
 0000:1651       PSBA@
 0000:16C4       PSUB@
 0000:14D9       SCOPY@
 0000:16F8       SPUSH@
 0D77:1B41       XMMentry
 0D77:1B45       XMMinit
 0000:0249       _abort
 06A8:066E       _addColor
 0976:0ACC       _assign
 0000:12DB       _atan2
 0000:13C5       _atexit
 0000:3159       _atoi
 0000:30E4       _atol
 0976:123F       _audio
 0721:01EC       _bgi_closefont
 0721:0229       _bgi_deletefont
 0721:0256       _bgi_fontpath
 0721:026E       _bgi_getbasecharsize
 0721:02B7       _bgi_gettextsettings
 0721:02ED       _bgi_installuserfont
 0721:035D       _bgi_outtext
 0721:08D7       _bgi_outtextxy
 0721:0920       _bgi_registerbgifont
 0721:0969       _bgi_registerfarbgifont
 0721:09B5       _bgi_settextjustify
 0721:09E2       _bgi_settextstyle
 0721:0C39       _bgi_setusercharsize
 0721:0CFA       _bgi_textheight
 0721:0D3A       _bgi_textwidth
 0000:2751       _bioskey
 0721:01C4       _blobcopy
 0D77:1B86       _bound_maxx
 0D77:1B8A       _bound_maxy
 0D77:1B84       _bound_minx
 0D77:1B88       _bound_miny
 0000:2776       _calloc
 067B:0073       _checkResponse
 05C7:01F0       _CleanupMoviePackage
 06A8:03A2       _clearScreen
 0000:3187       _close
 0000:128B       _cos
 0D77:0AA4       _cos_table
 0D77:2494       _daylight
 0721:11CD       _decodeCHRstroke
 0000:2830       _delay
 0976:0B33       _distribute
 0000:4602       _dostounix
 062A:0126       _downloadImage
 0D77:04FC       _do_bold
 0D77:04FE       _do_italics
 0D77:04FA       _do_underline
 0D77:0502       _do_usebkcolor
 0D77:0500       _do_uselinestyle
 0721:1220       _drawCHRchar
 0721:1BBF       _drawGEMchar
 06A8:0029       _drawPicture
 0721:16FC       _drawROMchar
 062A:0180       _drawText
 0D77:2458       _environ
 0000:31CD       _eof
 0D77:007F       _errno
 068B:0009       _error
 0000:1487       _exit
 0000:0EAE       _exp
 0000:04BC       _fabs
 0000:2E06       _farcalloc
 0000:29D1       _farfree
 0000:2AE5       _farmalloc
 0000:2C49       _farrealloc
 0000:3244       _fclose
 0000:32EF       _fflush
 0000:3A8E       _fgetc
 0000:3B7C       _fgetchar
 0000:33BC       _fgets
 06A8:06A5       _findColor
 0000:3458       _flushall
 069C:000F       _FlushKeyBuf
 0D77:1082       _font_data
 0D77:140C       _font_list
 0D77:046A       _font_path
 0D77:104C       _font_scale
 0000:366F       _fopen
 0000:36A4       _fprintf
 0000:3F05       _fputc
 0000:4098       _fputchar
 0000:37B4       _fread
 0000:29D1       _free
 067B:004F       _freeResponse
 0000:3842       _fscanf
 0000:38E8       _fseek
 0000:3968       _ftell
 04EE:08D7       _gabor
 04EE:0992       _gabor2
 04EE:0A51       _gabor4
 0976:0BE0       _gaussdev
 0976:0F8A       _gen_init
 0955:0034       _getbkcolor
 0955:002A       _getcolor
 0000:14F5       _getdate
 0000:3B88       _getenv
 069C:004B       _GetKey
 0955:0002       _getlinesettings
 0000:3BF8       _gets
 069C:0094       _GetStick
 0000:1508       _gettime
 0000:151B       _getvect
 0955:0016       _getx
 0955:0020       _gety
 062A:0004       _goImages
 04EE:07A3       _hline
 05C7:021A       _initMovie
 067B:0002       _initResponse
 068F:0068       _InitTimer
 068F:0040       _InstallTimer
 0000:2E96       _int86
 0000:2EC7       _int86x
 0000:2F60       _intr
 0000:3004       _ioctl
 0000:1764       _isatty
 069C:005B       _KeyPress
 069C:002D       _KeyWaiting
 062A:0083       _killImages
 0955:000C       _line
 0955:0011       _lineto
 0721:0E9D       _loadCHRfont
 0721:1910       _loadGEMfont
 062A:01C8       _loadImage
 0721:13DF       _loadROMfont
 0000:1166       _log
 0000:1817       _lseek
 04EE:000A       _main
 04EE:07CB       _makebreak
 04EE:0813       _makegabor
 06A8:06F6       _makePalette
 0000:2ADB       _malloc
 0000:0E42       _matherr
 0000:3C7C       _memcpy
 0000:3CC4       _memset
 0955:003D       _moveto
 068F:000C       _msISR
 062A:00B5       _newImage
 0000:30DD       _nosound
 0000:3D10       _open
 0721:00F9       _openfontfile
 0000:1950       _outp
 0000:192C       _outport
 0000:1938       _outportb
 0000:1944       _outpw
 0D77:272A       _Palette
 06A8:0664       _paletteSize
 0D77:26D6       _picBuf
 04EE:0CC7       _picbufout
 0000:0F89       _pow
 0000:0E37       _pow10
 0000:3ECE       _printf
 0976:08FD       _putcheckerbox
 0976:0608       _putcircle
 0976:010F       _putcircle5
 0976:09E6       _putcross
 0976:0A9A       _puthline
 0955:00C7       _putpixel
 0976:07D8       _putrandombox
 0976:0519       _putrectangle
 0976:02A1       _putslopeline
 0976:0434       _putsquare
 0976:000C       _putsquare3
 0976:01D2       _puttriangle
 0976:0063       _puttriangle3
 0976:0A68       _putvline
 0976:0CB1       _ran2
 0000:196F       _rand
 0976:0B9B       _randint
 06A8:05BA       _readPalette
 0000:2C42       _realloc
 0955:0059       _resetbounds
 067B:00E0       _responseReady
 06A8:0485       _Retrace
 0721:0008       _rotatexy
 05C7:029C       _runMovie
 062A:029F       _saveImage
 0000:207F       _segread
 0000:303D       _setblock
 0955:004E       _setcolor
 0000:209F       _setdate
 0955:006D       _SetGubs
 0955:0007       _setlinestyle
 0000:3CA0       _setmem
 05C7:025E       _setMovie
 06A8:0495       _setPalette
 06A8:0001       _setPicSettings
 0000:20B4       _settime
 05C7:0002       _SetupMoviePackage
 0000:437C       _setvbuf
 0000:152A       _setvect
 06A8:0369       _setVideoMode
 04EE:0D36       _sign
 0000:1116       _sin
 0D77:0504       _sin_table
 0000:30B1       _sound
 0000:44D7       _sprintf
 0000:0E6C       _sqrt
 0000:195E       _srand
 0000:217F       _stime
 0000:451A       _strcat
 0000:4559       _strcmp
 0000:4589       _strcpy
 0000:45B2       _strlen
 0000:45D1       _strncpy
 068F:00B5       _SwitchTimer
 0000:2217       _tell
 0D77:1078       _textinfo
 0976:116B       _thankyou
 0000:21BF       _time
 0D77:26DE       _Timer
 0D77:2490       _timezone
 0D77:2488       _tzname
 0000:4930       _tzset
 0000:4BFE       _ungetc
 0000:472C       _unixtodos
 0000:222F       _unlink
 0721:11B2       _unloadCHRfont
 0721:1B95       _unloadGEMfont
 0721:16D2       _unloadROMfont
 062A:0153       _uploadImage
 0D77:1044       _userxscale
 0D77:1048       _useryscale
 0000:4C69       _vprintf
 0000:44F9       _vsprintf
 068F:008F       _Wait
 06A8:051F       _writePalette
 0976:06E9       _writeppm
 0904:00C3       _XMMallcoreleft
 0904:010B       _XMMalloc
 0904:007D       _XMMcoreleft
 0904:01C4       _XMMfree
 0904:0049       _XMMgetversion
 0904:000C       _XMMlibinit
 0904:0166       _XMMrealloc
 0D77:1B2F       _xmsif_vers_date
 0D77:1B38       _xmsif_vers_time
 0D77:1B0D       _xmsif_vers_vers
 0D77:1DE0       __8087
 0000:1000  Abs  __AHINCR
 0000:000C  Abs  __AHSHIFT
 0D77:1FFC       __atexitcnt
 0D77:2ABE       __atexittbl
 0000:2D39       __brk
 0D77:008B       __brklvl
 0D77:006B       __C0argc
 0D77:006D       __C0argv
 0D77:0071       __C0environ
 0000:14A8       __cexit
 0000:0167       __checknull
 0000:316A       __chmod
 0000:0154       __cleanup
 0000:31AF       __close
 0D77:1FFE       __ctype
 0000:0000  Abs  __cvtfak
 0000:14B6       __c_exit
 0D77:1DF4       __default87
 0D77:22CC       __doserrno
 0000:1752       __DOSERROR
 0D77:22CE       __dosErrorToSV
 0000:13F2       __dos_getfileattr
 0000:1412       __dos_setfileattr
 102D:0000       __emu
 0D77:0075       __envLng
 0D77:0077       __envseg
 0D77:0079       __envSize
 0000:1496       __exit
 0D77:2100       __exitbuf
 0D77:2104       __exitfopen
 0D77:2108       __exitopen
 0000:0F1C       __EXPL
 0000:3A76       __fgetc
 0000:8087  Abs  __floatconvert
 0000:4E83       __fmemcpy
 0000:4ECB       __fmemset
 0D77:22C6       __fmode
 0000:0CBF       __fperror
 0D77:22CA       __fpstklen
 0000:04B8       __fpuint
 0000:3EE9       __fputc
 0000:40AC       __FPUTN
 0000:4EA7       __fsetmem
 0000:3625       __GETFP
 0D77:0087       __heapbase
 0D77:008F       __heaptop
 0D77:1DFA       __huge_dble
 0D77:1DF6       __huge_flt
 0D77:1E02       __huge_ldble
 0D77:1E0C       __indefinite
 0D77:005B       __Int0Vector
 0D77:005F       __Int4Vector
 0D77:0063       __Int5Vector
 0D77:0067       __Int6Vector
 0000:1719       __IOERROR
 0000:4B1C       __ISDST
 0D77:1DF1       __LDT
 0000:04CB       __LDTRUNC
 0000:1775       __LONGTOA
 0000:11E2       __matherr
 0D77:1E1A       __mathwhy
 0000:1840       __MKNAME
 0000:0262       __MMODEL
 0D77:246E       __monthDay
 0000:3A8B       __Nfgetc
 0D77:229C       __nfile
 0D77:22C8       __notUmask
 0000:4BFB       __Nungetc
 0000:3E7F       __open
 0D77:229E       __openfd
 0000:3556       __OPENFP
 0D77:007D       __osmajor
 0D77:007E       __osminor
 0D77:007D       __osversion
 0000:0D6E       __POW10
 0D77:1DF0       __protected
 0D77:007B       __psp
 0000:1995       __read
 0000:302D       __REALCVT
 0D77:24A2       __RealCvtVector
 0000:01BD       __restorezero
 0000:2D78       __sbrk
 0000:19C4       __scanner
 0000:3039       __scanpop
 0000:3035       __scanrslt
 0000:3031       __scantod
 0D77:24A6       __ScanTodVector
 0000:1EDD       __scantol
 0000:0000  Abs  __setenvp__
 0000:20C9       __setupio
 0D77:0081       __StartTime
 0D77:23B6       __stklen
 0000:271D       __stpcpy
 0D77:210C       __streams
 0000:0168       __terminate
 0D77:1E10       __tiny_ldble
 0000:189D       __TMPNAM
 0000:0000  Abs  __turboCvt
 0000:8087  Abs  __turboFloat
 0000:17F7       __UTOA
 0D77:007D       __version
 0000:225F       __VPRINTER
 0000:4DD2       __write
 0000:0AB7       __XCVT
 0000:4E0E       __xfclose
 0000:4E4B       __xfflush
 0904:01F9       __XMMcopy
 0D77:1B0A       __XMMerror
 0904:03A1       __XMMicopy
 0D77:1B0B       __XMMversion
 0D77:0085       ___brklvl
 0000:2891       ___first
 0000:03D1       ___fpreset
 0000:2893       ___last
 0000:42AB       ___read
 0000:2895       ___rover
 0D77:2B4C       ___SignalPtr
 0000:4C83       ___write

  Address         Publics by Value

 0000:0000  Abs  __turboCvt
 0000:0000  Abs  __cvtfak
 0000:0000  Abs  __setenvp__
 0000:000C  Abs  __AHSHIFT
 0000:0632  Abs  FISRQQ
 0000:0E32  Abs  FICRQQ
 0000:1000  Abs  __AHINCR
 0000:1632  Abs  FIERQQ
 0000:4000  Abs  FJARQQ
 0000:5C32  Abs  FIDRQQ
 0000:8000  Abs  FJSRQQ
 0000:8087  Abs  __turboFloat
 0000:8087  Abs  __floatconvert
 0000:A23D  Abs  FIWRQQ
 0000:C000  Abs  FJCRQQ
 0000:FE32  Abs  FIARQQ
 0000:0154       __cleanup
 0000:0167       __checknull
 0000:0168       __terminate
 0000:01BD       __restorezero
 0000:0249       _abort
 0000:0260       DGROUP@
 0000:0262       __MMODEL
 0000:03D1       ___fpreset
 0000:04B8       __fpuint
 0000:04BC       _fabs
 0000:04CB       __LDTRUNC
 0000:0AB7       __XCVT
 0000:0CBF       __fperror
 0000:0D6E       __POW10
 0000:0E37       _pow10
 0000:0E42       _matherr
 0000:0E6C       _sqrt
 0000:0EAE       _exp
 0000:0F1C       __EXPL
 0000:0F89       _pow
 0000:1116       _sin
 0000:1166       _log
 0000:11E2       __matherr
 0000:128B       _cos
 0000:12DB       _atan2
 0000:1399       F_FTOL@
 0000:1399       FTOL@
 0000:13C5       _atexit
 0000:13F2       __dos_getfileattr
 0000:1412       __dos_setfileattr
 0000:1487       _exit
 0000:1496       __exit
 0000:14A8       __cexit
 0000:14B6       __c_exit
 0000:14C2       F_LXMUL@
 0000:14C2       LXMUL@
 0000:14D9       F_SCOPY@
 0000:14D9       SCOPY@
 0000:14F5       _getdate
 0000:1508       _gettime
 0000:151B       _getvect
 0000:152A       _setvect
 0000:153B       N_LDIV@
 0000:153E       F_LDIV@
 0000:153E       LDIV@
 0000:1542       N_LUDIV@
 0000:1545       F_LUDIV@
 0000:1545       LUDIV@
 0000:154A       N_LMOD@
 0000:154D       F_LMOD@
 0000:154D       LMOD@
 0000:1552       N_LUMOD@
 0000:1555       LUMOD@
 0000:1555       F_LUMOD@
 0000:15E9       N_LXLSH@
 0000:15EC       LXLSH@
 0000:15EC       F_LXLSH@
 0000:160A       N_PADA@
 0000:160D       F_PADA@
 0000:160D       PADA@
 0000:164E       N_PSBA@
 0000:1651       PSBA@
 0000:1651       F_PSBA@
 0000:1692       N_PADD@
 0000:1695       F_PADD@
 0000:1695       PADD@
 0000:16C1       N_PSUB@
 0000:16C4       F_PSUB@
 0000:16C4       PSUB@
 0000:16F2       N_SPUSH@
 0000:16F8       F_SPUSH@
 0000:16F8       SPUSH@
 0000:1719       __IOERROR
 0000:1752       __DOSERROR
 0000:1764       _isatty
 0000:1775       __LONGTOA
 0000:17F7       __UTOA
 0000:1817       _lseek
 0000:1840       __MKNAME
 0000:189D       __TMPNAM
 0000:18F4       N_LXMUL@
 0000:190B       N_PCMP@
 0000:192C       _outport
 0000:1938       _outportb
 0000:1944       _outpw
 0000:1950       _outp
 0000:195E       _srand
 0000:196F       _rand
 0000:1995       __read
 0000:19C4       __scanner
 0000:1EDD       __scantol
 0000:207F       _segread
 0000:209F       _setdate
 0000:20B4       _settime
 0000:20C9       __setupio
 0000:217F       _stime
 0000:21BF       _time
 0000:2217       _tell
 0000:222F       _unlink
 0000:225F       __VPRINTER
 0000:271D       __stpcpy
 0000:2751       _bioskey
 0000:2776       _calloc
 0000:2830       _delay
 0000:2891       ___first
 0000:2893       ___last
 0000:2895       ___rover
 0000:29D1       _farfree
 0000:29D1       _free
 0000:2ADB       _malloc
 0000:2AE5       _farmalloc
 0000:2C42       _realloc
 0000:2C49       _farrealloc
 0000:2D39       __brk
 0000:2D78       __sbrk
 0000:2E06       _farcalloc
 0000:2E96       _int86
 0000:2EC7       _int86x
 0000:2F60       _intr
 0000:3004       _ioctl
 0000:302D       __REALCVT
 0000:3031       __scantod
 0000:3035       __scanrslt
 0000:3039       __scanpop
 0000:303D       _setblock
 0000:30B1       _sound
 0000:30DD       _nosound
 0000:30E4       _atol
 0000:3159       _atoi
 0000:316A       __chmod
 0000:3187       _close
 0000:31AF       __close
 0000:31CD       _eof
 0000:3244       _fclose
 0000:32EF       _fflush
 0000:33BC       _fgets
 0000:3458       _flushall
 0000:3556       __OPENFP
 0000:3625       __GETFP
 0000:366F       _fopen
 0000:36A4       _fprintf
 0000:37B4       _fread
 0000:3842       _fscanf
 0000:38E8       _fseek
 0000:3968       _ftell
 0000:3A76       __fgetc
 0000:3A8B       __Nfgetc
 0000:3A8E       _fgetc
 0000:3B7C       _fgetchar
 0000:3B88       _getenv
 0000:3BF8       _gets
 0000:3C7C       _memcpy
 0000:3CA0       _setmem
 0000:3CC4       _memset
 0000:3D10       _open
 0000:3E7F       __open
 0000:3ECE       _printf
 0000:3EE9       __fputc
 0000:3F05       _fputc
 0000:4098       _fputchar
 0000:40AC       __FPUTN
 0000:42AB       ___read
 0000:437C       _setvbuf
 0000:44D7       _sprintf
 0000:44F9       _vsprintf
 0000:451A       _strcat
 0000:4559       _strcmp
 0000:4589       _strcpy
 0000:45B2       _strlen
 0000:45D1       _strncpy
 0000:4602       _dostounix
 0000:472C       _unixtodos
 0000:4930       _tzset
 0000:4B1C       __ISDST
 0000:4BFB       __Nungetc
 0000:4BFE       _ungetc
 0000:4C69       _vprintf
 0000:4C83       ___write
 0000:4DD2       __write
 0000:4E0E       __xfclose
 0000:4E4B       __xfflush
 0000:4E83       __fmemcpy
 0000:4EA7       __fsetmem
 0000:4ECB       __fmemset
 04EE:000A       _main
 04EE:07A3       _hline
 04EE:07CB       _makebreak
 04EE:0813       _makegabor
 04EE:08D7       _gabor
 04EE:0992       _gabor2
 04EE:0A51       _gabor4
 04EE:0CC7       _picbufout
 04EE:0D36       _sign
 05C7:0002       _SetupMoviePackage
 05C7:01F0       _CleanupMoviePackage
 05C7:021A       _initMovie
 05C7:025E       _setMovie
 05C7:029C       _runMovie
 062A:0004       _goImages
 062A:0083       _killImages
 062A:00B5       _newImage
 062A:0126       _downloadImage
 062A:0153       _uploadImage
 062A:0180       _drawText
 062A:01C8       _loadImage
 062A:029F       _saveImage
 067B:0002       _initResponse
 067B:004F       _freeResponse
 067B:0073       _checkResponse
 067B:00E0       _responseReady
 068B:0009       _error
 068F:000C       _msISR
 068F:0040       _InstallTimer
 068F:0068       _InitTimer
 068F:008F       _Wait
 068F:00B5       _SwitchTimer
 069C:000F       _FlushKeyBuf
 069C:002D       _KeyWaiting
 069C:004B       _GetKey
 069C:005B       _KeyPress
 069C:0094       _GetStick
 06A8:0001       _setPicSettings
 06A8:0029       _drawPicture
 06A8:0369       _setVideoMode
 06A8:03A2       _clearScreen
 06A8:0485       _Retrace
 06A8:0495       _setPalette
 06A8:051F       _writePalette
 06A8:05BA       _readPalette
 06A8:0664       _paletteSize
 06A8:066E       _addColor
 06A8:06A5       _findColor
 06A8:06F6       _makePalette
 0721:0008       _rotatexy
 0721:00F9       _openfontfile
 0721:01C4       _blobcopy
 0721:01EC       _bgi_closefont
 0721:0229       _bgi_deletefont
 0721:0256       _bgi_fontpath
 0721:026E       _bgi_getbasecharsize
 0721:02B7       _bgi_gettextsettings
 0721:02ED       _bgi_installuserfont
 0721:035D       _bgi_outtext
 0721:08D7       _bgi_outtextxy
 0721:0920       _bgi_registerbgifont
 0721:0969       _bgi_registerfarbgifont
 0721:09B5       _bgi_settextjustify
 0721:09E2       _bgi_settextstyle
 0721:0C39       _bgi_setusercharsize
 0721:0CFA       _bgi_textheight
 0721:0D3A       _bgi_textwidth
 0721:0E9D       _loadCHRfont
 0721:11B2       _unloadCHRfont
 0721:11CD       _decodeCHRstroke
 0721:1220       _drawCHRchar
 0721:13DF       _loadROMfont
 0721:16D2       _unloadROMfont
 0721:16FC       _drawROMchar
 0721:1910       _loadGEMfont
 0721:1B95       _unloadGEMfont
 0721:1BBF       _drawGEMchar
 0904:000C       _XMMlibinit
 0904:0049       _XMMgetversion
 0904:007D       _XMMcoreleft
 0904:00C3       _XMMallcoreleft
 0904:010B       _XMMalloc
 0904:0166       _XMMrealloc
 0904:01C4       _XMMfree
 0904:01F9       __XMMcopy
 0904:03A1       __XMMicopy
 0955:0002       _getlinesettings
 0955:0007       _setlinestyle
 0955:000C       _line
 0955:0011       _lineto
 0955:0016       _getx
 0955:0020       _gety
 0955:002A       _getcolor
 0955:0034       _getbkcolor
 0955:003D       _moveto
 0955:004E       _setcolor
 0955:0059       _resetbounds
 0955:006D       _SetGubs
 0955:00C7       _putpixel
 0976:000C       _putsquare3
 0976:0063       _puttriangle3
 0976:010F       _putcircle5
 0976:01D2       _puttriangle
 0976:02A1       _putslopeline
 0976:0434       _putsquare
 0976:0519       _putrectangle
 0976:0608       _putcircle
 0976:06E9       _writeppm
 0976:07D8       _putrandombox
 0976:08FD       _putcheckerbox
 0976:09E6       _putcross
 0976:0A68       _putvline
 0976:0A9A       _puthline
 0976:0ACC       _assign
 0976:0B33       _distribute
 0976:0B9B       _randint
 0976:0BE0       _gaussdev
 0976:0CB1       _ran2
 0976:0F8A       _gen_init
 0976:116B       _thankyou
 0976:123F       _audio
 0AA2:2152       e086_Entry
 0AA2:26E0       e086_Shortcut
 0D1A:0306       e087_Entry
 0D1A:03C6       e087_Shortcut
 0D1A:0430       e087_Trap
 0D77:0000       DATASEG@
 0D77:005B       __Int0Vector
 0D77:005F       __Int4Vector
 0D77:0063       __Int5Vector
 0D77:0067       __Int6Vector
 0D77:006B       __C0argc
 0D77:006D       __C0argv
 0D77:0071       __C0environ
 0D77:0075       __envLng
 0D77:0077       __envseg
 0D77:0079       __envSize
 0D77:007B       __psp
 0D77:007D       __osversion
 0D77:007D       __osmajor
 0D77:007D       __version
 0D77:007E       __osminor
 0D77:007F       _errno
 0D77:0081       __StartTime
 0D77:0085       ___brklvl
 0D77:0087       __heapbase
 0D77:008B       __brklvl
 0D77:008F       __heaptop
 0D77:046A       _font_path
 0D77:04FA       _do_underline
 0D77:04FC       _do_bold
 0D77:04FE       _do_italics
 0D77:0500       _do_uselinestyle
 0D77:0502       _do_usebkcolor
 0D77:0504       _sin_table
 0D77:0AA4       _cos_table
 0D77:1044       _userxscale
 0D77:1048       _useryscale
 0D77:104C       _font_scale
 0D77:1078       _textinfo
 0D77:1082       _font_data
 0D77:140C       _font_list
 0D77:1B0A       __XMMerror
 0D77:1B0B       __XMMversion
 0D77:1B0D       _xmsif_vers_vers
 0D77:1B2F       _xmsif_vers_date
 0D77:1B38       _xmsif_vers_time
 0D77:1B41       XMMentry
 0D77:1B45       XMMinit
 0D77:1B84       _bound_minx
 0D77:1B86       _bound_maxx
 0D77:1B88       _bound_miny
 0D77:1B8A       _bound_maxy
 0D77:1DE0       __8087
 0D77:1DF0       __protected
 0D77:1DF1       __LDT
 0D77:1DF4       __default87
 0D77:1DF6       __huge_flt
 0D77:1DFA       __huge_dble
 0D77:1E02       __huge_ldble
 0D77:1E0C       __indefinite
 0D77:1E10       __tiny_ldble
 0D77:1E1A       __mathwhy
 0D77:1FFC       __atexitcnt
 0D77:1FFE       __ctype
 0D77:2100       __exitbuf
 0D77:2104       __exitfopen
 0D77:2108       __exitopen
 0D77:210C       __streams
 0D77:229C       __nfile
 0D77:229E       __openfd
 0D77:22C6       __fmode
 0D77:22C8       __notUmask
 0D77:22CA       __fpstklen
 0D77:22CC       __doserrno
 0D77:22CE       __dosErrorToSV
 0D77:23B6       __stklen
 0D77:2458       _environ
 0D77:246E       __monthDay
 0D77:2488       _tzname
 0D77:2490       _timezone
 0D77:2494       _daylight
 0D77:24A2       __RealCvtVector
 0D77:24A6       __ScanTodVector
 0D77:26D6       _picBuf
 0D77:26DE       _Timer
 0D77:272A       _Palette
 0D77:2ABE       __atexittbl
 0D77:2B4C       ___SignalPtr
 102D:0000       __emu

Program entry point at 0000:0000

