
 Start  Stop   Length Name               Class

 00000H 04B8CH 04B8DH _TEXT              CODE
 04B8DH 05B96H 0100AH MR4_TEXT           CODE
 05B97H 061C8H 00632H MOVIEOBJ_TEXT      CODE
 061C9H 066D6H 0050EH IMAGE_TEXT         CODE
 066D7H 067DDH 00107H RESPONSE_TEXT      CODE
 067DEH 06820H 00043H ERROR_TEXT         CODE
 06821H 068F3H 000D3H TIMER_TEXT         CODE
 068F4H 069A5H 000B2H INPUT_TEXT         CODE
 069A6H 0713CH 00797H VIDEO_TEXT         CODE
 0713DH 08F6FH 01E33H BGIFNT_TEXT        CODE
 08F70H 09475H 00506H xmsif1_TEXT        CODE
 09476H 0968FH 0021AH GUBS_TEXT          CODE
 09690H 0A941H 012B2H EXPTLIB_TEXT       CODE
 0A950H 0D0C6H 02777H EMU_PROG           CODE
 0D0D0H 0D697H 005C8H E87_PROG           CODE
 0D6A0H 0D6A0H 00000H _FARDATA           FAR_DATA
 0D6A0H 0D6A0H 00000H _FARBSS            FAR_BSS
 0D6A0H 0D6A0H 00000H _OVERLAY_          OVRINFO
 0D6A0H 0D6A0H 00000H _1STUB_            STUBSEG
 0D6A0H 0FC01H 02562H _DATA              DATA
 0FC02H 0FC05H 00004H _CVTSEG            DATA
 0FC06H 0FC11H 0000CH _SCNSEG            DATA
 0FC12H 0FC12H 00000H _CONST             CONST
 0FC12H 0FC2FH 0001EH _INIT_             INITDATA
 0FC30H 0FC30H 00000H _INITEND_          INITDATA
 0FC30H 0FC35H 00006H _EXIT_             EXITDATA
 0FC36H 0FC36H 00000H _EXITEND_          EXITDATA
 0FC36H 102DBH 006A6H _BSS               BSS
 102DCH 102DCH 00000H _BSSEND            BSSEND
 102E0H 103EFH 00110H _STACK             STACK

  Address         Publics by Name

 0D6A:0000       DATASEG@
 0000:0260       DGROUP@
 0A95:2152       e086_Entry
 0A95:26E0       e086_Shortcut
 0D0D:0306       e087_Entry
 0D0D:03C6       e087_Shortcut
 0D0D:0430       e087_Trap
 0000:FE32  Abs  FIARQQ
 0000:0E32  Abs  FICRQQ
 0000:5C32  Abs  FIDRQQ
 0000:1632  Abs  FIERQQ
 0000:0632  Abs  FISRQQ
 0000:A23D  Abs  FIWRQQ
 0000:4000  Abs  FJARQQ
 0000:C000  Abs  FJCRQQ
 0000:8000  Abs  FJSRQQ
 0000:1073       FTOL@
 0000:1073       F_FTOL@
 0000:1218       F_LDIV@
 0000:1227       F_LMOD@
 0000:121F       F_LUDIV@
 0000:122F       F_LUMOD@
 0000:12C6       F_LXLSH@
 0000:119C       F_LXMUL@
 0000:12E7       F_PADA@
 0000:136F       F_PADD@
 0000:132B       F_PSBA@
 0000:139E       F_PSUB@
 0000:11B3       F_SCOPY@
 0000:13D2       F_SPUSH@
 0000:1218       LDIV@
 0000:1227       LMOD@
 0000:121F       LUDIV@
 0000:122F       LUMOD@
 0000:12C6       LXLSH@
 0000:119C       LXMUL@
 0000:1215       N_LDIV@
 0000:1224       N_LMOD@
 0000:121C       N_LUDIV@
 0000:122C       N_LUMOD@
 0000:12C3       N_LXLSH@
 0000:15CE       N_LXMUL@
 0000:12E4       N_PADA@
 0000:136C       N_PADD@
 0000:15E5       N_PCMP@
 0000:1328       N_PSBA@
 0000:139B       N_PSUB@
 0000:13CC       N_SPUSH@
 0000:12E7       PADA@
 0000:136F       PADD@
 0000:132B       PSBA@
 0000:139E       PSUB@
 0000:11B3       SCOPY@
 0000:13D2       SPUSH@
 0D6A:1C31       XMMentry
 0D6A:1C35       XMMinit
 0000:0249       _abort
 069A:0673       _addColor
 0969:0AC0       _assign
 0000:109F       _atexit
 0000:2DFC       _atoi
 0000:2D87       _atol
 0969:1233       _audio
 0713:01F1       _bgi_closefont
 0713:022E       _bgi_deletefont
 0713:025B       _bgi_fontpath
 0713:0273       _bgi_getbasecharsize
 0713:02BC       _bgi_gettextsettings
 0713:02F2       _bgi_installuserfont
 0713:0362       _bgi_outtext
 0713:08DC       _bgi_outtextxy
 0713:0925       _bgi_registerbgifont
 0713:096E       _bgi_registerfarbgifont
 0713:09BA       _bgi_settextjustify
 0713:09E7       _bgi_settextstyle
 0713:0C3E       _bgi_setusercharsize
 0713:0CFF       _bgi_textheight
 0713:0D3F       _bgi_textwidth
 0000:23F4       _bioskey
 0D6A:25A6       _blank_i
 0713:01C9       _blobcopy
 0D6A:1C76       _bound_maxx
 0D6A:1C7A       _bound_maxy
 0D6A:1C74       _bound_minx
 0D6A:1C78       _bound_miny
 0000:2419       _calloc
 0D6A:0094       _chainlength
 066D:0078       _checkResponse
 05B9:01F5       _CleanupMoviePackage
 069A:03A7       _clearScreen
 0000:2E2A       _close
 0000:1023       _cos
 0D6A:0B94       _cos_table
 0D6A:259E       _data
 0D6A:2554       _daylight
 0713:11D2       _decodeCHRstroke
 0000:24D3       _delay
 0969:0B27       _distribute
 0000:42A5       _dostounix
 061C:012B       _downloadImage
 0D6A:05EC       _do_bold
 0D6A:05EE       _do_italics
 0D6A:05EA       _do_underline
 0D6A:05F2       _do_usebkcolor
 0D6A:05F0       _do_uselinestyle
 04B8:0D8C       _drawartalph
 0713:1225       _drawCHRchar
 0713:1BC4       _drawGEMchar
 069A:002E       _drawPicture
 0713:1701       _drawROMchar
 061C:0185       _drawText
 0D6A:2596       _eng_pixels
 0D6A:2518       _environ
 0000:2E70       _eof
 0D6A:007F       _errno
 067D:000E       _error
 0000:1161       _exit
 0000:04BC       _fabs
 0000:2AA9       _farcalloc
 0000:2674       _farfree
 0000:2788       _farmalloc
 0000:28EC       _farrealloc
 0000:2EE7       _fclose
 0000:2F92       _fflush
 0000:3731       _fgetc
 0000:381F       _fgetchar
 0000:305F       _fgets
 069A:06AA       _findColor
 0000:30FB       _flushall
 068F:0004       _FlushKeyBuf
 0D6A:1172       _font_data
 0D6A:14FC       _font_list
 0D6A:055A       _font_path
 0D6A:113C       _font_scale
 0000:3312       _fopen
 0000:3347       _fprintf
 0000:3BA8       _fputc
 0000:3D3B       _fputchar
 0000:3457       _fread
 0000:2674       _free
 066D:0054       _freeResponse
 0000:34E5       _fscanf
 0000:358B       _fseek
 0000:360B       _ftell
 0969:0BD4       _gaussdev
 0969:0F7E       _gen_init
 0D6A:259A       _geo_pixels
 0947:0038       _getbkcolor
 0947:002E       _getcolor
 0000:11CF       _getdate
 0000:382B       _getenv
 068F:0040       _GetKey
 0947:0006       _getlinesettings
 0000:389B       _gets
 068F:0089       _GetStick
 0000:11E2       _gettime
 0000:11F5       _getvect
 0947:001A       _getx
 0947:0024       _gety
 04B8:0A7A       _globalstartup
 061C:0009       _goImages
 04B8:0E7E       _hline
 05B9:021F       _initMovie
 066D:0007       _initResponse
 0682:005D       _InitTimer
 0682:0035       _InstallTimer
 0D6A:25AA       _instruct_i
 0D6A:25B2       _instruct_m
 0000:2B39       _int86
 0000:2B6A       _int86x
 0000:2C03       _intr
 0000:2CA7       _ioctl
 0000:143E       _isatty
 068F:0050       _KeyPress
 068F:0022       _KeyWaiting
 061C:0088       _killImages
 0947:0010       _line
 0947:0015       _lineto
 0713:0EA2       _loadCHRfont
 0713:1915       _loadGEMfont
 061C:01CD       _loadImage
 0713:13E4       _loadROMfont
 0000:0EFE       _log
 0000:14F1       _lseek
 04B8:000D       _main
 069A:06FB       _makePalette
 0000:277E       _malloc
 0000:0E42       _matherr
 0000:391F       _memcpy
 0000:3967       _memset
 0947:0041       _moveto
 0682:0001       _msISR
 061C:00BA       _newImage
 0000:2D80       _nosound
 0000:39B3       _open
 0713:00FE       _openfontfile
 0000:162A       _outp
 0000:1606       _outport
 0000:1612       _outportb
 0000:161E       _outpw
 0D6A:280A       _Palette
 069A:0669       _paletteSize
 0D6A:27B6       _picBuf
 0000:0E37       _pow10
 04B8:0AE4       _present
 0000:3B71       _printf
 0969:08F1       _putcheckerbox
 0969:05FC       _putcircle
 0969:0103       _putcircle5
 0969:09DA       _putcross
 04B8:0FCA       _putenglet
 04B8:0F7D       _putgeolet
 0969:0A8E       _puthline
 0947:00CB       _putpixel
 0969:07CC       _putrandombox
 0969:050D       _putrectangle
 0969:0295       _putslopeline
 0969:0428       _putsquare
 0969:0000       _putsquare3
 0969:01C6       _puttriangle
 0969:0057       _puttriangle3
 0969:0A5C       _putvline
 0969:0CA5       _ran2
 0969:0B8F       _randint
 04B8:0EA6       _readP1PPM
 069A:05BF       _readPalette
 0000:28E5       _realloc
 0947:005D       _resetbounds
 066D:00E5       _responseReady
 069A:048A       _Retrace
 0713:000D       _rotatexy
 05B9:02A1       _runMovie
 061C:02A4       _saveImage
 0000:1D22       _segread
 0000:2CE0       _setblock
 0947:0052       _setcolor
 0000:1D42       _setdate
 0947:0071       _SetGubs
 0947:000B       _setlinestyle
 0000:3943       _setmem
 05B9:0263       _setMovie
 069A:049A       _setPalette
 069A:0006       _setPicSettings
 0000:1D57       _settime
 05B9:0007       _SetupMoviePackage
 0000:401F       _setvbuf
 0000:1204       _setvect
 069A:036E       _setVideoMode
 0000:0EAE       _sin
 0D6A:05F4       _sin_table
 0000:2D54       _sound
 0000:417A       _sprintf
 0000:0E6C       _sqrt
 0000:1E22       _stime
 0D6A:25AE       _stim_m
 0000:41BD       _strcat
 0000:41FC       _strcmp
 0000:422C       _strcpy
 0000:4255       _strlen
 0000:4274       _strncpy
 0682:00AA       _SwitchTimer
 0D6A:25A2       _targ_i
 0000:1EBA       _tell
 0D6A:1168       _textinfo
 0969:115F       _thankyou
 0000:1E62       _time
 0D6A:27BE       _Timer
 0D6A:2550       _timezone
 0D6A:2548       _tzname
 0000:45D3       _tzset
 0000:48A1       _ungetc
 0000:43CF       _unixtodos
 0000:1ED2       _unlink
 0713:11B7       _unloadCHRfont
 0713:1B9A       _unloadGEMfont
 0713:16D7       _unloadROMfont
 061C:0158       _uploadImage
 0D6A:1134       _userxscale
 0D6A:1138       _useryscale
 04B8:0E56       _vline
 0000:490C       _vprintf
 0000:419C       _vsprintf
 0682:0084       _Wait
 069A:0524       _writePalette
 0969:06DD       _writeppm
 08F7:00B7       _XMMallcoreleft
 08F7:00FF       _XMMalloc
 08F7:0071       _XMMcoreleft
 08F7:01B8       _XMMfree
 08F7:003D       _XMMgetversion
 08F7:0000       _XMMlibinit
 08F7:015A       _XMMrealloc
 0D6A:1C1F       _xmsif_vers_date
 0D6A:1C28       _xmsif_vers_time
 0D6A:1BFD       _xmsif_vers_vers
 0D6A:1ED0       __8087
 0000:1000  Abs  __AHINCR
 0000:000C  Abs  __AHSHIFT
 0D6A:20C0       __atexitcnt
 0D6A:2B9E       __atexittbl
 0000:29DC       __brk
 0D6A:008B       __brklvl
 0D6A:006B       __C0argc
 0D6A:006D       __C0argv
 0D6A:0071       __C0environ
 0000:1182       __cexit
 0000:0167       __checknull
 0000:2E0D       __chmod
 0000:0154       __cleanup
 0000:2E52       __close
 0D6A:20C2       __ctype
 0000:0000  Abs  __cvtfak
 0000:1190       __c_exit
 0D6A:1EE4       __default87
 0D6A:2390       __doserrno
 0000:142C       __DOSERROR
 0D6A:2392       __dosErrorToSV
 0000:10CC       __dos_getfileattr
 0000:10EC       __dos_setfileattr
 102E:0000       __emu
 0D6A:0075       __envLng
 0D6A:0077       __envseg
 0D6A:0079       __envSize
 0000:1170       __exit
 0D6A:21C4       __exitbuf
 0D6A:21C8       __exitfopen
 0D6A:21CC       __exitopen
 0000:3719       __fgetc
 0000:8087  Abs  __floatconvert
 0000:4B26       __fmemcpy
 0000:4B6E       __fmemset
 0D6A:238A       __fmode
 0000:0CBF       __fperror
 0D6A:238E       __fpstklen
 0000:04B8       __fpuint
 0000:3B8C       __fputc
 0000:3D4F       __FPUTN
 0000:4B4A       __fsetmem
 0000:32C8       __GETFP
 0D6A:0087       __heapbase
 0D6A:008F       __heaptop
 0D6A:1EEA       __huge_dble
 0D6A:1EE6       __huge_flt
 0D6A:1EF2       __huge_ldble
 0D6A:1EFC       __indefinite
 0D6A:005B       __Int0Vector
 0D6A:005F       __Int4Vector
 0D6A:0063       __Int5Vector
 0D6A:0067       __Int6Vector
 0000:13F3       __IOERROR
 0000:47BF       __ISDST
 0D6A:1EE1       __LDT
 0000:04CB       __LDTRUNC
 0000:144F       __LONGTOA
 0000:0F7A       __matherr
 0D6A:1F0A       __mathwhy
 0000:151A       __MKNAME
 0000:0262       __MMODEL
 0D6A:252E       __monthDay
 0000:372E       __Nfgetc
 0D6A:2360       __nfile
 0D6A:238C       __notUmask
 0000:489E       __Nungetc
 0000:3B22       __open
 0D6A:2362       __openfd
 0000:31F9       __OPENFP
 0D6A:007D       __osmajor
 0D6A:007E       __osminor
 0D6A:007D       __osversion
 0000:0D6E       __POW10
 0D6A:1EE0       __protected
 0D6A:007B       __psp
 0000:1638       __read
 0000:2CD0       __REALCVT
 0D6A:2562       __RealCvtVector
 0000:01BD       __restorezero
 0000:2A1B       __sbrk
 0000:1667       __scanner
 0000:2CDC       __scanpop
 0000:2CD8       __scanrslt
 0000:2CD4       __scantod
 0D6A:2566       __ScanTodVector
 0000:1B80       __scantol
 0000:0000  Abs  __setenvp__
 0000:1D6C       __setupio
 0D6A:0081       __StartTime
 0D6A:2476       __stklen
 0000:23C0       __stpcpy
 0D6A:21D0       __streams
 0000:0168       __terminate
 0D6A:1F00       __tiny_ldble
 0000:1577       __TMPNAM
 0000:0000  Abs  __turboCvt
 0000:8087  Abs  __turboFloat
 0000:14D1       __UTOA
 0D6A:007D       __version
 0000:1F02       __VPRINTER
 0000:4A75       __write
 0000:0AB7       __XCVT
 0000:4AB1       __xfclose
 0000:4AEE       __xfflush
 08F7:01ED       __XMMcopy
 0D6A:1BFA       __XMMerror
 08F7:0395       __XMMicopy
 0D6A:1BFB       __XMMversion
 0D6A:0085       ___brklvl
 0000:2534       ___first
 0000:03D1       ___fpreset
 0000:2536       ___last
 0000:3F4E       ___read
 0000:2538       ___rover
 0D6A:2C2C       ___SignalPtr
 0000:4926       ___write

  Address         Publics by Value

 0000:0000  Abs  __turboCvt
 0000:0000  Abs  __cvtfak
 0000:0000  Abs  __setenvp__
 0000:000C  Abs  __AHSHIFT
 0000:0632  Abs  FISRQQ
 0000:0E32  Abs  FICRQQ
 0000:1000  Abs  __AHINCR
 0000:1632  Abs  FIERQQ
 0000:4000  Abs  FJARQQ
 0000:5C32  Abs  FIDRQQ
 0000:8000  Abs  FJSRQQ
 0000:8087  Abs  __turboFloat
 0000:8087  Abs  __floatconvert
 0000:A23D  Abs  FIWRQQ
 0000:C000  Abs  FJCRQQ
 0000:FE32  Abs  FIARQQ
 0000:0154       __cleanup
 0000:0167       __checknull
 0000:0168       __terminate
 0000:01BD       __restorezero
 0000:0249       _abort
 0000:0260       DGROUP@
 0000:0262       __MMODEL
 0000:03D1       ___fpreset
 0000:04B8       __fpuint
 0000:04BC       _fabs
 0000:04CB       __LDTRUNC
 0000:0AB7       __XCVT
 0000:0CBF       __fperror
 0000:0D6E       __POW10
 0000:0E37       _pow10
 0000:0E42       _matherr
 0000:0E6C       _sqrt
 0000:0EAE       _sin
 0000:0EFE       _log
 0000:0F7A       __matherr
 0000:1023       _cos
 0000:1073       F_FTOL@
 0000:1073       FTOL@
 0000:109F       _atexit
 0000:10CC       __dos_getfileattr
 0000:10EC       __dos_setfileattr
 0000:1161       _exit
 0000:1170       __exit
 0000:1182       __cexit
 0000:1190       __c_exit
 0000:119C       F_LXMUL@
 0000:119C       LXMUL@
 0000:11B3       F_SCOPY@
 0000:11B3       SCOPY@
 0000:11CF       _getdate
 0000:11E2       _gettime
 0000:11F5       _getvect
 0000:1204       _setvect
 0000:1215       N_LDIV@
 0000:1218       F_LDIV@
 0000:1218       LDIV@
 0000:121C       N_LUDIV@
 0000:121F       F_LUDIV@
 0000:121F       LUDIV@
 0000:1224       N_LMOD@
 0000:1227       F_LMOD@
 0000:1227       LMOD@
 0000:122C       N_LUMOD@
 0000:122F       LUMOD@
 0000:122F       F_LUMOD@
 0000:12C3       N_LXLSH@
 0000:12C6       LXLSH@
 0000:12C6       F_LXLSH@
 0000:12E4       N_PADA@
 0000:12E7       F_PADA@
 0000:12E7       PADA@
 0000:1328       N_PSBA@
 0000:132B       PSBA@
 0000:132B       F_PSBA@
 0000:136C       N_PADD@
 0000:136F       F_PADD@
 0000:136F       PADD@
 0000:139B       N_PSUB@
 0000:139E       F_PSUB@
 0000:139E       PSUB@
 0000:13CC       N_SPUSH@
 0000:13D2       F_SPUSH@
 0000:13D2       SPUSH@
 0000:13F3       __IOERROR
 0000:142C       __DOSERROR
 0000:143E       _isatty
 0000:144F       __LONGTOA
 0000:14D1       __UTOA
 0000:14F1       _lseek
 0000:151A       __MKNAME
 0000:1577       __TMPNAM
 0000:15CE       N_LXMUL@
 0000:15E5       N_PCMP@
 0000:1606       _outport
 0000:1612       _outportb
 0000:161E       _outpw
 0000:162A       _outp
 0000:1638       __read
 0000:1667       __scanner
 0000:1B80       __scantol
 0000:1D22       _segread
 0000:1D42       _setdate
 0000:1D57       _settime
 0000:1D6C       __setupio
 0000:1E22       _stime
 0000:1E62       _time
 0000:1EBA       _tell
 0000:1ED2       _unlink
 0000:1F02       __VPRINTER
 0000:23C0       __stpcpy
 0000:23F4       _bioskey
 0000:2419       _calloc
 0000:24D3       _delay
 0000:2534       ___first
 0000:2536       ___last
 0000:2538       ___rover
 0000:2674       _farfree
 0000:2674       _free
 0000:277E       _malloc
 0000:2788       _farmalloc
 0000:28E5       _realloc
 0000:28EC       _farrealloc
 0000:29DC       __brk
 0000:2A1B       __sbrk
 0000:2AA9       _farcalloc
 0000:2B39       _int86
 0000:2B6A       _int86x
 0000:2C03       _intr
 0000:2CA7       _ioctl
 0000:2CD0       __REALCVT
 0000:2CD4       __scantod
 0000:2CD8       __scanrslt
 0000:2CDC       __scanpop
 0000:2CE0       _setblock
 0000:2D54       _sound
 0000:2D80       _nosound
 0000:2D87       _atol
 0000:2DFC       _atoi
 0000:2E0D       __chmod
 0000:2E2A       _close
 0000:2E52       __close
 0000:2E70       _eof
 0000:2EE7       _fclose
 0000:2F92       _fflush
 0000:305F       _fgets
 0000:30FB       _flushall
 0000:31F9       __OPENFP
 0000:32C8       __GETFP
 0000:3312       _fopen
 0000:3347       _fprintf
 0000:3457       _fread
 0000:34E5       _fscanf
 0000:358B       _fseek
 0000:360B       _ftell
 0000:3719       __fgetc
 0000:372E       __Nfgetc
 0000:3731       _fgetc
 0000:381F       _fgetchar
 0000:382B       _getenv
 0000:389B       _gets
 0000:391F       _memcpy
 0000:3943       _setmem
 0000:3967       _memset
 0000:39B3       _open
 0000:3B22       __open
 0000:3B71       _printf
 0000:3B8C       __fputc
 0000:3BA8       _fputc
 0000:3D3B       _fputchar
 0000:3D4F       __FPUTN
 0000:3F4E       ___read
 0000:401F       _setvbuf
 0000:417A       _sprintf
 0000:419C       _vsprintf
 0000:41BD       _strcat
 0000:41FC       _strcmp
 0000:422C       _strcpy
 0000:4255       _strlen
 0000:4274       _strncpy
 0000:42A5       _dostounix
 0000:43CF       _unixtodos
 0000:45D3       _tzset
 0000:47BF       __ISDST
 0000:489E       __Nungetc
 0000:48A1       _ungetc
 0000:490C       _vprintf
 0000:4926       ___write
 0000:4A75       __write
 0000:4AB1       __xfclose
 0000:4AEE       __xfflush
 0000:4B26       __fmemcpy
 0000:4B4A       __fsetmem
 0000:4B6E       __fmemset
 04B8:000D       _main
 04B8:0A7A       _globalstartup
 04B8:0AE4       _present
 04B8:0D8C       _drawartalph
 04B8:0E56       _vline
 04B8:0E7E       _hline
 04B8:0EA6       _readP1PPM
 04B8:0F7D       _putgeolet
 04B8:0FCA       _putenglet
 05B9:0007       _SetupMoviePackage
 05B9:01F5       _CleanupMoviePackage
 05B9:021F       _initMovie
 05B9:0263       _setMovie
 05B9:02A1       _runMovie
 061C:0009       _goImages
 061C:0088       _killImages
 061C:00BA       _newImage
 061C:012B       _downloadImage
 061C:0158       _uploadImage
 061C:0185       _drawText
 061C:01CD       _loadImage
 061C:02A4       _saveImage
 066D:0007       _initResponse
 066D:0054       _freeResponse
 066D:0078       _checkResponse
 066D:00E5       _responseReady
 067D:000E       _error
 0682:0001       _msISR
 0682:0035       _InstallTimer
 0682:005D       _InitTimer
 0682:0084       _Wait
 0682:00AA       _SwitchTimer
 068F:0004       _FlushKeyBuf
 068F:0022       _KeyWaiting
 068F:0040       _GetKey
 068F:0050       _KeyPress
 068F:0089       _GetStick
 069A:0006       _setPicSettings
 069A:002E       _drawPicture
 069A:036E       _setVideoMode
 069A:03A7       _clearScreen
 069A:048A       _Retrace
 069A:049A       _setPalette
 069A:0524       _writePalette
 069A:05BF       _readPalette
 069A:0669       _paletteSize
 069A:0673       _addColor
 069A:06AA       _findColor
 069A:06FB       _makePalette
 0713:000D       _rotatexy
 0713:00FE       _openfontfile
 0713:01C9       _blobcopy
 0713:01F1       _bgi_closefont
 0713:022E       _bgi_deletefont
 0713:025B       _bgi_fontpath
 0713:0273       _bgi_getbasecharsize
 0713:02BC       _bgi_gettextsettings
 0713:02F2       _bgi_installuserfont
 0713:0362       _bgi_outtext
 0713:08DC       _bgi_outtextxy
 0713:0925       _bgi_registerbgifont
 0713:096E       _bgi_registerfarbgifont
 0713:09BA       _bgi_settextjustify
 0713:09E7       _bgi_settextstyle
 0713:0C3E       _bgi_setusercharsize
 0713:0CFF       _bgi_textheight
 0713:0D3F       _bgi_textwidth
 0713:0EA2       _loadCHRfont
 0713:11B7       _unloadCHRfont
 0713:11D2       _decodeCHRstroke
 0713:1225       _drawCHRchar
 0713:13E4       _loadROMfont
 0713:16D7       _unloadROMfont
 0713:1701       _drawROMchar
 0713:1915       _loadGEMfont
 0713:1B9A       _unloadGEMfont
 0713:1BC4       _drawGEMchar
 08F7:0000       _XMMlibinit
 08F7:003D       _XMMgetversion
 08F7:0071       _XMMcoreleft
 08F7:00B7       _XMMallcoreleft
 08F7:00FF       _XMMalloc
 08F7:015A       _XMMrealloc
 08F7:01B8       _XMMfree
 08F7:01ED       __XMMcopy
 08F7:0395       __XMMicopy
 0947:0006       _getlinesettings
 0947:000B       _setlinestyle
 0947:0010       _line
 0947:0015       _lineto
 0947:001A       _getx
 0947:0024       _gety
 0947:002E       _getcolor
 0947:0038       _getbkcolor
 0947:0041       _moveto
 0947:0052       _setcolor
 0947:005D       _resetbounds
 0947:0071       _SetGubs
 0947:00CB       _putpixel
 0969:0000       _putsquare3
 0969:0057       _puttriangle3
 0969:0103       _putcircle5
 0969:01C6       _puttriangle
 0969:0295       _putslopeline
 0969:0428       _putsquare
 0969:050D       _putrectangle
 0969:05FC       _putcircle
 0969:06DD       _writeppm
 0969:07CC       _putrandombox
 0969:08F1       _putcheckerbox
 0969:09DA       _putcross
 0969:0A5C       _putvline
 0969:0A8E       _puthline
 0969:0AC0       _assign
 0969:0B27       _distribute
 0969:0B8F       _randint
 0969:0BD4       _gaussdev
 0969:0CA5       _ran2
 0969:0F7E       _gen_init
 0969:115F       _thankyou
 0969:1233       _audio
 0A95:2152       e086_Entry
 0A95:26E0       e086_Shortcut
 0D0D:0306       e087_Entry
 0D0D:03C6       e087_Shortcut
 0D0D:0430       e087_Trap
 0D6A:0000       DATASEG@
 0D6A:005B       __Int0Vector
 0D6A:005F       __Int4Vector
 0D6A:0063       __Int5Vector
 0D6A:0067       __Int6Vector
 0D6A:006B       __C0argc
 0D6A:006D       __C0argv
 0D6A:0071       __C0environ
 0D6A:0075       __envLng
 0D6A:0077       __envseg
 0D6A:0079       __envSize
 0D6A:007B       __psp
 0D6A:007D       __osversion
 0D6A:007D       __osmajor
 0D6A:007D       __version
 0D6A:007E       __osminor
 0D6A:007F       _errno
 0D6A:0081       __StartTime
 0D6A:0085       ___brklvl
 0D6A:0087       __heapbase
 0D6A:008B       __brklvl
 0D6A:008F       __heaptop
 0D6A:0094       _chainlength
 0D6A:055A       _font_path
 0D6A:05EA       _do_underline
 0D6A:05EC       _do_bold
 0D6A:05EE       _do_italics
 0D6A:05F0       _do_uselinestyle
 0D6A:05F2       _do_usebkcolor
 0D6A:05F4       _sin_table
 0D6A:0B94       _cos_table
 0D6A:1134       _userxscale
 0D6A:1138       _useryscale
 0D6A:113C       _font_scale
 0D6A:1168       _textinfo
 0D6A:1172       _font_data
 0D6A:14FC       _font_list
 0D6A:1BFA       __XMMerror
 0D6A:1BFB       __XMMversion
 0D6A:1BFD       _xmsif_vers_vers
 0D6A:1C1F       _xmsif_vers_date
 0D6A:1C28       _xmsif_vers_time
 0D6A:1C31       XMMentry
 0D6A:1C35       XMMinit
 0D6A:1C74       _bound_minx
 0D6A:1C76       _bound_maxx
 0D6A:1C78       _bound_miny
 0D6A:1C7A       _bound_maxy
 0D6A:1ED0       __8087
 0D6A:1EE0       __protected
 0D6A:1EE1       __LDT
 0D6A:1EE4       __default87
 0D6A:1EE6       __huge_flt
 0D6A:1EEA       __huge_dble
 0D6A:1EF2       __huge_ldble
 0D6A:1EFC       __indefinite
 0D6A:1F00       __tiny_ldble
 0D6A:1F0A       __mathwhy
 0D6A:20C0       __atexitcnt
 0D6A:20C2       __ctype
 0D6A:21C4       __exitbuf
 0D6A:21C8       __exitfopen
 0D6A:21CC       __exitopen
 0D6A:21D0       __streams
 0D6A:2360       __nfile
 0D6A:2362       __openfd
 0D6A:238A       __fmode
 0D6A:238C       __notUmask
 0D6A:238E       __fpstklen
 0D6A:2390       __doserrno
 0D6A:2392       __dosErrorToSV
 0D6A:2476       __stklen
 0D6A:2518       _environ
 0D6A:252E       __monthDay
 0D6A:2548       _tzname
 0D6A:2550       _timezone
 0D6A:2554       _daylight
 0D6A:2562       __RealCvtVector
 0D6A:2566       __ScanTodVector
 0D6A:2596       _eng_pixels
 0D6A:259A       _geo_pixels
 0D6A:259E       _data
 0D6A:25A2       _targ_i
 0D6A:25A6       _blank_i
 0D6A:25AA       _instruct_i
 0D6A:25AE       _stim_m
 0D6A:25B2       _instruct_m
 0D6A:27B6       _picBuf
 0D6A:27BE       _Timer
 0D6A:280A       _Palette
 0D6A:2B9E       __atexittbl
 0D6A:2C2C       ___SignalPtr
 102E:0000       __emu

Program entry point at 0000:0000

