
 Start  Stop   Length Name               Class

 00000H 04B8CH 04B8DH _TEXT              CODE
 04B8DH 055A4H 00A18H MR0B_TEXT          CODE
 055A5H 05BD6H 00632H MOVIEOBJ_TEXT      CODE
 05BD7H 060E4H 0050EH IMAGE_TEXT         CODE
 060E5H 061EBH 00107H RESPONSE_TEXT      CODE
 061ECH 0622EH 00043H ERROR_TEXT         CODE
 0622FH 06301H 000D3H TIMER_TEXT         CODE
 06302H 063B3H 000B2H INPUT_TEXT         CODE
 063B4H 06B4AH 00797H VIDEO_TEXT         CODE
 06B4BH 0897DH 01E33H BGIFNT_TEXT        CODE
 0897EH 08E83H 00506H xmsif1_TEXT        CODE
 08E84H 0909DH 0021AH GUBS_TEXT          CODE
 0909EH 0A34FH 012B2H EXPTLIB_TEXT       CODE
 0A350H 0CAC6H 02777H EMU_PROG           CODE
 0CAD0H 0D097H 005C8H E87_PROG           CODE
 0D0A0H 0D0A0H 00000H _FARDATA           FAR_DATA
 0D0A0H 0D0A0H 00000H _FARBSS            FAR_BSS
 0D0A0H 0D0A0H 00000H _OVERLAY_          OVRINFO
 0D0A0H 0D0A0H 00000H _1STUB_            STUBSEG
 0D0A0H 0F3B1H 02312H _DATA              DATA
 0F3B2H 0F3B5H 00004H _CVTSEG            DATA
 0F3B6H 0F3C1H 0000CH _SCNSEG            DATA
 0F3C2H 0F3C2H 00000H _CONST             CONST
 0F3C2H 0F3DFH 0001EH _INIT_             INITDATA
 0F3E0H 0F3E0H 00000H _INITEND_          INITDATA
 0F3E0H 0F3E5H 00006H _EXIT_             EXITDATA
 0F3E6H 0F3E6H 00000H _EXITEND_          EXITDATA
 0F3E6H 0FA83H 0069EH _BSS               BSS
 0FA84H 0FA84H 00000H _BSSEND            BSSEND
 0FA90H 0FB9FH 00110H _STACK             STACK

  Address         Publics by Name

 0D0A:0000       DATASEG@
 0000:0260       DGROUP@
 0A35:2152       e086_Entry
 0A35:26E0       e086_Shortcut
 0CAD:0306       e087_Entry
 0CAD:03C6       e087_Shortcut
 0CAD:0430       e087_Trap
 0000:FE32  Abs  FIARQQ
 0000:0E32  Abs  FICRQQ
 0000:5C32  Abs  FIDRQQ
 0000:1632  Abs  FIERQQ
 0000:0632  Abs  FISRQQ
 0000:A23D  Abs  FIWRQQ
 0000:4000  Abs  FJARQQ
 0000:C000  Abs  FJCRQQ
 0000:8000  Abs  FJSRQQ
 0000:1073       FTOL@
 0000:1073       F_FTOL@
 0000:1218       F_LDIV@
 0000:1227       F_LMOD@
 0000:121F       F_LUDIV@
 0000:122F       F_LUMOD@
 0000:12C6       F_LXLSH@
 0000:119C       F_LXMUL@
 0000:12E7       F_PADA@
 0000:136F       F_PADD@
 0000:132B       F_PSBA@
 0000:139E       F_PSUB@
 0000:11B3       F_SCOPY@
 0000:13D2       F_SPUSH@
 0000:1218       LDIV@
 0000:1227       LMOD@
 0000:121F       LUDIV@
 0000:122F       LUMOD@
 0000:12C6       LXLSH@
 0000:119C       LXMUL@
 0000:1215       N_LDIV@
 0000:1224       N_LMOD@
 0000:121C       N_LUDIV@
 0000:122C       N_LUMOD@
 0000:12C3       N_LXLSH@
 0000:15CE       N_LXMUL@
 0000:12E4       N_PADA@
 0000:136C       N_PADD@
 0000:15E5       N_PCMP@
 0000:1328       N_PSBA@
 0000:139B       N_PSUB@
 0000:13CC       N_SPUSH@
 0000:12E7       PADA@
 0000:136F       PADD@
 0000:132B       PSBA@
 0000:139E       PSUB@
 0000:11B3       SCOPY@
 0000:13D2       SPUSH@
 0D0A:19E9       XMMentry
 0D0A:19ED       XMMinit
 0000:0249       _abort
 063B:0671       _addColor
 0909:0ACE       _assign
 0000:109F       _atexit
 0000:2DFC       _atoi
 0000:2D87       _atol
 0909:1241       _audio
 06B4:01EF       _bgi_closefont
 06B4:022C       _bgi_deletefont
 06B4:0259       _bgi_fontpath
 06B4:0271       _bgi_getbasecharsize
 06B4:02BA       _bgi_gettextsettings
 06B4:02F0       _bgi_installuserfont
 06B4:0360       _bgi_outtext
 06B4:08DA       _bgi_outtextxy
 06B4:0923       _bgi_registerbgifont
 06B4:096C       _bgi_registerfarbgifont
 06B4:09B8       _bgi_settextjustify
 06B4:09E5       _bgi_settextstyle
 06B4:0C3C       _bgi_setusercharsize
 06B4:0CFD       _bgi_textheight
 06B4:0D3D       _bgi_textwidth
 0000:23F4       _bioskey
 0D0A:234E       _blank_i
 06B4:01C7       _blobcopy
 0D0A:1A2E       _bound_maxx
 0D0A:1A32       _bound_maxy
 0D0A:1A2C       _bound_minx
 0D0A:1A30       _bound_miny
 0000:2419       _calloc
 0D0A:0094       _chainlength
 060E:0076       _checkResponse
 055A:01F3       _CleanupMoviePackage
 063B:03A5       _clearScreen
 0000:2E2A       _close
 0000:1023       _cos
 0D0A:094C       _cos_table
 0D0A:2346       _data
 0D0A:2304       _daylight
 06B4:11D0       _decodeCHRstroke
 0000:24D3       _delay
 0909:0B35       _distribute
 0000:42A5       _dostounix
 05BD:0129       _downloadImage
 0D0A:03A4       _do_bold
 0D0A:03A6       _do_italics
 0D0A:03A2       _do_underline
 0D0A:03AA       _do_usebkcolor
 0D0A:03A8       _do_uselinestyle
 04B8:0913       _drawartalph
 06B4:1223       _drawCHRchar
 06B4:1BC2       _drawGEMchar
 063B:002C       _drawPicture
 06B4:16FF       _drawROMchar
 05BD:0183       _drawText
 0D0A:22C8       _environ
 0000:2E70       _eof
 0D0A:007F       _errno
 061E:000C       _error
 0000:1161       _exit
 0000:04BC       _fabs
 0000:2AA9       _farcalloc
 0000:2674       _farfree
 0000:2788       _farmalloc
 0000:28EC       _farrealloc
 0000:2EE7       _fclose
 0000:2F92       _fflush
 0000:3731       _fgetc
 0000:381F       _fgetchar
 0000:305F       _fgets
 063B:06A8       _findColor
 0000:30FB       _flushall
 0630:0002       _FlushKeyBuf
 0D0A:0F2A       _font_data
 0D0A:12B4       _font_list
 0D0A:0312       _font_path
 0D0A:0EF4       _font_scale
 0000:3312       _fopen
 0000:3347       _fprintf
 0000:3BA8       _fputc
 0000:3D3B       _fputchar
 0000:3457       _fread
 0000:2674       _free
 060E:0052       _freeResponse
 0000:34E5       _fscanf
 0000:358B       _fseek
 0000:360B       _ftell
 0909:0BE2       _gaussdev
 0909:0F8C       _gen_init
 08E8:0036       _getbkcolor
 08E8:002C       _getcolor
 0000:11CF       _getdate
 0000:382B       _getenv
 0630:003E       _GetKey
 08E8:0004       _getlinesettings
 0000:389B       _gets
 0630:0087       _GetStick
 0000:11E2       _gettime
 0000:11F5       _getvect
 08E8:0018       _getx
 08E8:0022       _gety
 04B8:05F5       _globalstartup
 05BD:0007       _goImages
 04B8:09FD       _hline
 055A:021D       _initMovie
 060E:0005       _initResponse
 0622:006B       _InitTimer
 0622:0043       _InstallTimer
 0D0A:2352       _instruct_i
 0D0A:235A       _instruct_m
 0000:2B39       _int86
 0000:2B6A       _int86x
 0000:2C03       _intr
 0000:2CA7       _ioctl
 0000:143E       _isatty
 0630:004E       _KeyPress
 0630:0020       _KeyWaiting
 05BD:0086       _killImages
 08E8:000E       _line
 08E8:0013       _lineto
 06B4:0EA0       _loadCHRfont
 06B4:1913       _loadGEMfont
 05BD:01CB       _loadImage
 06B4:13E2       _loadROMfont
 0000:0EFE       _log
 0000:14F1       _lseek
 04B8:000D       _main
 063B:06F9       _makePalette
 0000:277E       _malloc
 0000:0E42       _matherr
 0000:391F       _memcpy
 0000:3967       _memset
 08E8:003F       _moveto
 0622:000F       _msISR
 05BD:00B8       _newImage
 0000:2D80       _nosound
 0000:39B3       _open
 06B4:00FC       _openfontfile
 0000:162A       _outp
 0000:1606       _outport
 0000:1612       _outportb
 0000:161E       _outpw
 0D0A:25B2       _Palette
 063B:0667       _paletteSize
 0D0A:255E       _picBuf
 0000:0E37       _pow10
 04B8:065F       _present
 0000:3B71       _printf
 0909:08FF       _putcheckerbox
 0909:060A       _putcircle
 0909:0111       _putcircle5
 0909:09E8       _putcross
 0909:0A9C       _puthline
 08E8:00C9       _putpixel
 0909:07DA       _putrandombox
 0909:051B       _putrectangle
 0909:02A3       _putslopeline
 0909:0436       _putsquare
 0909:000E       _putsquare3
 0909:01D4       _puttriangle
 0909:0065       _puttriangle3
 0909:0A6A       _putvline
 0909:0CB3       _ran2
 0909:0B9D       _randint
 063B:05BD       _readPalette
 0000:28E5       _realloc
 08E8:005B       _resetbounds
 060E:00E3       _responseReady
 063B:0488       _Retrace
 06B4:000B       _rotatexy
 055A:029F       _runMovie
 05BD:02A2       _saveImage
 0000:1D22       _segread
 0000:2CE0       _setblock
 08E8:0050       _setcolor
 0000:1D42       _setdate
 08E8:006F       _SetGubs
 08E8:0009       _setlinestyle
 0000:3943       _setmem
 055A:0261       _setMovie
 063B:0498       _setPalette
 063B:0004       _setPicSettings
 0000:1D57       _settime
 055A:0005       _SetupMoviePackage
 0000:401F       _setvbuf
 0000:1204       _setvect
 063B:036C       _setVideoMode
 0000:0EAE       _sin
 0D0A:03AC       _sin_table
 0000:2D54       _sound
 0000:417A       _sprintf
 0000:0E6C       _sqrt
 0000:1E22       _stime
 0D0A:2356       _stim_m
 0000:41BD       _strcat
 0000:41FC       _strcmp
 0000:422C       _strcpy
 0000:4255       _strlen
 0000:4274       _strncpy
 0622:00B8       _SwitchTimer
 0D0A:234A       _targ_i
 0000:1EBA       _tell
 0D0A:0F20       _textinfo
 0909:116D       _thankyou
 0000:1E62       _time
 0D0A:2566       _Timer
 0D0A:2300       _timezone
 0D0A:22F8       _tzname
 0000:45D3       _tzset
 0000:48A1       _ungetc
 0000:43CF       _unixtodos
 0000:1ED2       _unlink
 06B4:11B5       _unloadCHRfont
 06B4:1B98       _unloadGEMfont
 06B4:16D5       _unloadROMfont
 05BD:0156       _uploadImage
 0D0A:0EEC       _userxscale
 0D0A:0EF0       _useryscale
 04B8:09D5       _vline
 0000:490C       _vprintf
 0000:419C       _vsprintf
 0622:0092       _Wait
 063B:0522       _writePalette
 0909:06EB       _writeppm
 0897:00C5       _XMMallcoreleft
 0897:010D       _XMMalloc
 0897:007F       _XMMcoreleft
 0897:01C6       _XMMfree
 0897:004B       _XMMgetversion
 0897:000E       _XMMlibinit
 0897:0168       _XMMrealloc
 0D0A:19D7       _xmsif_vers_date
 0D0A:19E0       _xmsif_vers_time
 0D0A:19B5       _xmsif_vers_vers
 0D0A:1C80       __8087
 0000:1000  Abs  __AHINCR
 0000:000C  Abs  __AHSHIFT
 0D0A:1E70       __atexitcnt
 0D0A:2946       __atexittbl
 0000:29DC       __brk
 0D0A:008B       __brklvl
 0D0A:006B       __C0argc
 0D0A:006D       __C0argv
 0D0A:0071       __C0environ
 0000:1182       __cexit
 0000:0167       __checknull
 0000:2E0D       __chmod
 0000:0154       __cleanup
 0000:2E52       __close
 0D0A:1E72       __ctype
 0000:0000  Abs  __cvtfak
 0000:1190       __c_exit
 0D0A:1C94       __default87
 0D0A:2140       __doserrno
 0000:142C       __DOSERROR
 0D0A:2142       __dosErrorToSV
 0000:10CC       __dos_getfileattr
 0000:10EC       __dos_setfileattr
 0FA9:0000       __emu
 0D0A:0075       __envLng
 0D0A:0077       __envseg
 0D0A:0079       __envSize
 0000:1170       __exit
 0D0A:1F74       __exitbuf
 0D0A:1F78       __exitfopen
 0D0A:1F7C       __exitopen
 0000:3719       __fgetc
 0000:8087  Abs  __floatconvert
 0000:4B26       __fmemcpy
 0000:4B6E       __fmemset
 0D0A:213A       __fmode
 0000:0CBF       __fperror
 0D0A:213E       __fpstklen
 0000:04B8       __fpuint
 0000:3B8C       __fputc
 0000:3D4F       __FPUTN
 0000:4B4A       __fsetmem
 0000:32C8       __GETFP
 0D0A:0087       __heapbase
 0D0A:008F       __heaptop
 0D0A:1C9A       __huge_dble
 0D0A:1C96       __huge_flt
 0D0A:1CA2       __huge_ldble
 0D0A:1CAC       __indefinite
 0D0A:005B       __Int0Vector
 0D0A:005F       __Int4Vector
 0D0A:0063       __Int5Vector
 0D0A:0067       __Int6Vector
 0000:13F3       __IOERROR
 0000:47BF       __ISDST
 0D0A:1C91       __LDT
 0000:04CB       __LDTRUNC
 0000:144F       __LONGTOA
 0000:0F7A       __matherr
 0D0A:1CBA       __mathwhy
 0000:151A       __MKNAME
 0000:0262       __MMODEL
 0D0A:22DE       __monthDay
 0000:372E       __Nfgetc
 0D0A:2110       __nfile
 0D0A:213C       __notUmask
 0000:489E       __Nungetc
 0000:3B22       __open
 0D0A:2112       __openfd
 0000:31F9       __OPENFP
 0D0A:007D       __osmajor
 0D0A:007E       __osminor
 0D0A:007D       __osversion
 0000:0D6E       __POW10
 0D0A:1C90       __protected
 0D0A:007B       __psp
 0000:1638       __read
 0000:2CD0       __REALCVT
 0D0A:2312       __RealCvtVector
 0000:01BD       __restorezero
 0000:2A1B       __sbrk
 0000:1667       __scanner
 0000:2CDC       __scanpop
 0000:2CD8       __scanrslt
 0000:2CD4       __scantod
 0D0A:2316       __ScanTodVector
 0000:1B80       __scantol
 0000:0000  Abs  __setenvp__
 0000:1D6C       __setupio
 0D0A:0081       __StartTime
 0D0A:2226       __stklen
 0000:23C0       __stpcpy
 0D0A:1F80       __streams
 0000:0168       __terminate
 0D0A:1CB0       __tiny_ldble
 0000:1577       __TMPNAM
 0000:0000  Abs  __turboCvt
 0000:8087  Abs  __turboFloat
 0000:14D1       __UTOA
 0D0A:007D       __version
 0000:1F02       __VPRINTER
 0000:4A75       __write
 0000:0AB7       __XCVT
 0000:4AB1       __xfclose
 0000:4AEE       __xfflush
 0897:01FB       __XMMcopy
 0D0A:19B2       __XMMerror
 0897:03A3       __XMMicopy
 0D0A:19B3       __XMMversion
 0D0A:0085       ___brklvl
 0000:2534       ___first
 0000:03D1       ___fpreset
 0000:2536       ___last
 0000:3F4E       ___read
 0000:2538       ___rover
 0D0A:29D4       ___SignalPtr
 0000:4926       ___write

  Address         Publics by Value

 0000:0000  Abs  __turboCvt
 0000:0000  Abs  __cvtfak
 0000:0000  Abs  __setenvp__
 0000:000C  Abs  __AHSHIFT
 0000:0632  Abs  FISRQQ
 0000:0E32  Abs  FICRQQ
 0000:1000  Abs  __AHINCR
 0000:1632  Abs  FIERQQ
 0000:4000  Abs  FJARQQ
 0000:5C32  Abs  FIDRQQ
 0000:8000  Abs  FJSRQQ
 0000:8087  Abs  __turboFloat
 0000:8087  Abs  __floatconvert
 0000:A23D  Abs  FIWRQQ
 0000:C000  Abs  FJCRQQ
 0000:FE32  Abs  FIARQQ
 0000:0154       __cleanup
 0000:0167       __checknull
 0000:0168       __terminate
 0000:01BD       __restorezero
 0000:0249       _abort
 0000:0260       DGROUP@
 0000:0262       __MMODEL
 0000:03D1       ___fpreset
 0000:04B8       __fpuint
 0000:04BC       _fabs
 0000:04CB       __LDTRUNC
 0000:0AB7       __XCVT
 0000:0CBF       __fperror
 0000:0D6E       __POW10
 0000:0E37       _pow10
 0000:0E42       _matherr
 0000:0E6C       _sqrt
 0000:0EAE       _sin
 0000:0EFE       _log
 0000:0F7A       __matherr
 0000:1023       _cos
 0000:1073       F_FTOL@
 0000:1073       FTOL@
 0000:109F       _atexit
 0000:10CC       __dos_getfileattr
 0000:10EC       __dos_setfileattr
 0000:1161       _exit
 0000:1170       __exit
 0000:1182       __cexit
 0000:1190       __c_exit
 0000:119C       F_LXMUL@
 0000:119C       LXMUL@
 0000:11B3       F_SCOPY@
 0000:11B3       SCOPY@
 0000:11CF       _getdate
 0000:11E2       _gettime
 0000:11F5       _getvect
 0000:1204       _setvect
 0000:1215       N_LDIV@
 0000:1218       F_LDIV@
 0000:1218       LDIV@
 0000:121C       N_LUDIV@
 0000:121F       F_LUDIV@
 0000:121F       LUDIV@
 0000:1224       N_LMOD@
 0000:1227       F_LMOD@
 0000:1227       LMOD@
 0000:122C       N_LUMOD@
 0000:122F       LUMOD@
 0000:122F       F_LUMOD@
 0000:12C3       N_LXLSH@
 0000:12C6       LXLSH@
 0000:12C6       F_LXLSH@
 0000:12E4       N_PADA@
 0000:12E7       F_PADA@
 0000:12E7       PADA@
 0000:1328       N_PSBA@
 0000:132B       PSBA@
 0000:132B       F_PSBA@
 0000:136C       N_PADD@
 0000:136F       F_PADD@
 0000:136F       PADD@
 0000:139B       N_PSUB@
 0000:139E       F_PSUB@
 0000:139E       PSUB@
 0000:13CC       N_SPUSH@
 0000:13D2       F_SPUSH@
 0000:13D2       SPUSH@
 0000:13F3       __IOERROR
 0000:142C       __DOSERROR
 0000:143E       _isatty
 0000:144F       __LONGTOA
 0000:14D1       __UTOA
 0000:14F1       _lseek
 0000:151A       __MKNAME
 0000:1577       __TMPNAM
 0000:15CE       N_LXMUL@
 0000:15E5       N_PCMP@
 0000:1606       _outport
 0000:1612       _outportb
 0000:161E       _outpw
 0000:162A       _outp
 0000:1638       __read
 0000:1667       __scanner
 0000:1B80       __scantol
 0000:1D22       _segread
 0000:1D42       _setdate
 0000:1D57       _settime
 0000:1D6C       __setupio
 0000:1E22       _stime
 0000:1E62       _time
 0000:1EBA       _tell
 0000:1ED2       _unlink
 0000:1F02       __VPRINTER
 0000:23C0       __stpcpy
 0000:23F4       _bioskey
 0000:2419       _calloc
 0000:24D3       _delay
 0000:2534       ___first
 0000:2536       ___last
 0000:2538       ___rover
 0000:2674       _farfree
 0000:2674       _free
 0000:277E       _malloc
 0000:2788       _farmalloc
 0000:28E5       _realloc
 0000:28EC       _farrealloc
 0000:29DC       __brk
 0000:2A1B       __sbrk
 0000:2AA9       _farcalloc
 0000:2B39       _int86
 0000:2B6A       _int86x
 0000:2C03       _intr
 0000:2CA7       _ioctl
 0000:2CD0       __REALCVT
 0000:2CD4       __scantod
 0000:2CD8       __scanrslt
 0000:2CDC       __scanpop
 0000:2CE0       _setblock
 0000:2D54       _sound
 0000:2D80       _nosound
 0000:2D87       _atol
 0000:2DFC       _atoi
 0000:2E0D       __chmod
 0000:2E2A       _close
 0000:2E52       __close
 0000:2E70       _eof
 0000:2EE7       _fclose
 0000:2F92       _fflush
 0000:305F       _fgets
 0000:30FB       _flushall
 0000:31F9       __OPENFP
 0000:32C8       __GETFP
 0000:3312       _fopen
 0000:3347       _fprintf
 0000:3457       _fread
 0000:34E5       _fscanf
 0000:358B       _fseek
 0000:360B       _ftell
 0000:3719       __fgetc
 0000:372E       __Nfgetc
 0000:3731       _fgetc
 0000:381F       _fgetchar
 0000:382B       _getenv
 0000:389B       _gets
 0000:391F       _memcpy
 0000:3943       _setmem
 0000:3967       _memset
 0000:39B3       _open
 0000:3B22       __open
 0000:3B71       _printf
 0000:3B8C       __fputc
 0000:3BA8       _fputc
 0000:3D3B       _fputchar
 0000:3D4F       __FPUTN
 0000:3F4E       ___read
 0000:401F       _setvbuf
 0000:417A       _sprintf
 0000:419C       _vsprintf
 0000:41BD       _strcat
 0000:41FC       _strcmp
 0000:422C       _strcpy
 0000:4255       _strlen
 0000:4274       _strncpy
 0000:42A5       _dostounix
 0000:43CF       _unixtodos
 0000:45D3       _tzset
 0000:47BF       __ISDST
 0000:489E       __Nungetc
 0000:48A1       _ungetc
 0000:490C       _vprintf
 0000:4926       ___write
 0000:4A75       __write
 0000:4AB1       __xfclose
 0000:4AEE       __xfflush
 0000:4B26       __fmemcpy
 0000:4B4A       __fsetmem
 0000:4B6E       __fmemset
 04B8:000D       _main
 04B8:05F5       _globalstartup
 04B8:065F       _present
 04B8:0913       _drawartalph
 04B8:09D5       _vline
 04B8:09FD       _hline
 055A:0005       _SetupMoviePackage
 055A:01F3       _CleanupMoviePackage
 055A:021D       _initMovie
 055A:0261       _setMovie
 055A:029F       _runMovie
 05BD:0007       _goImages
 05BD:0086       _killImages
 05BD:00B8       _newImage
 05BD:0129       _downloadImage
 05BD:0156       _uploadImage
 05BD:0183       _drawText
 05BD:01CB       _loadImage
 05BD:02A2       _saveImage
 060E:0005       _initResponse
 060E:0052       _freeResponse
 060E:0076       _checkResponse
 060E:00E3       _responseReady
 061E:000C       _error
 0622:000F       _msISR
 0622:0043       _InstallTimer
 0622:006B       _InitTimer
 0622:0092       _Wait
 0622:00B8       _SwitchTimer
 0630:0002       _FlushKeyBuf
 0630:0020       _KeyWaiting
 0630:003E       _GetKey
 0630:004E       _KeyPress
 0630:0087       _GetStick
 063B:0004       _setPicSettings
 063B:002C       _drawPicture
 063B:036C       _setVideoMode
 063B:03A5       _clearScreen
 063B:0488       _Retrace
 063B:0498       _setPalette
 063B:0522       _writePalette
 063B:05BD       _readPalette
 063B:0667       _paletteSize
 063B:0671       _addColor
 063B:06A8       _findColor
 063B:06F9       _makePalette
 06B4:000B       _rotatexy
 06B4:00FC       _openfontfile
 06B4:01C7       _blobcopy
 06B4:01EF       _bgi_closefont
 06B4:022C       _bgi_deletefont
 06B4:0259       _bgi_fontpath
 06B4:0271       _bgi_getbasecharsize
 06B4:02BA       _bgi_gettextsettings
 06B4:02F0       _bgi_installuserfont
 06B4:0360       _bgi_outtext
 06B4:08DA       _bgi_outtextxy
 06B4:0923       _bgi_registerbgifont
 06B4:096C       _bgi_registerfarbgifont
 06B4:09B8       _bgi_settextjustify
 06B4:09E5       _bgi_settextstyle
 06B4:0C3C       _bgi_setusercharsize
 06B4:0CFD       _bgi_textheight
 06B4:0D3D       _bgi_textwidth
 06B4:0EA0       _loadCHRfont
 06B4:11B5       _unloadCHRfont
 06B4:11D0       _decodeCHRstroke
 06B4:1223       _drawCHRchar
 06B4:13E2       _loadROMfont
 06B4:16D5       _unloadROMfont
 06B4:16FF       _drawROMchar
 06B4:1913       _loadGEMfont
 06B4:1B98       _unloadGEMfont
 06B4:1BC2       _drawGEMchar
 0897:000E       _XMMlibinit
 0897:004B       _XMMgetversion
 0897:007F       _XMMcoreleft
 0897:00C5       _XMMallcoreleft
 0897:010D       _XMMalloc
 0897:0168       _XMMrealloc
 0897:01C6       _XMMfree
 0897:01FB       __XMMcopy
 0897:03A3       __XMMicopy
 08E8:0004       _getlinesettings
 08E8:0009       _setlinestyle
 08E8:000E       _line
 08E8:0013       _lineto
 08E8:0018       _getx
 08E8:0022       _gety
 08E8:002C       _getcolor
 08E8:0036       _getbkcolor
 08E8:003F       _moveto
 08E8:0050       _setcolor
 08E8:005B       _resetbounds
 08E8:006F       _SetGubs
 08E8:00C9       _putpixel
 0909:000E       _putsquare3
 0909:0065       _puttriangle3
 0909:0111       _putcircle5
 0909:01D4       _puttriangle
 0909:02A3       _putslopeline
 0909:0436       _putsquare
 0909:051B       _putrectangle
 0909:060A       _putcircle
 0909:06EB       _writeppm
 0909:07DA       _putrandombox
 0909:08FF       _putcheckerbox
 0909:09E8       _putcross
 0909:0A6A       _putvline
 0909:0A9C       _puthline
 0909:0ACE       _assign
 0909:0B35       _distribute
 0909:0B9D       _randint
 0909:0BE2       _gaussdev
 0909:0CB3       _ran2
 0909:0F8C       _gen_init
 0909:116D       _thankyou
 0909:1241       _audio
 0A35:2152       e086_Entry
 0A35:26E0       e086_Shortcut
 0CAD:0306       e087_Entry
 0CAD:03C6       e087_Shortcut
 0CAD:0430       e087_Trap
 0D0A:0000       DATASEG@
 0D0A:005B       __Int0Vector
 0D0A:005F       __Int4Vector
 0D0A:0063       __Int5Vector
 0D0A:0067       __Int6Vector
 0D0A:006B       __C0argc
 0D0A:006D       __C0argv
 0D0A:0071       __C0environ
 0D0A:0075       __envLng
 0D0A:0077       __envseg
 0D0A:0079       __envSize
 0D0A:007B       __psp
 0D0A:007D       __osversion
 0D0A:007D       __osmajor
 0D0A:007D       __version
 0D0A:007E       __osminor
 0D0A:007F       _errno
 0D0A:0081       __StartTime
 0D0A:0085       ___brklvl
 0D0A:0087       __heapbase
 0D0A:008B       __brklvl
 0D0A:008F       __heaptop
 0D0A:0094       _chainlength
 0D0A:0312       _font_path
 0D0A:03A2       _do_underline
 0D0A:03A4       _do_bold
 0D0A:03A6       _do_italics
 0D0A:03A8       _do_uselinestyle
 0D0A:03AA       _do_usebkcolor
 0D0A:03AC       _sin_table
 0D0A:094C       _cos_table
 0D0A:0EEC       _userxscale
 0D0A:0EF0       _useryscale
 0D0A:0EF4       _font_scale
 0D0A:0F20       _textinfo
 0D0A:0F2A       _font_data
 0D0A:12B4       _font_list
 0D0A:19B2       __XMMerror
 0D0A:19B3       __XMMversion
 0D0A:19B5       _xmsif_vers_vers
 0D0A:19D7       _xmsif_vers_date
 0D0A:19E0       _xmsif_vers_time
 0D0A:19E9       XMMentry
 0D0A:19ED       XMMinit
 0D0A:1A2C       _bound_minx
 0D0A:1A2E       _bound_maxx
 0D0A:1A30       _bound_miny
 0D0A:1A32       _bound_maxy
 0D0A:1C80       __8087
 0D0A:1C90       __protected
 0D0A:1C91       __LDT
 0D0A:1C94       __default87
 0D0A:1C96       __huge_flt
 0D0A:1C9A       __huge_dble
 0D0A:1CA2       __huge_ldble
 0D0A:1CAC       __indefinite
 0D0A:1CB0       __tiny_ldble
 0D0A:1CBA       __mathwhy
 0D0A:1E70       __atexitcnt
 0D0A:1E72       __ctype
 0D0A:1F74       __exitbuf
 0D0A:1F78       __exitfopen
 0D0A:1F7C       __exitopen
 0D0A:1F80       __streams
 0D0A:2110       __nfile
 0D0A:2112       __openfd
 0D0A:213A       __fmode
 0D0A:213C       __notUmask
 0D0A:213E       __fpstklen
 0D0A:2140       __doserrno
 0D0A:2142       __dosErrorToSV
 0D0A:2226       __stklen
 0D0A:22C8       _environ
 0D0A:22DE       __monthDay
 0D0A:22F8       _tzname
 0D0A:2300       _timezone
 0D0A:2304       _daylight
 0D0A:2312       __RealCvtVector
 0D0A:2316       __ScanTodVector
 0D0A:2346       _data
 0D0A:234A       _targ_i
 0D0A:234E       _blank_i
 0D0A:2352       _instruct_i
 0D0A:2356       _stim_m
 0D0A:235A       _instruct_m
 0D0A:255E       _picBuf
 0D0A:2566       _Timer
 0D0A:25B2       _Palette
 0D0A:2946       __atexittbl
 0D0A:29D4       ___SignalPtr
 0FA9:0000       __emu

Program entry point at 0000:0000

