
 Start  Stop   Length Name               Class

 00000H 04B8CH 04B8DH _TEXT              CODE
 04B8DH 05BAFH 01023H MR5_TEXT           CODE
 05BB0H 061E1H 00632H MOVIEOBJ_TEXT      CODE
 061E2H 066EFH 0050EH IMAGE_TEXT         CODE
 066F0H 067F6H 00107H RESPONSE_TEXT      CODE
 067F7H 06839H 00043H ERROR_TEXT         CODE
 0683AH 0690CH 000D3H TIMER_TEXT         CODE
 0690DH 069BEH 000B2H INPUT_TEXT         CODE
 069BFH 07155H 00797H VIDEO_TEXT         CODE
 07156H 08F88H 01E33H BGIFNT_TEXT        CODE
 08F8AH 0948FH 00506H xmsif1_TEXT        CODE
 09490H 096A9H 0021AH GUBS_TEXT          CODE
 096AAH 0A95BH 012B2H EXPTLIB_TEXT       CODE
 0A960H 0D0D6H 02777H EMU_PROG           CODE
 0D0E0H 0D6A7H 005C8H E87_PROG           CODE
 0D6B0H 0D6B0H 00000H _FARDATA           FAR_DATA
 0D6B0H 0D6B0H 00000H _FARBSS            FAR_BSS
 0D6B0H 0D6B0H 00000H _OVERLAY_          OVRINFO
 0D6B0H 0D6B0H 00000H _1STUB_            STUBSEG
 0D6B0H 0FC11H 02562H _DATA              DATA
 0FC12H 0FC15H 00004H _CVTSEG            DATA
 0FC16H 0FC21H 0000CH _SCNSEG            DATA
 0FC22H 0FC22H 00000H _CONST             CONST
 0FC22H 0FC3FH 0001EH _INIT_             INITDATA
 0FC40H 0FC40H 00000H _INITEND_          INITDATA
 0FC40H 0FC45H 00006H _EXIT_             EXITDATA
 0FC46H 0FC46H 00000H _EXITEND_          EXITDATA
 0FC46H 102EBH 006A6H _BSS               BSS
 102ECH 102ECH 00000H _BSSEND            BSSEND
 102F0H 103FFH 00110H _STACK             STACK

  Address         Publics by Name

 0D6B:0000       DATASEG@
 0000:0260       DGROUP@
 0A96:2152       e086_Entry
 0A96:26E0       e086_Shortcut
 0D0E:0306       e087_Entry
 0D0E:03C6       e087_Shortcut
 0D0E:0430       e087_Trap
 0000:FE32  Abs  FIARQQ
 0000:0E32  Abs  FICRQQ
 0000:5C32  Abs  FIDRQQ
 0000:1632  Abs  FIERQQ
 0000:0632  Abs  FISRQQ
 0000:A23D  Abs  FIWRQQ
 0000:4000  Abs  FJARQQ
 0000:C000  Abs  FJCRQQ
 0000:8000  Abs  FJSRQQ
 0000:1073       FTOL@
 0000:1073       F_FTOL@
 0000:1218       F_LDIV@
 0000:1227       F_LMOD@
 0000:121F       F_LUDIV@
 0000:122F       F_LUMOD@
 0000:12C6       F_LXLSH@
 0000:119C       F_LXMUL@
 0000:12E7       F_PADA@
 0000:136F       F_PADD@
 0000:132B       F_PSBA@
 0000:139E       F_PSUB@
 0000:11B3       F_SCOPY@
 0000:13D2       F_SPUSH@
 0000:1218       LDIV@
 0000:1227       LMOD@
 0000:121F       LUDIV@
 0000:122F       LUMOD@
 0000:12C6       LXLSH@
 0000:119C       LXMUL@
 0000:1215       N_LDIV@
 0000:1224       N_LMOD@
 0000:121C       N_LUDIV@
 0000:122C       N_LUMOD@
 0000:12C3       N_LXLSH@
 0000:15CE       N_LXMUL@
 0000:12E4       N_PADA@
 0000:136C       N_PADD@
 0000:15E5       N_PCMP@
 0000:1328       N_PSBA@
 0000:139B       N_PSUB@
 0000:13CC       N_SPUSH@
 0000:12E7       PADA@
 0000:136F       PADD@
 0000:132B       PSBA@
 0000:139E       PSUB@
 0000:11B3       SCOPY@
 0000:13D2       SPUSH@
 0D6B:1C31       XMMentry
 0D6B:1C35       XMMinit
 0000:0249       _abort
 069B:067C       _addColor
 096A:0ACA       _assign
 0000:109F       _atexit
 0000:2DFC       _atoi
 0000:2D87       _atol
 096A:123D       _audio
 0715:01EA       _bgi_closefont
 0715:0227       _bgi_deletefont
 0715:0254       _bgi_fontpath
 0715:026C       _bgi_getbasecharsize
 0715:02B5       _bgi_gettextsettings
 0715:02EB       _bgi_installuserfont
 0715:035B       _bgi_outtext
 0715:08D5       _bgi_outtextxy
 0715:091E       _bgi_registerbgifont
 0715:0967       _bgi_registerfarbgifont
 0715:09B3       _bgi_settextjustify
 0715:09E0       _bgi_settextstyle
 0715:0C37       _bgi_setusercharsize
 0715:0CF8       _bgi_textheight
 0715:0D38       _bgi_textwidth
 0000:23F4       _bioskey
 0D6B:25A6       _blank_i
 0715:01C2       _blobcopy
 0D6B:1C76       _bound_maxx
 0D6B:1C7A       _bound_maxy
 0D6B:1C74       _bound_minx
 0D6B:1C78       _bound_miny
 0000:2419       _calloc
 0D6B:0094       _chainlength
 066F:0071       _checkResponse
 05BB:01EE       _CleanupMoviePackage
 069B:03B0       _clearScreen
 0000:2E2A       _close
 0000:1023       _cos
 0D6B:0B94       _cos_table
 0D6B:259E       _data
 0D6B:2554       _daylight
 0715:11CB       _decodeCHRstroke
 0000:24D3       _delay
 096A:0B31       _distribute
 0000:42A5       _dostounix
 061E:0124       _downloadImage
 0D6B:05EC       _do_bold
 0D6B:05EE       _do_italics
 0D6B:05EA       _do_underline
 0D6B:05F2       _do_usebkcolor
 0D6B:05F0       _do_uselinestyle
 04B8:0DA5       _drawartalph
 0715:121E       _drawCHRchar
 0715:1BBD       _drawGEMchar
 069B:0037       _drawPicture
 0715:16FA       _drawROMchar
 061E:017E       _drawText
 0D6B:2596       _eng_pixels
 0D6B:2518       _environ
 0000:2E70       _eof
 0D6B:007F       _errno
 067F:0007       _error
 0000:1161       _exit
 0000:04BC       _fabs
 0000:2AA9       _farcalloc
 0000:2674       _farfree
 0000:2788       _farmalloc
 0000:28EC       _farrealloc
 0000:2EE7       _fclose
 0000:2F92       _fflush
 0000:3731       _fgetc
 0000:381F       _fgetchar
 0000:305F       _fgets
 069B:06B3       _findColor
 0000:30FB       _flushall
 0690:000D       _FlushKeyBuf
 0D6B:1172       _font_data
 0D6B:14FC       _font_list
 0D6B:055A       _font_path
 0D6B:113C       _font_scale
 0000:3312       _fopen
 0000:3347       _fprintf
 0000:3BA8       _fputc
 0000:3D3B       _fputchar
 0000:3457       _fread
 0000:2674       _free
 066F:004D       _freeResponse
 0000:34E5       _fscanf
 0000:358B       _fseek
 0000:360B       _ftell
 096A:0BDE       _gaussdev
 096A:0F88       _gen_init
 0D6B:259A       _geo_pixels
 0949:0032       _getbkcolor
 0949:0028       _getcolor
 0000:11CF       _getdate
 0000:382B       _getenv
 0690:0049       _GetKey
 0949:0000       _getlinesettings
 0000:389B       _gets
 0690:0092       _GetStick
 0000:11E2       _gettime
 0000:11F5       _getvect
 0949:0014       _getx
 0949:001E       _gety
 04B8:0A7A       _globalstartup
 061E:0002       _goImages
 04B8:0E97       _hline
 05BB:0218       _initMovie
 066F:0000       _initResponse
 0683:0066       _InitTimer
 0683:003E       _InstallTimer
 0D6B:25AA       _instruct_i
 0D6B:25B2       _instruct_m
 0000:2B39       _int86
 0000:2B6A       _int86x
 0000:2C03       _intr
 0000:2CA7       _ioctl
 0000:143E       _isatty
 0690:0059       _KeyPress
 0690:002B       _KeyWaiting
 061E:0081       _killImages
 0949:000A       _line
 0949:000F       _lineto
 0715:0E9B       _loadCHRfont
 0715:190E       _loadGEMfont
 061E:01C6       _loadImage
 0715:13DD       _loadROMfont
 0000:0EFE       _log
 0000:14F1       _lseek
 04B8:000D       _main
 069B:0704       _makePalette
 0000:277E       _malloc
 0000:0E42       _matherr
 0000:391F       _memcpy
 0000:3967       _memset
 0949:003B       _moveto
 0683:000A       _msISR
 061E:00B3       _newImage
 0000:2D80       _nosound
 0000:39B3       _open
 0715:00F7       _openfontfile
 0000:162A       _outp
 0000:1606       _outport
 0000:1612       _outportb
 0000:161E       _outpw
 0D6B:280A       _Palette
 069B:0672       _paletteSize
 0D6B:27B6       _picBuf
 0000:0E37       _pow10
 04B8:0AE4       _present
 0000:3B71       _printf
 096A:08FB       _putcheckerbox
 096A:0606       _putcircle
 096A:010D       _putcircle5
 096A:09E4       _putcross
 04B8:0FE3       _putenglet
 04B8:0F96       _putgeolet
 096A:0A98       _puthline
 0949:00C5       _putpixel
 096A:07D6       _putrandombox
 096A:0517       _putrectangle
 096A:029F       _putslopeline
 096A:0432       _putsquare
 096A:000A       _putsquare3
 096A:01D0       _puttriangle
 096A:0061       _puttriangle3
 096A:0A66       _putvline
 096A:0CAF       _ran2
 096A:0B99       _randint
 04B8:0EBF       _readP1PPM
 069B:05C8       _readPalette
 0000:28E5       _realloc
 0949:0057       _resetbounds
 066F:00DE       _responseReady
 069B:0493       _Retrace
 0715:0006       _rotatexy
 05BB:029A       _runMovie
 061E:029D       _saveImage
 0000:1D22       _segread
 0000:2CE0       _setblock
 0949:004C       _setcolor
 0000:1D42       _setdate
 0949:006B       _SetGubs
 0949:0005       _setlinestyle
 0000:3943       _setmem
 05BB:025C       _setMovie
 069B:04A3       _setPalette
 069B:000F       _setPicSettings
 0000:1D57       _settime
 05BB:0000       _SetupMoviePackage
 0000:401F       _setvbuf
 0000:1204       _setvect
 069B:0377       _setVideoMode
 0000:0EAE       _sin
 0D6B:05F4       _sin_table
 0000:2D54       _sound
 0000:417A       _sprintf
 0000:0E6C       _sqrt
 0000:1E22       _stime
 0D6B:25AE       _stim_m
 0000:41BD       _strcat
 0000:41FC       _strcmp
 0000:422C       _strcpy
 0000:4255       _strlen
 0000:4274       _strncpy
 0683:00B3       _SwitchTimer
 0D6B:25A2       _targ_i
 0000:1EBA       _tell
 0D6B:1168       _textinfo
 096A:1169       _thankyou
 0000:1E62       _time
 0D6B:27BE       _Timer
 0D6B:2550       _timezone
 0D6B:2548       _tzname
 0000:45D3       _tzset
 0000:48A1       _ungetc
 0000:43CF       _unixtodos
 0000:1ED2       _unlink
 0715:11B0       _unloadCHRfont
 0715:1B93       _unloadGEMfont
 0715:16D0       _unloadROMfont
 061E:0151       _uploadImage
 0D6B:1134       _userxscale
 0D6B:1138       _useryscale
 04B8:0E6F       _vline
 0000:490C       _vprintf
 0000:419C       _vsprintf
 0683:008D       _Wait
 069B:052D       _writePalette
 096A:06E7       _writeppm
 08F8:00C1       _XMMallcoreleft
 08F8:0109       _XMMalloc
 08F8:007B       _XMMcoreleft
 08F8:01C2       _XMMfree
 08F8:0047       _XMMgetversion
 08F8:000A       _XMMlibinit
 08F8:0164       _XMMrealloc
 0D6B:1C1F       _xmsif_vers_date
 0D6B:1C28       _xmsif_vers_time
 0D6B:1BFD       _xmsif_vers_vers
 0D6B:1ED0       __8087
 0000:1000  Abs  __AHINCR
 0000:000C  Abs  __AHSHIFT
 0D6B:20C0       __atexitcnt
 0D6B:2B9E       __atexittbl
 0000:29DC       __brk
 0D6B:008B       __brklvl
 0D6B:006B       __C0argc
 0D6B:006D       __C0argv
 0D6B:0071       __C0environ
 0000:1182       __cexit
 0000:0167       __checknull
 0000:2E0D       __chmod
 0000:0154       __cleanup
 0000:2E52       __close
 0D6B:20C2       __ctype
 0000:0000  Abs  __cvtfak
 0000:1190       __c_exit
 0D6B:1EE4       __default87
 0D6B:2390       __doserrno
 0000:142C       __DOSERROR
 0D6B:2392       __dosErrorToSV
 0000:10CC       __dos_getfileattr
 0000:10EC       __dos_setfileattr
 102F:0000       __emu
 0D6B:0075       __envLng
 0D6B:0077       __envseg
 0D6B:0079       __envSize
 0000:1170       __exit
 0D6B:21C4       __exitbuf
 0D6B:21C8       __exitfopen
 0D6B:21CC       __exitopen
 0000:3719       __fgetc
 0000:8087  Abs  __floatconvert
 0000:4B26       __fmemcpy
 0000:4B6E       __fmemset
 0D6B:238A       __fmode
 0000:0CBF       __fperror
 0D6B:238E       __fpstklen
 0000:04B8       __fpuint
 0000:3B8C       __fputc
 0000:3D4F       __FPUTN
 0000:4B4A       __fsetmem
 0000:32C8       __GETFP
 0D6B:0087       __heapbase
 0D6B:008F       __heaptop
 0D6B:1EEA       __huge_dble
 0D6B:1EE6       __huge_flt
 0D6B:1EF2       __huge_ldble
 0D6B:1EFC       __indefinite
 0D6B:005B       __Int0Vector
 0D6B:005F       __Int4Vector
 0D6B:0063       __Int5Vector
 0D6B:0067       __Int6Vector
 0000:13F3       __IOERROR
 0000:47BF       __ISDST
 0D6B:1EE1       __LDT
 0000:04CB       __LDTRUNC
 0000:144F       __LONGTOA
 0000:0F7A       __matherr
 0D6B:1F0A       __mathwhy
 0000:151A       __MKNAME
 0000:0262       __MMODEL
 0D6B:252E       __monthDay
 0000:372E       __Nfgetc
 0D6B:2360       __nfile
 0D6B:238C       __notUmask
 0000:489E       __Nungetc
 0000:3B22       __open
 0D6B:2362       __openfd
 0000:31F9       __OPENFP
 0D6B:007D       __osmajor
 0D6B:007E       __osminor
 0D6B:007D       __osversion
 0000:0D6E       __POW10
 0D6B:1EE0       __protected
 0D6B:007B       __psp
 0000:1638       __read
 0000:2CD0       __REALCVT
 0D6B:2562       __RealCvtVector
 0000:01BD       __restorezero
 0000:2A1B       __sbrk
 0000:1667       __scanner
 0000:2CDC       __scanpop
 0000:2CD8       __scanrslt
 0000:2CD4       __scantod
 0D6B:2566       __ScanTodVector
 0000:1B80       __scantol
 0000:0000  Abs  __setenvp__
 0000:1D6C       __setupio
 0D6B:0081       __StartTime
 0D6B:2476       __stklen
 0000:23C0       __stpcpy
 0D6B:21D0       __streams
 0000:0168       __terminate
 0D6B:1F00       __tiny_ldble
 0000:1577       __TMPNAM
 0000:0000  Abs  __turboCvt
 0000:8087  Abs  __turboFloat
 0000:14D1       __UTOA
 0D6B:007D       __version
 0000:1F02       __VPRINTER
 0000:4A75       __write
 0000:0AB7       __XCVT
 0000:4AB1       __xfclose
 0000:4AEE       __xfflush
 08F8:01F7       __XMMcopy
 0D6B:1BFA       __XMMerror
 08F8:039F       __XMMicopy
 0D6B:1BFB       __XMMversion
 0D6B:0085       ___brklvl
 0000:2534       ___first
 0000:03D1       ___fpreset
 0000:2536       ___last
 0000:3F4E       ___read
 0000:2538       ___rover
 0D6B:2C2C       ___SignalPtr
 0000:4926       ___write

  Address         Publics by Value

 0000:0000  Abs  __turboCvt
 0000:0000  Abs  __cvtfak
 0000:0000  Abs  __setenvp__
 0000:000C  Abs  __AHSHIFT
 0000:0632  Abs  FISRQQ
 0000:0E32  Abs  FICRQQ
 0000:1000  Abs  __AHINCR
 0000:1632  Abs  FIERQQ
 0000:4000  Abs  FJARQQ
 0000:5C32  Abs  FIDRQQ
 0000:8000  Abs  FJSRQQ
 0000:8087  Abs  __turboFloat
 0000:8087  Abs  __floatconvert
 0000:A23D  Abs  FIWRQQ
 0000:C000  Abs  FJCRQQ
 0000:FE32  Abs  FIARQQ
 0000:0154       __cleanup
 0000:0167       __checknull
 0000:0168       __terminate
 0000:01BD       __restorezero
 0000:0249       _abort
 0000:0260       DGROUP@
 0000:0262       __MMODEL
 0000:03D1       ___fpreset
 0000:04B8       __fpuint
 0000:04BC       _fabs
 0000:04CB       __LDTRUNC
 0000:0AB7       __XCVT
 0000:0CBF       __fperror
 0000:0D6E       __POW10
 0000:0E37       _pow10
 0000:0E42       _matherr
 0000:0E6C       _sqrt
 0000:0EAE       _sin
 0000:0EFE       _log
 0000:0F7A       __matherr
 0000:1023       _cos
 0000:1073       F_FTOL@
 0000:1073       FTOL@
 0000:109F       _atexit
 0000:10CC       __dos_getfileattr
 0000:10EC       __dos_setfileattr
 0000:1161       _exit
 0000:1170       __exit
 0000:1182       __cexit
 0000:1190       __c_exit
 0000:119C       F_LXMUL@
 0000:119C       LXMUL@
 0000:11B3       F_SCOPY@
 0000:11B3       SCOPY@
 0000:11CF       _getdate
 0000:11E2       _gettime
 0000:11F5       _getvect
 0000:1204       _setvect
 0000:1215       N_LDIV@
 0000:1218       F_LDIV@
 0000:1218       LDIV@
 0000:121C       N_LUDIV@
 0000:121F       F_LUDIV@
 0000:121F       LUDIV@
 0000:1224       N_LMOD@
 0000:1227       F_LMOD@
 0000:1227       LMOD@
 0000:122C       N_LUMOD@
 0000:122F       LUMOD@
 0000:122F       F_LUMOD@
 0000:12C3       N_LXLSH@
 0000:12C6       LXLSH@
 0000:12C6       F_LXLSH@
 0000:12E4       N_PADA@
 0000:12E7       F_PADA@
 0000:12E7       PADA@
 0000:1328       N_PSBA@
 0000:132B       PSBA@
 0000:132B       F_PSBA@
 0000:136C       N_PADD@
 0000:136F       F_PADD@
 0000:136F       PADD@
 0000:139B       N_PSUB@
 0000:139E       F_PSUB@
 0000:139E       PSUB@
 0000:13CC       N_SPUSH@
 0000:13D2       F_SPUSH@
 0000:13D2       SPUSH@
 0000:13F3       __IOERROR
 0000:142C       __DOSERROR
 0000:143E       _isatty
 0000:144F       __LONGTOA
 0000:14D1       __UTOA
 0000:14F1       _lseek
 0000:151A       __MKNAME
 0000:1577       __TMPNAM
 0000:15CE       N_LXMUL@
 0000:15E5       N_PCMP@
 0000:1606       _outport
 0000:1612       _outportb
 0000:161E       _outpw
 0000:162A       _outp
 0000:1638       __read
 0000:1667       __scanner
 0000:1B80       __scantol
 0000:1D22       _segread
 0000:1D42       _setdate
 0000:1D57       _settime
 0000:1D6C       __setupio
 0000:1E22       _stime
 0000:1E62       _time
 0000:1EBA       _tell
 0000:1ED2       _unlink
 0000:1F02       __VPRINTER
 0000:23C0       __stpcpy
 0000:23F4       _bioskey
 0000:2419       _calloc
 0000:24D3       _delay
 0000:2534       ___first
 0000:2536       ___last
 0000:2538       ___rover
 0000:2674       _farfree
 0000:2674       _free
 0000:277E       _malloc
 0000:2788       _farmalloc
 0000:28E5       _realloc
 0000:28EC       _farrealloc
 0000:29DC       __brk
 0000:2A1B       __sbrk
 0000:2AA9       _farcalloc
 0000:2B39       _int86
 0000:2B6A       _int86x
 0000:2C03       _intr
 0000:2CA7       _ioctl
 0000:2CD0       __REALCVT
 0000:2CD4       __scantod
 0000:2CD8       __scanrslt
 0000:2CDC       __scanpop
 0000:2CE0       _setblock
 0000:2D54       _sound
 0000:2D80       _nosound
 0000:2D87       _atol
 0000:2DFC       _atoi
 0000:2E0D       __chmod
 0000:2E2A       _close
 0000:2E52       __close
 0000:2E70       _eof
 0000:2EE7       _fclose
 0000:2F92       _fflush
 0000:305F       _fgets
 0000:30FB       _flushall
 0000:31F9       __OPENFP
 0000:32C8       __GETFP
 0000:3312       _fopen
 0000:3347       _fprintf
 0000:3457       _fread
 0000:34E5       _fscanf
 0000:358B       _fseek
 0000:360B       _ftell
 0000:3719       __fgetc
 0000:372E       __Nfgetc
 0000:3731       _fgetc
 0000:381F       _fgetchar
 0000:382B       _getenv
 0000:389B       _gets
 0000:391F       _memcpy
 0000:3943       _setmem
 0000:3967       _memset
 0000:39B3       _open
 0000:3B22       __open
 0000:3B71       _printf
 0000:3B8C       __fputc
 0000:3BA8       _fputc
 0000:3D3B       _fputchar
 0000:3D4F       __FPUTN
 0000:3F4E       ___read
 0000:401F       _setvbuf
 0000:417A       _sprintf
 0000:419C       _vsprintf
 0000:41BD       _strcat
 0000:41FC       _strcmp
 0000:422C       _strcpy
 0000:4255       _strlen
 0000:4274       _strncpy
 0000:42A5       _dostounix
 0000:43CF       _unixtodos
 0000:45D3       _tzset
 0000:47BF       __ISDST
 0000:489E       __Nungetc
 0000:48A1       _ungetc
 0000:490C       _vprintf
 0000:4926       ___write
 0000:4A75       __write
 0000:4AB1       __xfclose
 0000:4AEE       __xfflush
 0000:4B26       __fmemcpy
 0000:4B4A       __fsetmem
 0000:4B6E       __fmemset
 04B8:000D       _main
 04B8:0A7A       _globalstartup
 04B8:0AE4       _present
 04B8:0DA5       _drawartalph
 04B8:0E6F       _vline
 04B8:0E97       _hline
 04B8:0EBF       _readP1PPM
 04B8:0F96       _putgeolet
 04B8:0FE3       _putenglet
 05BB:0000       _SetupMoviePackage
 05BB:01EE       _CleanupMoviePackage
 05BB:0218       _initMovie
 05BB:025C       _setMovie
 05BB:029A       _runMovie
 061E:0002       _goImages
 061E:0081       _killImages
 061E:00B3       _newImage
 061E:0124       _downloadImage
 061E:0151       _uploadImage
 061E:017E       _drawText
 061E:01C6       _loadImage
 061E:029D       _saveImage
 066F:0000       _initResponse
 066F:004D       _freeResponse
 066F:0071       _checkResponse
 066F:00DE       _responseReady
 067F:0007       _error
 0683:000A       _msISR
 0683:003E       _InstallTimer
 0683:0066       _InitTimer
 0683:008D       _Wait
 0683:00B3       _SwitchTimer
 0690:000D       _FlushKeyBuf
 0690:002B       _KeyWaiting
 0690:0049       _GetKey
 0690:0059       _KeyPress
 0690:0092       _GetStick
 069B:000F       _setPicSettings
 069B:0037       _drawPicture
 069B:0377       _setVideoMode
 069B:03B0       _clearScreen
 069B:0493       _Retrace
 069B:04A3       _setPalette
 069B:052D       _writePalette
 069B:05C8       _readPalette
 069B:0672       _paletteSize
 069B:067C       _addColor
 069B:06B3       _findColor
 069B:0704       _makePalette
 0715:0006       _rotatexy
 0715:00F7       _openfontfile
 0715:01C2       _blobcopy
 0715:01EA       _bgi_closefont
 0715:0227       _bgi_deletefont
 0715:0254       _bgi_fontpath
 0715:026C       _bgi_getbasecharsize
 0715:02B5       _bgi_gettextsettings
 0715:02EB       _bgi_installuserfont
 0715:035B       _bgi_outtext
 0715:08D5       _bgi_outtextxy
 0715:091E       _bgi_registerbgifont
 0715:0967       _bgi_registerfarbgifont
 0715:09B3       _bgi_settextjustify
 0715:09E0       _bgi_settextstyle
 0715:0C37       _bgi_setusercharsize
 0715:0CF8       _bgi_textheight
 0715:0D38       _bgi_textwidth
 0715:0E9B       _loadCHRfont
 0715:11B0       _unloadCHRfont
 0715:11CB       _decodeCHRstroke
 0715:121E       _drawCHRchar
 0715:13DD       _loadROMfont
 0715:16D0       _unloadROMfont
 0715:16FA       _drawROMchar
 0715:190E       _loadGEMfont
 0715:1B93       _unloadGEMfont
 0715:1BBD       _drawGEMchar
 08F8:000A       _XMMlibinit
 08F8:0047       _XMMgetversion
 08F8:007B       _XMMcoreleft
 08F8:00C1       _XMMallcoreleft
 08F8:0109       _XMMalloc
 08F8:0164       _XMMrealloc
 08F8:01C2       _XMMfree
 08F8:01F7       __XMMcopy
 08F8:039F       __XMMicopy
 0949:0000       _getlinesettings
 0949:0005       _setlinestyle
 0949:000A       _line
 0949:000F       _lineto
 0949:0014       _getx
 0949:001E       _gety
 0949:0028       _getcolor
 0949:0032       _getbkcolor
 0949:003B       _moveto
 0949:004C       _setcolor
 0949:0057       _resetbounds
 0949:006B       _SetGubs
 0949:00C5       _putpixel
 096A:000A       _putsquare3
 096A:0061       _puttriangle3
 096A:010D       _putcircle5
 096A:01D0       _puttriangle
 096A:029F       _putslopeline
 096A:0432       _putsquare
 096A:0517       _putrectangle
 096A:0606       _putcircle
 096A:06E7       _writeppm
 096A:07D6       _putrandombox
 096A:08FB       _putcheckerbox
 096A:09E4       _putcross
 096A:0A66       _putvline
 096A:0A98       _puthline
 096A:0ACA       _assign
 096A:0B31       _distribute
 096A:0B99       _randint
 096A:0BDE       _gaussdev
 096A:0CAF       _ran2
 096A:0F88       _gen_init
 096A:1169       _thankyou
 096A:123D       _audio
 0A96:2152       e086_Entry
 0A96:26E0       e086_Shortcut
 0D0E:0306       e087_Entry
 0D0E:03C6       e087_Shortcut
 0D0E:0430       e087_Trap
 0D6B:0000       DATASEG@
 0D6B:005B       __Int0Vector
 0D6B:005F       __Int4Vector
 0D6B:0063       __Int5Vector
 0D6B:0067       __Int6Vector
 0D6B:006B       __C0argc
 0D6B:006D       __C0argv
 0D6B:0071       __C0environ
 0D6B:0075       __envLng
 0D6B:0077       __envseg
 0D6B:0079       __envSize
 0D6B:007B       __psp
 0D6B:007D       __osversion
 0D6B:007D       __osmajor
 0D6B:007D       __version
 0D6B:007E       __osminor
 0D6B:007F       _errno
 0D6B:0081       __StartTime
 0D6B:0085       ___brklvl
 0D6B:0087       __heapbase
 0D6B:008B       __brklvl
 0D6B:008F       __heaptop
 0D6B:0094       _chainlength
 0D6B:055A       _font_path
 0D6B:05EA       _do_underline
 0D6B:05EC       _do_bold
 0D6B:05EE       _do_italics
 0D6B:05F0       _do_uselinestyle
 0D6B:05F2       _do_usebkcolor
 0D6B:05F4       _sin_table
 0D6B:0B94       _cos_table
 0D6B:1134       _userxscale
 0D6B:1138       _useryscale
 0D6B:113C       _font_scale
 0D6B:1168       _textinfo
 0D6B:1172       _font_data
 0D6B:14FC       _font_list
 0D6B:1BFA       __XMMerror
 0D6B:1BFB       __XMMversion
 0D6B:1BFD       _xmsif_vers_vers
 0D6B:1C1F       _xmsif_vers_date
 0D6B:1C28       _xmsif_vers_time
 0D6B:1C31       XMMentry
 0D6B:1C35       XMMinit
 0D6B:1C74       _bound_minx
 0D6B:1C76       _bound_maxx
 0D6B:1C78       _bound_miny
 0D6B:1C7A       _bound_maxy
 0D6B:1ED0       __8087
 0D6B:1EE0       __protected
 0D6B:1EE1       __LDT
 0D6B:1EE4       __default87
 0D6B:1EE6       __huge_flt
 0D6B:1EEA       __huge_dble
 0D6B:1EF2       __huge_ldble
 0D6B:1EFC       __indefinite
 0D6B:1F00       __tiny_ldble
 0D6B:1F0A       __mathwhy
 0D6B:20C0       __atexitcnt
 0D6B:20C2       __ctype
 0D6B:21C4       __exitbuf
 0D6B:21C8       __exitfopen
 0D6B:21CC       __exitopen
 0D6B:21D0       __streams
 0D6B:2360       __nfile
 0D6B:2362       __openfd
 0D6B:238A       __fmode
 0D6B:238C       __notUmask
 0D6B:238E       __fpstklen
 0D6B:2390       __doserrno
 0D6B:2392       __dosErrorToSV
 0D6B:2476       __stklen
 0D6B:2518       _environ
 0D6B:252E       __monthDay
 0D6B:2548       _tzname
 0D6B:2550       _timezone
 0D6B:2554       _daylight
 0D6B:2562       __RealCvtVector
 0D6B:2566       __ScanTodVector
 0D6B:2596       _eng_pixels
 0D6B:259A       _geo_pixels
 0D6B:259E       _data
 0D6B:25A2       _targ_i
 0D6B:25A6       _blank_i
 0D6B:25AA       _instruct_i
 0D6B:25AE       _stim_m
 0D6B:25B2       _instruct_m
 0D6B:27B6       _picBuf
 0D6B:27BE       _Timer
 0D6B:280A       _Palette
 0D6B:2B9E       __atexittbl
 0D6B:2C2C       ___SignalPtr
 102F:0000       __emu

Program entry point at 0000:0000

