
 Start  Stop   Length Name               Class

 00000H 04B8CH 04B8DH _TEXT              CODE
 04B8DH 05BA5H 01019H MR5DEMO_TEXT       CODE
 05BA6H 061D7H 00632H MOVIEOBJ_TEXT      CODE
 061D8H 066E5H 0050EH IMAGE_TEXT         CODE
 066E6H 067ECH 00107H RESPONSE_TEXT      CODE
 067EDH 0682FH 00043H ERROR_TEXT         CODE
 06830H 06902H 000D3H TIMER_TEXT         CODE
 06903H 069B4H 000B2H INPUT_TEXT         CODE
 069B5H 0714BH 00797H VIDEO_TEXT         CODE
 0714CH 08F7EH 01E33H BGIFNT_TEXT        CODE
 08F80H 09485H 00506H xmsif1_TEXT        CODE
 09486H 0969FH 0021AH GUBS_TEXT          CODE
 096A0H 0A951H 012B2H EXPTLIB_TEXT       CODE
 0A960H 0D0D6H 02777H EMU_PROG           CODE
 0D0E0H 0D6A7H 005C8H E87_PROG           CODE
 0D6B0H 0D6B0H 00000H _FARDATA           FAR_DATA
 0D6B0H 0D6B0H 00000H _FARBSS            FAR_BSS
 0D6B0H 0D6B0H 00000H _OVERLAY_          OVRINFO
 0D6B0H 0D6B0H 00000H _1STUB_            STUBSEG
 0D6B0H 0FC11H 02562H _DATA              DATA
 0FC12H 0FC15H 00004H _CVTSEG            DATA
 0FC16H 0FC21H 0000CH _SCNSEG            DATA
 0FC22H 0FC22H 00000H _CONST             CONST
 0FC22H 0FC3FH 0001EH _INIT_             INITDATA
 0FC40H 0FC40H 00000H _INITEND_          INITDATA
 0FC40H 0FC45H 00006H _EXIT_             EXITDATA
 0FC46H 0FC46H 00000H _EXITEND_          EXITDATA
 0FC46H 102EBH 006A6H _BSS               BSS
 102ECH 102ECH 00000H _BSSEND            BSSEND
 102F0H 103FFH 00110H _STACK             STACK

  Address         Publics by Name

 0D6B:0000       DATASEG@
 0000:0260       DGROUP@
 0A96:2152       e086_Entry
 0A96:26E0       e086_Shortcut
 0D0E:0306       e087_Entry
 0D0E:03C6       e087_Shortcut
 0D0E:0430       e087_Trap
 0000:FE32  Abs  FIARQQ
 0000:0E32  Abs  FICRQQ
 0000:5C32  Abs  FIDRQQ
 0000:1632  Abs  FIERQQ
 0000:0632  Abs  FISRQQ
 0000:A23D  Abs  FIWRQQ
 0000:4000  Abs  FJARQQ
 0000:C000  Abs  FJCRQQ
 0000:8000  Abs  FJSRQQ
 0000:1073       FTOL@
 0000:1073       F_FTOL@
 0000:1218       F_LDIV@
 0000:1227       F_LMOD@
 0000:121F       F_LUDIV@
 0000:122F       F_LUMOD@
 0000:12C6       F_LXLSH@
 0000:119C       F_LXMUL@
 0000:12E7       F_PADA@
 0000:136F       F_PADD@
 0000:132B       F_PSBA@
 0000:139E       F_PSUB@
 0000:11B3       F_SCOPY@
 0000:13D2       F_SPUSH@
 0000:1218       LDIV@
 0000:1227       LMOD@
 0000:121F       LUDIV@
 0000:122F       LUMOD@
 0000:12C6       LXLSH@
 0000:119C       LXMUL@
 0000:1215       N_LDIV@
 0000:1224       N_LMOD@
 0000:121C       N_LUDIV@
 0000:122C       N_LUMOD@
 0000:12C3       N_LXLSH@
 0000:15CE       N_LXMUL@
 0000:12E4       N_PADA@
 0000:136C       N_PADD@
 0000:15E5       N_PCMP@
 0000:1328       N_PSBA@
 0000:139B       N_PSUB@
 0000:13CC       N_SPUSH@
 0000:12E7       PADA@
 0000:136F       PADD@
 0000:132B       PSBA@
 0000:139E       PSUB@
 0000:11B3       SCOPY@
 0000:13D2       SPUSH@
 0D6B:1C31       XMMentry
 0D6B:1C35       XMMinit
 0000:0249       _abort
 069B:0672       _addColor
 096A:0AC0       _assign
 0000:109F       _atexit
 0000:2DFC       _atoi
 0000:2D87       _atol
 096A:1233       _audio
 0714:01F0       _bgi_closefont
 0714:022D       _bgi_deletefont
 0714:025A       _bgi_fontpath
 0714:0272       _bgi_getbasecharsize
 0714:02BB       _bgi_gettextsettings
 0714:02F1       _bgi_installuserfont
 0714:0361       _bgi_outtext
 0714:08DB       _bgi_outtextxy
 0714:0924       _bgi_registerbgifont
 0714:096D       _bgi_registerfarbgifont
 0714:09B9       _bgi_settextjustify
 0714:09E6       _bgi_settextstyle
 0714:0C3D       _bgi_setusercharsize
 0714:0CFE       _bgi_textheight
 0714:0D3E       _bgi_textwidth
 0000:23F4       _bioskey
 0D6B:25A6       _blank_i
 0714:01C8       _blobcopy
 0D6B:1C76       _bound_maxx
 0D6B:1C7A       _bound_maxy
 0D6B:1C74       _bound_minx
 0D6B:1C78       _bound_miny
 0000:2419       _calloc
 0D6B:0094       _chainlength
 066E:0077       _checkResponse
 05BA:01F4       _CleanupMoviePackage
 069B:03A6       _clearScreen
 0000:2E2A       _close
 0000:1023       _cos
 0D6B:0B94       _cos_table
 0D6B:259E       _data
 0D6B:2554       _daylight
 0714:11D1       _decodeCHRstroke
 0000:24D3       _delay
 096A:0B27       _distribute
 0000:42A5       _dostounix
 061D:012A       _downloadImage
 0D6B:05EC       _do_bold
 0D6B:05EE       _do_italics
 0D6B:05EA       _do_underline
 0D6B:05F2       _do_usebkcolor
 0D6B:05F0       _do_uselinestyle
 04B8:0D9B       _drawartalph
 0714:1224       _drawCHRchar
 0714:1BC3       _drawGEMchar
 069B:002D       _drawPicture
 0714:1700       _drawROMchar
 061D:0184       _drawText
 0D6B:2596       _eng_pixels
 0D6B:2518       _environ
 0000:2E70       _eof
 0D6B:007F       _errno
 067E:000D       _error
 0000:1161       _exit
 0000:04BC       _fabs
 0000:2AA9       _farcalloc
 0000:2674       _farfree
 0000:2788       _farmalloc
 0000:28EC       _farrealloc
 0000:2EE7       _fclose
 0000:2F92       _fflush
 0000:3731       _fgetc
 0000:381F       _fgetchar
 0000:305F       _fgets
 069B:06A9       _findColor
 0000:30FB       _flushall
 0690:0003       _FlushKeyBuf
 0D6B:1172       _font_data
 0D6B:14FC       _font_list
 0D6B:055A       _font_path
 0D6B:113C       _font_scale
 0000:3312       _fopen
 0000:3347       _fprintf
 0000:3BA8       _fputc
 0000:3D3B       _fputchar
 0000:3457       _fread
 0000:2674       _free
 066E:0053       _freeResponse
 0000:34E5       _fscanf
 0000:358B       _fseek
 0000:360B       _ftell
 096A:0BD4       _gaussdev
 096A:0F7E       _gen_init
 0D6B:259A       _geo_pixels
 0948:0038       _getbkcolor
 0948:002E       _getcolor
 0000:11CF       _getdate
 0000:382B       _getenv
 0690:003F       _GetKey
 0948:0006       _getlinesettings
 0000:389B       _gets
 0690:0088       _GetStick
 0000:11E2       _gettime
 0000:11F5       _getvect
 0948:001A       _getx
 0948:0024       _gety
 04B8:0A70       _globalstartup
 061D:0008       _goImages
 04B8:0E8D       _hline
 05BA:021E       _initMovie
 066E:0006       _initResponse
 0683:005C       _InitTimer
 0683:0034       _InstallTimer
 0D6B:25AA       _instruct_i
 0D6B:25B2       _instruct_m
 0000:2B39       _int86
 0000:2B6A       _int86x
 0000:2C03       _intr
 0000:2CA7       _ioctl
 0000:143E       _isatty
 0690:004F       _KeyPress
 0690:0021       _KeyWaiting
 061D:0087       _killImages
 0948:0010       _line
 0948:0015       _lineto
 0714:0EA1       _loadCHRfont
 0714:1914       _loadGEMfont
 061D:01CC       _loadImage
 0714:13E3       _loadROMfont
 0000:0EFE       _log
 0000:14F1       _lseek
 04B8:000D       _main
 069B:06FA       _makePalette
 0000:277E       _malloc
 0000:0E42       _matherr
 0000:391F       _memcpy
 0000:3967       _memset
 0948:0041       _moveto
 0683:0000       _msISR
 061D:00B9       _newImage
 0000:2D80       _nosound
 0000:39B3       _open
 0714:00FD       _openfontfile
 0000:162A       _outp
 0000:1606       _outport
 0000:1612       _outportb
 0000:161E       _outpw
 0D6B:280A       _Palette
 069B:0668       _paletteSize
 0D6B:27B6       _picBuf
 0000:0E37       _pow10
 04B8:0ADA       _present
 0000:3B71       _printf
 096A:08F1       _putcheckerbox
 096A:05FC       _putcircle
 096A:0103       _putcircle5
 096A:09DA       _putcross
 04B8:0FD9       _putenglet
 04B8:0F8C       _putgeolet
 096A:0A8E       _puthline
 0948:00CB       _putpixel
 096A:07CC       _putrandombox
 096A:050D       _putrectangle
 096A:0295       _putslopeline
 096A:0428       _putsquare
 096A:0000       _putsquare3
 096A:01C6       _puttriangle
 096A:0057       _puttriangle3
 096A:0A5C       _putvline
 096A:0CA5       _ran2
 096A:0B8F       _randint
 04B8:0EB5       _readP1PPM
 069B:05BE       _readPalette
 0000:28E5       _realloc
 0948:005D       _resetbounds
 066E:00E4       _responseReady
 069B:0489       _Retrace
 0714:000C       _rotatexy
 05BA:02A0       _runMovie
 061D:02A3       _saveImage
 0000:1D22       _segread
 0000:2CE0       _setblock
 0948:0052       _setcolor
 0000:1D42       _setdate
 0948:0071       _SetGubs
 0948:000B       _setlinestyle
 0000:3943       _setmem
 05BA:0262       _setMovie
 069B:0499       _setPalette
 069B:0005       _setPicSettings
 0000:1D57       _settime
 05BA:0006       _SetupMoviePackage
 0000:401F       _setvbuf
 0000:1204       _setvect
 069B:036D       _setVideoMode
 0000:0EAE       _sin
 0D6B:05F4       _sin_table
 0000:2D54       _sound
 0000:417A       _sprintf
 0000:0E6C       _sqrt
 0000:1E22       _stime
 0D6B:25AE       _stim_m
 0000:41BD       _strcat
 0000:41FC       _strcmp
 0000:422C       _strcpy
 0000:4255       _strlen
 0000:4274       _strncpy
 0683:00A9       _SwitchTimer
 0D6B:25A2       _targ_i
 0000:1EBA       _tell
 0D6B:1168       _textinfo
 096A:115F       _thankyou
 0000:1E62       _time
 0D6B:27BE       _Timer
 0D6B:2550       _timezone
 0D6B:2548       _tzname
 0000:45D3       _tzset
 0000:48A1       _ungetc
 0000:43CF       _unixtodos
 0000:1ED2       _unlink
 0714:11B6       _unloadCHRfont
 0714:1B99       _unloadGEMfont
 0714:16D6       _unloadROMfont
 061D:0157       _uploadImage
 0D6B:1134       _userxscale
 0D6B:1138       _useryscale
 04B8:0E65       _vline
 0000:490C       _vprintf
 0000:419C       _vsprintf
 0683:0083       _Wait
 069B:0523       _writePalette
 096A:06DD       _writeppm
 08F8:00B7       _XMMallcoreleft
 08F8:00FF       _XMMalloc
 08F8:0071       _XMMcoreleft
 08F8:01B8       _XMMfree
 08F8:003D       _XMMgetversion
 08F8:0000       _XMMlibinit
 08F8:015A       _XMMrealloc
 0D6B:1C1F       _xmsif_vers_date
 0D6B:1C28       _xmsif_vers_time
 0D6B:1BFD       _xmsif_vers_vers
 0D6B:1ED0       __8087
 0000:1000  Abs  __AHINCR
 0000:000C  Abs  __AHSHIFT
 0D6B:20C0       __atexitcnt
 0D6B:2B9E       __atexittbl
 0000:29DC       __brk
 0D6B:008B       __brklvl
 0D6B:006B       __C0argc
 0D6B:006D       __C0argv
 0D6B:0071       __C0environ
 0000:1182       __cexit
 0000:0167       __checknull
 0000:2E0D       __chmod
 0000:0154       __cleanup
 0000:2E52       __close
 0D6B:20C2       __ctype
 0000:0000  Abs  __cvtfak
 0000:1190       __c_exit
 0D6B:1EE4       __default87
 0D6B:2390       __doserrno
 0000:142C       __DOSERROR
 0D6B:2392       __dosErrorToSV
 0000:10CC       __dos_getfileattr
 0000:10EC       __dos_setfileattr
 102F:0000       __emu
 0D6B:0075       __envLng
 0D6B:0077       __envseg
 0D6B:0079       __envSize
 0000:1170       __exit
 0D6B:21C4       __exitbuf
 0D6B:21C8       __exitfopen
 0D6B:21CC       __exitopen
 0000:3719       __fgetc
 0000:8087  Abs  __floatconvert
 0000:4B26       __fmemcpy
 0000:4B6E       __fmemset
 0D6B:238A       __fmode
 0000:0CBF       __fperror
 0D6B:238E       __fpstklen
 0000:04B8       __fpuint
 0000:3B8C       __fputc
 0000:3D4F       __FPUTN
 0000:4B4A       __fsetmem
 0000:32C8       __GETFP
 0D6B:0087       __heapbase
 0D6B:008F       __heaptop
 0D6B:1EEA       __huge_dble
 0D6B:1EE6       __huge_flt
 0D6B:1EF2       __huge_ldble
 0D6B:1EFC       __indefinite
 0D6B:005B       __Int0Vector
 0D6B:005F       __Int4Vector
 0D6B:0063       __Int5Vector
 0D6B:0067       __Int6Vector
 0000:13F3       __IOERROR
 0000:47BF       __ISDST
 0D6B:1EE1       __LDT
 0000:04CB       __LDTRUNC
 0000:144F       __LONGTOA
 0000:0F7A       __matherr
 0D6B:1F0A       __mathwhy
 0000:151A       __MKNAME
 0000:0262       __MMODEL
 0D6B:252E       __monthDay
 0000:372E       __Nfgetc
 0D6B:2360       __nfile
 0D6B:238C       __notUmask
 0000:489E       __Nungetc
 0000:3B22       __open
 0D6B:2362       __openfd
 0000:31F9       __OPENFP
 0D6B:007D       __osmajor
 0D6B:007E       __osminor
 0D6B:007D       __osversion
 0000:0D6E       __POW10
 0D6B:1EE0       __protected
 0D6B:007B       __psp
 0000:1638       __read
 0000:2CD0       __REALCVT
 0D6B:2562       __RealCvtVector
 0000:01BD       __restorezero
 0000:2A1B       __sbrk
 0000:1667       __scanner
 0000:2CDC       __scanpop
 0000:2CD8       __scanrslt
 0000:2CD4       __scantod
 0D6B:2566       __ScanTodVector
 0000:1B80       __scantol
 0000:0000  Abs  __setenvp__
 0000:1D6C       __setupio
 0D6B:0081       __StartTime
 0D6B:2476       __stklen
 0000:23C0       __stpcpy
 0D6B:21D0       __streams
 0000:0168       __terminate
 0D6B:1F00       __tiny_ldble
 0000:1577       __TMPNAM
 0000:0000  Abs  __turboCvt
 0000:8087  Abs  __turboFloat
 0000:14D1       __UTOA
 0D6B:007D       __version
 0000:1F02       __VPRINTER
 0000:4A75       __write
 0000:0AB7       __XCVT
 0000:4AB1       __xfclose
 0000:4AEE       __xfflush
 08F8:01ED       __XMMcopy
 0D6B:1BFA       __XMMerror
 08F8:0395       __XMMicopy
 0D6B:1BFB       __XMMversion
 0D6B:0085       ___brklvl
 0000:2534       ___first
 0000:03D1       ___fpreset
 0000:2536       ___last
 0000:3F4E       ___read
 0000:2538       ___rover
 0D6B:2C2C       ___SignalPtr
 0000:4926       ___write

  Address         Publics by Value

 0000:0000  Abs  __turboCvt
 0000:0000  Abs  __cvtfak
 0000:0000  Abs  __setenvp__
 0000:000C  Abs  __AHSHIFT
 0000:0632  Abs  FISRQQ
 0000:0E32  Abs  FICRQQ
 0000:1000  Abs  __AHINCR
 0000:1632  Abs  FIERQQ
 0000:4000  Abs  FJARQQ
 0000:5C32  Abs  FIDRQQ
 0000:8000  Abs  FJSRQQ
 0000:8087  Abs  __turboFloat
 0000:8087  Abs  __floatconvert
 0000:A23D  Abs  FIWRQQ
 0000:C000  Abs  FJCRQQ
 0000:FE32  Abs  FIARQQ
 0000:0154       __cleanup
 0000:0167       __checknull
 0000:0168       __terminate
 0000:01BD       __restorezero
 0000:0249       _abort
 0000:0260       DGROUP@
 0000:0262       __MMODEL
 0000:03D1       ___fpreset
 0000:04B8       __fpuint
 0000:04BC       _fabs
 0000:04CB       __LDTRUNC
 0000:0AB7       __XCVT
 0000:0CBF       __fperror
 0000:0D6E       __POW10
 0000:0E37       _pow10
 0000:0E42       _matherr
 0000:0E6C       _sqrt
 0000:0EAE       _sin
 0000:0EFE       _log
 0000:0F7A       __matherr
 0000:1023       _cos
 0000:1073       F_FTOL@
 0000:1073       FTOL@
 0000:109F       _atexit
 0000:10CC       __dos_getfileattr
 0000:10EC       __dos_setfileattr
 0000:1161       _exit
 0000:1170       __exit
 0000:1182       __cexit
 0000:1190       __c_exit
 0000:119C       F_LXMUL@
 0000:119C       LXMUL@
 0000:11B3       F_SCOPY@
 0000:11B3       SCOPY@
 0000:11CF       _getdate
 0000:11E2       _gettime
 0000:11F5       _getvect
 0000:1204       _setvect
 0000:1215       N_LDIV@
 0000:1218       F_LDIV@
 0000:1218       LDIV@
 0000:121C       N_LUDIV@
 0000:121F       F_LUDIV@
 0000:121F       LUDIV@
 0000:1224       N_LMOD@
 0000:1227       F_LMOD@
 0000:1227       LMOD@
 0000:122C       N_LUMOD@
 0000:122F       LUMOD@
 0000:122F       F_LUMOD@
 0000:12C3       N_LXLSH@
 0000:12C6       LXLSH@
 0000:12C6       F_LXLSH@
 0000:12E4       N_PADA@
 0000:12E7       F_PADA@
 0000:12E7       PADA@
 0000:1328       N_PSBA@
 0000:132B       PSBA@
 0000:132B       F_PSBA@
 0000:136C       N_PADD@
 0000:136F       F_PADD@
 0000:136F       PADD@
 0000:139B       N_PSUB@
 0000:139E       F_PSUB@
 0000:139E       PSUB@
 0000:13CC       N_SPUSH@
 0000:13D2       F_SPUSH@
 0000:13D2       SPUSH@
 0000:13F3       __IOERROR
 0000:142C       __DOSERROR
 0000:143E       _isatty
 0000:144F       __LONGTOA
 0000:14D1       __UTOA
 0000:14F1       _lseek
 0000:151A       __MKNAME
 0000:1577       __TMPNAM
 0000:15CE       N_LXMUL@
 0000:15E5       N_PCMP@
 0000:1606       _outport
 0000:1612       _outportb
 0000:161E       _outpw
 0000:162A       _outp
 0000:1638       __read
 0000:1667       __scanner
 0000:1B80       __scantol
 0000:1D22       _segread
 0000:1D42       _setdate
 0000:1D57       _settime
 0000:1D6C       __setupio
 0000:1E22       _stime
 0000:1E62       _time
 0000:1EBA       _tell
 0000:1ED2       _unlink
 0000:1F02       __VPRINTER
 0000:23C0       __stpcpy
 0000:23F4       _bioskey
 0000:2419       _calloc
 0000:24D3       _delay
 0000:2534       ___first
 0000:2536       ___last
 0000:2538       ___rover
 0000:2674       _farfree
 0000:2674       _free
 0000:277E       _malloc
 0000:2788       _farmalloc
 0000:28E5       _realloc
 0000:28EC       _farrealloc
 0000:29DC       __brk
 0000:2A1B       __sbrk
 0000:2AA9       _farcalloc
 0000:2B39       _int86
 0000:2B6A       _int86x
 0000:2C03       _intr
 0000:2CA7       _ioctl
 0000:2CD0       __REALCVT
 0000:2CD4       __scantod
 0000:2CD8       __scanrslt
 0000:2CDC       __scanpop
 0000:2CE0       _setblock
 0000:2D54       _sound
 0000:2D80       _nosound
 0000:2D87       _atol
 0000:2DFC       _atoi
 0000:2E0D       __chmod
 0000:2E2A       _close
 0000:2E52       __close
 0000:2E70       _eof
 0000:2EE7       _fclose
 0000:2F92       _fflush
 0000:305F       _fgets
 0000:30FB       _flushall
 0000:31F9       __OPENFP
 0000:32C8       __GETFP
 0000:3312       _fopen
 0000:3347       _fprintf
 0000:3457       _fread
 0000:34E5       _fscanf
 0000:358B       _fseek
 0000:360B       _ftell
 0000:3719       __fgetc
 0000:372E       __Nfgetc
 0000:3731       _fgetc
 0000:381F       _fgetchar
 0000:382B       _getenv
 0000:389B       _gets
 0000:391F       _memcpy
 0000:3943       _setmem
 0000:3967       _memset
 0000:39B3       _open
 0000:3B22       __open
 0000:3B71       _printf
 0000:3B8C       __fputc
 0000:3BA8       _fputc
 0000:3D3B       _fputchar
 0000:3D4F       __FPUTN
 0000:3F4E       ___read
 0000:401F       _setvbuf
 0000:417A       _sprintf
 0000:419C       _vsprintf
 0000:41BD       _strcat
 0000:41FC       _strcmp
 0000:422C       _strcpy
 0000:4255       _strlen
 0000:4274       _strncpy
 0000:42A5       _dostounix
 0000:43CF       _unixtodos
 0000:45D3       _tzset
 0000:47BF       __ISDST
 0000:489E       __Nungetc
 0000:48A1       _ungetc
 0000:490C       _vprintf
 0000:4926       ___write
 0000:4A75       __write
 0000:4AB1       __xfclose
 0000:4AEE       __xfflush
 0000:4B26       __fmemcpy
 0000:4B4A       __fsetmem
 0000:4B6E       __fmemset
 04B8:000D       _main
 04B8:0A70       _globalstartup
 04B8:0ADA       _present
 04B8:0D9B       _drawartalph
 04B8:0E65       _vline
 04B8:0E8D       _hline
 04B8:0EB5       _readP1PPM
 04B8:0F8C       _putgeolet
 04B8:0FD9       _putenglet
 05BA:0006       _SetupMoviePackage
 05BA:01F4       _CleanupMoviePackage
 05BA:021E       _initMovie
 05BA:0262       _setMovie
 05BA:02A0       _runMovie
 061D:0008       _goImages
 061D:0087       _killImages
 061D:00B9       _newImage
 061D:012A       _downloadImage
 061D:0157       _uploadImage
 061D:0184       _drawText
 061D:01CC       _loadImage
 061D:02A3       _saveImage
 066E:0006       _initResponse
 066E:0053       _freeResponse
 066E:0077       _checkResponse
 066E:00E4       _responseReady
 067E:000D       _error
 0683:0000       _msISR
 0683:0034       _InstallTimer
 0683:005C       _InitTimer
 0683:0083       _Wait
 0683:00A9       _SwitchTimer
 0690:0003       _FlushKeyBuf
 0690:0021       _KeyWaiting
 0690:003F       _GetKey
 0690:004F       _KeyPress
 0690:0088       _GetStick
 069B:0005       _setPicSettings
 069B:002D       _drawPicture
 069B:036D       _setVideoMode
 069B:03A6       _clearScreen
 069B:0489       _Retrace
 069B:0499       _setPalette
 069B:0523       _writePalette
 069B:05BE       _readPalette
 069B:0668       _paletteSize
 069B:0672       _addColor
 069B:06A9       _findColor
 069B:06FA       _makePalette
 0714:000C       _rotatexy
 0714:00FD       _openfontfile
 0714:01C8       _blobcopy
 0714:01F0       _bgi_closefont
 0714:022D       _bgi_deletefont
 0714:025A       _bgi_fontpath
 0714:0272       _bgi_getbasecharsize
 0714:02BB       _bgi_gettextsettings
 0714:02F1       _bgi_installuserfont
 0714:0361       _bgi_outtext
 0714:08DB       _bgi_outtextxy
 0714:0924       _bgi_registerbgifont
 0714:096D       _bgi_registerfarbgifont
 0714:09B9       _bgi_settextjustify
 0714:09E6       _bgi_settextstyle
 0714:0C3D       _bgi_setusercharsize
 0714:0CFE       _bgi_textheight
 0714:0D3E       _bgi_textwidth
 0714:0EA1       _loadCHRfont
 0714:11B6       _unloadCHRfont
 0714:11D1       _decodeCHRstroke
 0714:1224       _drawCHRchar
 0714:13E3       _loadROMfont
 0714:16D6       _unloadROMfont
 0714:1700       _drawROMchar
 0714:1914       _loadGEMfont
 0714:1B99       _unloadGEMfont
 0714:1BC3       _drawGEMchar
 08F8:0000       _XMMlibinit
 08F8:003D       _XMMgetversion
 08F8:0071       _XMMcoreleft
 08F8:00B7       _XMMallcoreleft
 08F8:00FF       _XMMalloc
 08F8:015A       _XMMrealloc
 08F8:01B8       _XMMfree
 08F8:01ED       __XMMcopy
 08F8:0395       __XMMicopy
 0948:0006       _getlinesettings
 0948:000B       _setlinestyle
 0948:0010       _line
 0948:0015       _lineto
 0948:001A       _getx
 0948:0024       _gety
 0948:002E       _getcolor
 0948:0038       _getbkcolor
 0948:0041       _moveto
 0948:0052       _setcolor
 0948:005D       _resetbounds
 0948:0071       _SetGubs
 0948:00CB       _putpixel
 096A:0000       _putsquare3
 096A:0057       _puttriangle3
 096A:0103       _putcircle5
 096A:01C6       _puttriangle
 096A:0295       _putslopeline
 096A:0428       _putsquare
 096A:050D       _putrectangle
 096A:05FC       _putcircle
 096A:06DD       _writeppm
 096A:07CC       _putrandombox
 096A:08F1       _putcheckerbox
 096A:09DA       _putcross
 096A:0A5C       _putvline
 096A:0A8E       _puthline
 096A:0AC0       _assign
 096A:0B27       _distribute
 096A:0B8F       _randint
 096A:0BD4       _gaussdev
 096A:0CA5       _ran2
 096A:0F7E       _gen_init
 096A:115F       _thankyou
 096A:1233       _audio
 0A96:2152       e086_Entry
 0A96:26E0       e086_Shortcut
 0D0E:0306       e087_Entry
 0D0E:03C6       e087_Shortcut
 0D0E:0430       e087_Trap
 0D6B:0000       DATASEG@
 0D6B:005B       __Int0Vector
 0D6B:005F       __Int4Vector
 0D6B:0063       __Int5Vector
 0D6B:0067       __Int6Vector
 0D6B:006B       __C0argc
 0D6B:006D       __C0argv
 0D6B:0071       __C0environ
 0D6B:0075       __envLng
 0D6B:0077       __envseg
 0D6B:0079       __envSize
 0D6B:007B       __psp
 0D6B:007D       __osversion
 0D6B:007D       __osmajor
 0D6B:007D       __version
 0D6B:007E       __osminor
 0D6B:007F       _errno
 0D6B:0081       __StartTime
 0D6B:0085       ___brklvl
 0D6B:0087       __heapbase
 0D6B:008B       __brklvl
 0D6B:008F       __heaptop
 0D6B:0094       _chainlength
 0D6B:055A       _font_path
 0D6B:05EA       _do_underline
 0D6B:05EC       _do_bold
 0D6B:05EE       _do_italics
 0D6B:05F0       _do_uselinestyle
 0D6B:05F2       _do_usebkcolor
 0D6B:05F4       _sin_table
 0D6B:0B94       _cos_table
 0D6B:1134       _userxscale
 0D6B:1138       _useryscale
 0D6B:113C       _font_scale
 0D6B:1168       _textinfo
 0D6B:1172       _font_data
 0D6B:14FC       _font_list
 0D6B:1BFA       __XMMerror
 0D6B:1BFB       __XMMversion
 0D6B:1BFD       _xmsif_vers_vers
 0D6B:1C1F       _xmsif_vers_date
 0D6B:1C28       _xmsif_vers_time
 0D6B:1C31       XMMentry
 0D6B:1C35       XMMinit
 0D6B:1C74       _bound_minx
 0D6B:1C76       _bound_maxx
 0D6B:1C78       _bound_miny
 0D6B:1C7A       _bound_maxy
 0D6B:1ED0       __8087
 0D6B:1EE0       __protected
 0D6B:1EE1       __LDT
 0D6B:1EE4       __default87
 0D6B:1EE6       __huge_flt
 0D6B:1EEA       __huge_dble
 0D6B:1EF2       __huge_ldble
 0D6B:1EFC       __indefinite
 0D6B:1F00       __tiny_ldble
 0D6B:1F0A       __mathwhy
 0D6B:20C0       __atexitcnt
 0D6B:20C2       __ctype
 0D6B:21C4       __exitbuf
 0D6B:21C8       __exitfopen
 0D6B:21CC       __exitopen
 0D6B:21D0       __streams
 0D6B:2360       __nfile
 0D6B:2362       __openfd
 0D6B:238A       __fmode
 0D6B:238C       __notUmask
 0D6B:238E       __fpstklen
 0D6B:2390       __doserrno
 0D6B:2392       __dosErrorToSV
 0D6B:2476       __stklen
 0D6B:2518       _environ
 0D6B:252E       __monthDay
 0D6B:2548       _tzname
 0D6B:2550       _timezone
 0D6B:2554       _daylight
 0D6B:2562       __RealCvtVector
 0D6B:2566       __ScanTodVector
 0D6B:2596       _eng_pixels
 0D6B:259A       _geo_pixels
 0D6B:259E       _data
 0D6B:25A2       _targ_i
 0D6B:25A6       _blank_i
 0D6B:25AA       _instruct_i
 0D6B:25AE       _stim_m
 0D6B:25B2       _instruct_m
 0D6B:27B6       _picBuf
 0D6B:27BE       _Timer
 0D6B:280A       _Palette
 0D6B:2B9E       __atexittbl
 0D6B:2C2C       ___SignalPtr
 102F:0000       __emu

Program entry point at 0000:0000

