
 Start  Stop   Length Name               Class

 00000H 04B8CH 04B8DH _TEXT              CODE
 04B8DH 05074H 004E8H N5_TEXT            CODE
 05075H 056A6H 00632H MOVIEOBJ_TEXT      CODE
 056A7H 05BB4H 0050EH IMAGE_TEXT         CODE
 05BB5H 05CBBH 00107H RESPONSE_TEXT      CODE
 05CBCH 05CFEH 00043H ERROR_TEXT         CODE
 05CFFH 05DD1H 000D3H TIMER_TEXT         CODE
 05DD2H 05E83H 000B2H INPUT_TEXT         CODE
 05E84H 0661AH 00797H VIDEO_TEXT         CODE
 0661BH 0844DH 01E33H BGIFNT_TEXT        CODE
 0844EH 08953H 00506H xmsif1_TEXT        CODE
 08954H 08B6DH 0021AH GUBS_TEXT          CODE
 08B6EH 09E1FH 012B2H EXPTLIB_TEXT       CODE
 09E20H 0C596H 02777H EMU_PROG           CODE
 0C5A0H 0CB67H 005C8H E87_PROG           CODE
 0CB70H 0CB70H 00000H _FARDATA           FAR_DATA
 0CB70H 0CB70H 00000H _FARBSS            FAR_BSS
 0CB70H 0CB70H 00000H _OVERLAY_          OVRINFO
 0CB70H 0CB70H 00000H _1STUB_            STUBSEG
 0CB70H 0EEA1H 02332H _DATA              DATA
 0EEA2H 0EEA5H 00004H _CVTSEG            DATA
 0EEA6H 0EEB1H 0000CH _SCNSEG            DATA
 0EEB2H 0EEB2H 00000H _CONST             CONST
 0EEB2H 0EECFH 0001EH _INIT_             INITDATA
 0EED0H 0EED0H 00000H _INITEND_          INITDATA
 0EED0H 0EED5H 00006H _EXIT_             EXITDATA
 0EED6H 0EED6H 00000H _EXITEND_          EXITDATA
 0EED6H 0F55BH 00686H _BSS               BSS
 0F55CH 0F55CH 00000H _BSSEND            BSSEND
 0F560H 0F66FH 00110H _STACK             STACK

  Address         Publics by Name

 0CB7:0000       DATASEG@
 0000:0260       DGROUP@
 09E2:2152       e086_Entry
 09E2:26E0       e086_Shortcut
 0C5A:0306       e087_Entry
 0C5A:03C6       e087_Shortcut
 0C5A:0430       e087_Trap
 0000:FE32  Abs  FIARQQ
 0000:0E32  Abs  FICRQQ
 0000:5C32  Abs  FIDRQQ
 0000:1632  Abs  FIERQQ
 0000:0632  Abs  FISRQQ
 0000:A23D  Abs  FIWRQQ
 0000:4000  Abs  FJARQQ
 0000:C000  Abs  FJCRQQ
 0000:8000  Abs  FJSRQQ
 0000:1073       FTOL@
 0000:1073       F_FTOL@
 0000:1218       F_LDIV@
 0000:1227       F_LMOD@
 0000:121F       F_LUDIV@
 0000:122F       F_LUMOD@
 0000:12C6       F_LXLSH@
 0000:119C       F_LXMUL@
 0000:12E7       F_PADA@
 0000:136F       F_PADD@
 0000:132B       F_PSBA@
 0000:139E       F_PSUB@
 0000:11B3       F_SCOPY@
 0000:13D2       F_SPUSH@
 0000:1218       LDIV@
 0000:1227       LMOD@
 0000:121F       LUDIV@
 0000:122F       LUMOD@
 0000:12C6       LXLSH@
 0000:119C       LXMUL@
 0000:1215       N_LDIV@
 0000:1224       N_LMOD@
 0000:121C       N_LUDIV@
 0000:122C       N_LUMOD@
 0000:12C3       N_LXLSH@
 0000:15CE       N_LXMUL@
 0000:12E4       N_PADA@
 0000:136C       N_PADD@
 0000:15E5       N_PCMP@
 0000:1328       N_PSBA@
 0000:139B       N_PSUB@
 0000:13CC       N_SPUSH@
 0000:12E7       PADA@
 0000:136F       PADD@
 0000:132B       PSBA@
 0000:139E       PSUB@
 0000:11B3       SCOPY@
 0000:13D2       SPUSH@
 0CB7:1A01       XMMentry
 0CB7:1A05       XMMinit
 0000:0249       _abort
 05E8:0671       _addColor
 08B6:0ACE       _assign
 0000:109F       _atexit
 0000:2DFC       _atoi
 0000:2D87       _atol
 08B6:1241       _audio
 0661:01EF       _bgi_closefont
 0661:022C       _bgi_deletefont
 0661:0259       _bgi_fontpath
 0661:0271       _bgi_getbasecharsize
 0661:02BA       _bgi_gettextsettings
 0661:02F0       _bgi_installuserfont
 0661:0360       _bgi_outtext
 0661:08DA       _bgi_outtextxy
 0661:0923       _bgi_registerbgifont
 0661:096C       _bgi_registerfarbgifont
 0661:09B8       _bgi_settextjustify
 0661:09E5       _bgi_settextstyle
 0661:0C3C       _bgi_setusercharsize
 0661:0CFD       _bgi_textheight
 0661:0D3D       _bgi_textwidth
 0000:23F4       _bioskey
 0661:01C7       _blobcopy
 0CB7:1A46       _bound_maxx
 0CB7:1A4A       _bound_maxy
 0CB7:1A44       _bound_minx
 0CB7:1A48       _bound_miny
 0000:2419       _calloc
 05BB:0076       _checkResponse
 0507:01F3       _CleanupMoviePackage
 05E8:03A5       _clearScreen
 0000:2E2A       _close
 0000:1023       _cos
 0CB7:0964       _cos_table
 0CB7:2324       _daylight
 0661:11D0       _decodeCHRstroke
 0000:24D3       _delay
 08B6:0B35       _distribute
 0000:42A5       _dostounix
 056A:0129       _downloadImage
 0CB7:03BC       _do_bold
 0CB7:03BE       _do_italics
 0CB7:03BA       _do_underline
 0CB7:03C2       _do_usebkcolor
 0CB7:03C0       _do_uselinestyle
 0661:1223       _drawCHRchar
 0661:1BC2       _drawGEMchar
 05E8:002C       _drawPicture
 0661:16FF       _drawROMchar
 056A:0183       _drawText
 0CB7:22E8       _environ
 0000:2E70       _eof
 0CB7:007F       _errno
 05CB:000C       _error
 0000:1161       _exit
 0000:04BC       _fabs
 0000:2AA9       _farcalloc
 0000:2674       _farfree
 0000:2788       _farmalloc
 0000:28EC       _farrealloc
 0000:2EE7       _fclose
 0000:2F92       _fflush
 0000:3731       _fgetc
 0000:381F       _fgetchar
 0000:305F       _fgets
 05E8:06A8       _findColor
 0000:30FB       _flushall
 05DD:0002       _FlushKeyBuf
 0CB7:0F42       _font_data
 0CB7:12CC       _font_list
 0CB7:032A       _font_path
 0CB7:0F0C       _font_scale
 0000:3312       _fopen
 0000:3347       _fprintf
 0000:3BA8       _fputc
 0000:3D3B       _fputchar
 0000:3457       _fread
 0000:2674       _free
 05BB:0052       _freeResponse
 0000:34E5       _fscanf
 0000:358B       _fseek
 0000:360B       _ftell
 08B6:0BE2       _gaussdev
 08B6:0F8C       _gen_init
 0895:0036       _getbkcolor
 0895:002C       _getcolor
 0000:11CF       _getdate
 0000:382B       _getenv
 05DD:003E       _GetKey
 0895:0004       _getlinesettings
 0000:389B       _gets
 05DD:0087       _GetStick
 0000:11E2       _gettime
 0000:11F5       _getvect
 0895:0018       _getx
 0895:0022       _gety
 056A:0007       _goImages
 0507:021D       _initMovie
 05BB:0005       _initResponse
 05CF:006B       _InitTimer
 05CF:0043       _InstallTimer
 0000:2B39       _int86
 0000:2B6A       _int86x
 0000:2C03       _intr
 0000:2CA7       _ioctl
 0000:143E       _isatty
 05DD:004E       _KeyPress
 05DD:0020       _KeyWaiting
 056A:0086       _killImages
 0895:000E       _line
 0895:0013       _lineto
 0661:0EA0       _loadCHRfont
 0661:1913       _loadGEMfont
 056A:01CB       _loadImage
 0661:13E2       _loadROMfont
 0000:0EFE       _log
 0000:14F1       _lseek
 04B8:000D       _main
 05E8:06F9       _makePalette
 0000:277E       _malloc
 0000:0E42       _matherr
 0000:391F       _memcpy
 0000:3967       _memset
 0895:003F       _moveto
 05CF:000F       _msISR
 056A:00B8       _newImage
 0000:2D80       _nosound
 0CB7:0094       _num
 0000:39B3       _open
 0661:00FC       _openfontfile
 0000:162A       _outp
 0000:1606       _outport
 0000:1612       _outportb
 0000:161E       _outpw
 0CB7:25BA       _Palette
 05E8:0667       _paletteSize
 0CB7:2566       _picBuf
 0000:0E37       _pow10
 0000:3B71       _printf
 08B6:08FF       _putcheckerbox
 08B6:060A       _putcircle
 08B6:0111       _putcircle5
 08B6:09E8       _putcross
 08B6:0A9C       _puthline
 0895:00C9       _putpixel
 08B6:07DA       _putrandombox
 08B6:051B       _putrectangle
 08B6:02A3       _putslopeline
 08B6:0436       _putsquare
 08B6:000E       _putsquare3
 08B6:01D4       _puttriangle
 08B6:0065       _puttriangle3
 08B6:0A6A       _putvline
 08B6:0CB3       _ran2
 08B6:0B9D       _randint
 05E8:05BD       _readPalette
 0000:28E5       _realloc
 0895:005B       _resetbounds
 05BB:00E3       _responseReady
 05E8:0488       _Retrace
 0661:000B       _rotatexy
 0507:029F       _runMovie
 056A:02A2       _saveImage
 0000:1D22       _segread
 0000:2CE0       _setblock
 0895:0050       _setcolor
 0000:1D42       _setdate
 0895:006F       _SetGubs
 0895:0009       _setlinestyle
 0000:3943       _setmem
 0507:0261       _setMovie
 05E8:0498       _setPalette
 05E8:0004       _setPicSettings
 0000:1D57       _settime
 0507:0005       _SetupMoviePackage
 0000:401F       _setvbuf
 0000:1204       _setvect
 05E8:036C       _setVideoMode
 0000:0EAE       _sin
 0CB7:03C4       _sin_table
 0000:2D54       _sound
 0000:417A       _sprintf
 0000:0E6C       _sqrt
 0000:1E22       _stime
 0000:41BD       _strcat
 0000:41FC       _strcmp
 0000:422C       _strcpy
 0000:4255       _strlen
 0000:4274       _strncpy
 05CF:00B8       _SwitchTimer
 0000:1EBA       _tell
 0CB7:0F38       _textinfo
 08B6:116D       _thankyou
 0000:1E62       _time
 0CB7:256E       _Timer
 0CB7:2320       _timezone
 0CB7:2318       _tzname
 0000:45D3       _tzset
 0000:48A1       _ungetc
 0000:43CF       _unixtodos
 0000:1ED2       _unlink
 0661:11B5       _unloadCHRfont
 0661:1B98       _unloadGEMfont
 0661:16D5       _unloadROMfont
 056A:0156       _uploadImage
 0CB7:0F04       _userxscale
 0CB7:0F08       _useryscale
 0000:490C       _vprintf
 0000:419C       _vsprintf
 05CF:0092       _Wait
 05E8:0522       _writePalette
 08B6:06EB       _writeppm
 0844:00C5       _XMMallcoreleft
 0844:010D       _XMMalloc
 0844:007F       _XMMcoreleft
 0844:01C6       _XMMfree
 0844:004B       _XMMgetversion
 0844:000E       _XMMlibinit
 0844:0168       _XMMrealloc
 0CB7:19EF       _xmsif_vers_date
 0CB7:19F8       _xmsif_vers_time
 0CB7:19CD       _xmsif_vers_vers
 0CB7:1CA0       __8087
 0000:1000  Abs  __AHINCR
 0000:000C  Abs  __AHSHIFT
 0CB7:1E90       __atexitcnt
 0CB7:294E       __atexittbl
 0000:29DC       __brk
 0CB7:008B       __brklvl
 0CB7:006B       __C0argc
 0CB7:006D       __C0argv
 0CB7:0071       __C0environ
 0000:1182       __cexit
 0000:0167       __checknull
 0000:2E0D       __chmod
 0000:0154       __cleanup
 0000:2E52       __close
 0CB7:1E92       __ctype
 0000:0000  Abs  __cvtfak
 0000:1190       __c_exit
 0CB7:1CB4       __default87
 0CB7:2160       __doserrno
 0000:142C       __DOSERROR
 0CB7:2162       __dosErrorToSV
 0000:10CC       __dos_getfileattr
 0000:10EC       __dos_setfileattr
 0F56:0000       __emu
 0CB7:0075       __envLng
 0CB7:0077       __envseg
 0CB7:0079       __envSize
 0000:1170       __exit
 0CB7:1F94       __exitbuf
 0CB7:1F98       __exitfopen
 0CB7:1F9C       __exitopen
 0000:3719       __fgetc
 0000:8087  Abs  __floatconvert
 0000:4B26       __fmemcpy
 0000:4B6E       __fmemset
 0CB7:215A       __fmode
 0000:0CBF       __fperror
 0CB7:215E       __fpstklen
 0000:04B8       __fpuint
 0000:3B8C       __fputc
 0000:3D4F       __FPUTN
 0000:4B4A       __fsetmem
 0000:32C8       __GETFP
 0CB7:0087       __heapbase
 0CB7:008F       __heaptop
 0CB7:1CBA       __huge_dble
 0CB7:1CB6       __huge_flt
 0CB7:1CC2       __huge_ldble
 0CB7:1CCC       __indefinite
 0CB7:005B       __Int0Vector
 0CB7:005F       __Int4Vector
 0CB7:0063       __Int5Vector
 0CB7:0067       __Int6Vector
 0000:13F3       __IOERROR
 0000:47BF       __ISDST
 0CB7:1CB1       __LDT
 0000:04CB       __LDTRUNC
 0000:144F       __LONGTOA
 0000:0F7A       __matherr
 0CB7:1CDA       __mathwhy
 0000:151A       __MKNAME
 0000:0262       __MMODEL
 0CB7:22FE       __monthDay
 0000:372E       __Nfgetc
 0CB7:2130       __nfile
 0CB7:215C       __notUmask
 0000:489E       __Nungetc
 0000:3B22       __open
 0CB7:2132       __openfd
 0000:31F9       __OPENFP
 0CB7:007D       __osmajor
 0CB7:007E       __osminor
 0CB7:007D       __osversion
 0000:0D6E       __POW10
 0CB7:1CB0       __protected
 0CB7:007B       __psp
 0000:1638       __read
 0000:2CD0       __REALCVT
 0CB7:2332       __RealCvtVector
 0000:01BD       __restorezero
 0000:2A1B       __sbrk
 0000:1667       __scanner
 0000:2CDC       __scanpop
 0000:2CD8       __scanrslt
 0000:2CD4       __scantod
 0CB7:2336       __ScanTodVector
 0000:1B80       __scantol
 0000:0000  Abs  __setenvp__
 0000:1D6C       __setupio
 0CB7:0081       __StartTime
 0CB7:2246       __stklen
 0000:23C0       __stpcpy
 0CB7:1FA0       __streams
 0000:0168       __terminate
 0CB7:1CD0       __tiny_ldble
 0000:1577       __TMPNAM
 0000:0000  Abs  __turboCvt
 0000:8087  Abs  __turboFloat
 0000:14D1       __UTOA
 0CB7:007D       __version
 0000:1F02       __VPRINTER
 0000:4A75       __write
 0000:0AB7       __XCVT
 0000:4AB1       __xfclose
 0000:4AEE       __xfflush
 0844:01FB       __XMMcopy
 0CB7:19CA       __XMMerror
 0844:03A3       __XMMicopy
 0CB7:19CB       __XMMversion
 0CB7:0085       ___brklvl
 0000:2534       ___first
 0000:03D1       ___fpreset
 0000:2536       ___last
 0000:3F4E       ___read
 0000:2538       ___rover
 0CB7:29DC       ___SignalPtr
 0000:4926       ___write

  Address         Publics by Value

 0000:0000  Abs  __turboCvt
 0000:0000  Abs  __cvtfak
 0000:0000  Abs  __setenvp__
 0000:000C  Abs  __AHSHIFT
 0000:0632  Abs  FISRQQ
 0000:0E32  Abs  FICRQQ
 0000:1000  Abs  __AHINCR
 0000:1632  Abs  FIERQQ
 0000:4000  Abs  FJARQQ
 0000:5C32  Abs  FIDRQQ
 0000:8000  Abs  FJSRQQ
 0000:8087  Abs  __turboFloat
 0000:8087  Abs  __floatconvert
 0000:A23D  Abs  FIWRQQ
 0000:C000  Abs  FJCRQQ
 0000:FE32  Abs  FIARQQ
 0000:0154       __cleanup
 0000:0167       __checknull
 0000:0168       __terminate
 0000:01BD       __restorezero
 0000:0249       _abort
 0000:0260       DGROUP@
 0000:0262       __MMODEL
 0000:03D1       ___fpreset
 0000:04B8       __fpuint
 0000:04BC       _fabs
 0000:04CB       __LDTRUNC
 0000:0AB7       __XCVT
 0000:0CBF       __fperror
 0000:0D6E       __POW10
 0000:0E37       _pow10
 0000:0E42       _matherr
 0000:0E6C       _sqrt
 0000:0EAE       _sin
 0000:0EFE       _log
 0000:0F7A       __matherr
 0000:1023       _cos
 0000:1073       F_FTOL@
 0000:1073       FTOL@
 0000:109F       _atexit
 0000:10CC       __dos_getfileattr
 0000:10EC       __dos_setfileattr
 0000:1161       _exit
 0000:1170       __exit
 0000:1182       __cexit
 0000:1190       __c_exit
 0000:119C       F_LXMUL@
 0000:119C       LXMUL@
 0000:11B3       F_SCOPY@
 0000:11B3       SCOPY@
 0000:11CF       _getdate
 0000:11E2       _gettime
 0000:11F5       _getvect
 0000:1204       _setvect
 0000:1215       N_LDIV@
 0000:1218       F_LDIV@
 0000:1218       LDIV@
 0000:121C       N_LUDIV@
 0000:121F       F_LUDIV@
 0000:121F       LUDIV@
 0000:1224       N_LMOD@
 0000:1227       F_LMOD@
 0000:1227       LMOD@
 0000:122C       N_LUMOD@
 0000:122F       LUMOD@
 0000:122F       F_LUMOD@
 0000:12C3       N_LXLSH@
 0000:12C6       LXLSH@
 0000:12C6       F_LXLSH@
 0000:12E4       N_PADA@
 0000:12E7       F_PADA@
 0000:12E7       PADA@
 0000:1328       N_PSBA@
 0000:132B       PSBA@
 0000:132B       F_PSBA@
 0000:136C       N_PADD@
 0000:136F       F_PADD@
 0000:136F       PADD@
 0000:139B       N_PSUB@
 0000:139E       F_PSUB@
 0000:139E       PSUB@
 0000:13CC       N_SPUSH@
 0000:13D2       F_SPUSH@
 0000:13D2       SPUSH@
 0000:13F3       __IOERROR
 0000:142C       __DOSERROR
 0000:143E       _isatty
 0000:144F       __LONGTOA
 0000:14D1       __UTOA
 0000:14F1       _lseek
 0000:151A       __MKNAME
 0000:1577       __TMPNAM
 0000:15CE       N_LXMUL@
 0000:15E5       N_PCMP@
 0000:1606       _outport
 0000:1612       _outportb
 0000:161E       _outpw
 0000:162A       _outp
 0000:1638       __read
 0000:1667       __scanner
 0000:1B80       __scantol
 0000:1D22       _segread
 0000:1D42       _setdate
 0000:1D57       _settime
 0000:1D6C       __setupio
 0000:1E22       _stime
 0000:1E62       _time
 0000:1EBA       _tell
 0000:1ED2       _unlink
 0000:1F02       __VPRINTER
 0000:23C0       __stpcpy
 0000:23F4       _bioskey
 0000:2419       _calloc
 0000:24D3       _delay
 0000:2534       ___first
 0000:2536       ___last
 0000:2538       ___rover
 0000:2674       _farfree
 0000:2674       _free
 0000:277E       _malloc
 0000:2788       _farmalloc
 0000:28E5       _realloc
 0000:28EC       _farrealloc
 0000:29DC       __brk
 0000:2A1B       __sbrk
 0000:2AA9       _farcalloc
 0000:2B39       _int86
 0000:2B6A       _int86x
 0000:2C03       _intr
 0000:2CA7       _ioctl
 0000:2CD0       __REALCVT
 0000:2CD4       __scantod
 0000:2CD8       __scanrslt
 0000:2CDC       __scanpop
 0000:2CE0       _setblock
 0000:2D54       _sound
 0000:2D80       _nosound
 0000:2D87       _atol
 0000:2DFC       _atoi
 0000:2E0D       __chmod
 0000:2E2A       _close
 0000:2E52       __close
 0000:2E70       _eof
 0000:2EE7       _fclose
 0000:2F92       _fflush
 0000:305F       _fgets
 0000:30FB       _flushall
 0000:31F9       __OPENFP
 0000:32C8       __GETFP
 0000:3312       _fopen
 0000:3347       _fprintf
 0000:3457       _fread
 0000:34E5       _fscanf
 0000:358B       _fseek
 0000:360B       _ftell
 0000:3719       __fgetc
 0000:372E       __Nfgetc
 0000:3731       _fgetc
 0000:381F       _fgetchar
 0000:382B       _getenv
 0000:389B       _gets
 0000:391F       _memcpy
 0000:3943       _setmem
 0000:3967       _memset
 0000:39B3       _open
 0000:3B22       __open
 0000:3B71       _printf
 0000:3B8C       __fputc
 0000:3BA8       _fputc
 0000:3D3B       _fputchar
 0000:3D4F       __FPUTN
 0000:3F4E       ___read
 0000:401F       _setvbuf
 0000:417A       _sprintf
 0000:419C       _vsprintf
 0000:41BD       _strcat
 0000:41FC       _strcmp
 0000:422C       _strcpy
 0000:4255       _strlen
 0000:4274       _strncpy
 0000:42A5       _dostounix
 0000:43CF       _unixtodos
 0000:45D3       _tzset
 0000:47BF       __ISDST
 0000:489E       __Nungetc
 0000:48A1       _ungetc
 0000:490C       _vprintf
 0000:4926       ___write
 0000:4A75       __write
 0000:4AB1       __xfclose
 0000:4AEE       __xfflush
 0000:4B26       __fmemcpy
 0000:4B4A       __fsetmem
 0000:4B6E       __fmemset
 04B8:000D       _main
 0507:0005       _SetupMoviePackage
 0507:01F3       _CleanupMoviePackage
 0507:021D       _initMovie
 0507:0261       _setMovie
 0507:029F       _runMovie
 056A:0007       _goImages
 056A:0086       _killImages
 056A:00B8       _newImage
 056A:0129       _downloadImage
 056A:0156       _uploadImage
 056A:0183       _drawText
 056A:01CB       _loadImage
 056A:02A2       _saveImage
 05BB:0005       _initResponse
 05BB:0052       _freeResponse
 05BB:0076       _checkResponse
 05BB:00E3       _responseReady
 05CB:000C       _error
 05CF:000F       _msISR
 05CF:0043       _InstallTimer
 05CF:006B       _InitTimer
 05CF:0092       _Wait
 05CF:00B8       _SwitchTimer
 05DD:0002       _FlushKeyBuf
 05DD:0020       _KeyWaiting
 05DD:003E       _GetKey
 05DD:004E       _KeyPress
 05DD:0087       _GetStick
 05E8:0004       _setPicSettings
 05E8:002C       _drawPicture
 05E8:036C       _setVideoMode
 05E8:03A5       _clearScreen
 05E8:0488       _Retrace
 05E8:0498       _setPalette
 05E8:0522       _writePalette
 05E8:05BD       _readPalette
 05E8:0667       _paletteSize
 05E8:0671       _addColor
 05E8:06A8       _findColor
 05E8:06F9       _makePalette
 0661:000B       _rotatexy
 0661:00FC       _openfontfile
 0661:01C7       _blobcopy
 0661:01EF       _bgi_closefont
 0661:022C       _bgi_deletefont
 0661:0259       _bgi_fontpath
 0661:0271       _bgi_getbasecharsize
 0661:02BA       _bgi_gettextsettings
 0661:02F0       _bgi_installuserfont
 0661:0360       _bgi_outtext
 0661:08DA       _bgi_outtextxy
 0661:0923       _bgi_registerbgifont
 0661:096C       _bgi_registerfarbgifont
 0661:09B8       _bgi_settextjustify
 0661:09E5       _bgi_settextstyle
 0661:0C3C       _bgi_setusercharsize
 0661:0CFD       _bgi_textheight
 0661:0D3D       _bgi_textwidth
 0661:0EA0       _loadCHRfont
 0661:11B5       _unloadCHRfont
 0661:11D0       _decodeCHRstroke
 0661:1223       _drawCHRchar
 0661:13E2       _loadROMfont
 0661:16D5       _unloadROMfont
 0661:16FF       _drawROMchar
 0661:1913       _loadGEMfont
 0661:1B98       _unloadGEMfont
 0661:1BC2       _drawGEMchar
 0844:000E       _XMMlibinit
 0844:004B       _XMMgetversion
 0844:007F       _XMMcoreleft
 0844:00C5       _XMMallcoreleft
 0844:010D       _XMMalloc
 0844:0168       _XMMrealloc
 0844:01C6       _XMMfree
 0844:01FB       __XMMcopy
 0844:03A3       __XMMicopy
 0895:0004       _getlinesettings
 0895:0009       _setlinestyle
 0895:000E       _line
 0895:0013       _lineto
 0895:0018       _getx
 0895:0022       _gety
 0895:002C       _getcolor
 0895:0036       _getbkcolor
 0895:003F       _moveto
 0895:0050       _setcolor
 0895:005B       _resetbounds
 0895:006F       _SetGubs
 0895:00C9       _putpixel
 08B6:000E       _putsquare3
 08B6:0065       _puttriangle3
 08B6:0111       _putcircle5
 08B6:01D4       _puttriangle
 08B6:02A3       _putslopeline
 08B6:0436       _putsquare
 08B6:051B       _putrectangle
 08B6:060A       _putcircle
 08B6:06EB       _writeppm
 08B6:07DA       _putrandombox
 08B6:08FF       _putcheckerbox
 08B6:09E8       _putcross
 08B6:0A6A       _putvline
 08B6:0A9C       _puthline
 08B6:0ACE       _assign
 08B6:0B35       _distribute
 08B6:0B9D       _randint
 08B6:0BE2       _gaussdev
 08B6:0CB3       _ran2
 08B6:0F8C       _gen_init
 08B6:116D       _thankyou
 08B6:1241       _audio
 09E2:2152       e086_Entry
 09E2:26E0       e086_Shortcut
 0C5A:0306       e087_Entry
 0C5A:03C6       e087_Shortcut
 0C5A:0430       e087_Trap
 0CB7:0000       DATASEG@
 0CB7:005B       __Int0Vector
 0CB7:005F       __Int4Vector
 0CB7:0063       __Int5Vector
 0CB7:0067       __Int6Vector
 0CB7:006B       __C0argc
 0CB7:006D       __C0argv
 0CB7:0071       __C0environ
 0CB7:0075       __envLng
 0CB7:0077       __envseg
 0CB7:0079       __envSize
 0CB7:007B       __psp
 0CB7:007D       __osversion
 0CB7:007D       __osmajor
 0CB7:007D       __version
 0CB7:007E       __osminor
 0CB7:007F       _errno
 0CB7:0081       __StartTime
 0CB7:0085       ___brklvl
 0CB7:0087       __heapbase
 0CB7:008B       __brklvl
 0CB7:008F       __heaptop
 0CB7:0094       _num
 0CB7:032A       _font_path
 0CB7:03BA       _do_underline
 0CB7:03BC       _do_bold
 0CB7:03BE       _do_italics
 0CB7:03C0       _do_uselinestyle
 0CB7:03C2       _do_usebkcolor
 0CB7:03C4       _sin_table
 0CB7:0964       _cos_table
 0CB7:0F04       _userxscale
 0CB7:0F08       _useryscale
 0CB7:0F0C       _font_scale
 0CB7:0F38       _textinfo
 0CB7:0F42       _font_data
 0CB7:12CC       _font_list
 0CB7:19CA       __XMMerror
 0CB7:19CB       __XMMversion
 0CB7:19CD       _xmsif_vers_vers
 0CB7:19EF       _xmsif_vers_date
 0CB7:19F8       _xmsif_vers_time
 0CB7:1A01       XMMentry
 0CB7:1A05       XMMinit
 0CB7:1A44       _bound_minx
 0CB7:1A46       _bound_maxx
 0CB7:1A48       _bound_miny
 0CB7:1A4A       _bound_maxy
 0CB7:1CA0       __8087
 0CB7:1CB0       __protected
 0CB7:1CB1       __LDT
 0CB7:1CB4       __default87
 0CB7:1CB6       __huge_flt
 0CB7:1CBA       __huge_dble
 0CB7:1CC2       __huge_ldble
 0CB7:1CCC       __indefinite
 0CB7:1CD0       __tiny_ldble
 0CB7:1CDA       __mathwhy
 0CB7:1E90       __atexitcnt
 0CB7:1E92       __ctype
 0CB7:1F94       __exitbuf
 0CB7:1F98       __exitfopen
 0CB7:1F9C       __exitopen
 0CB7:1FA0       __streams
 0CB7:2130       __nfile
 0CB7:2132       __openfd
 0CB7:215A       __fmode
 0CB7:215C       __notUmask
 0CB7:215E       __fpstklen
 0CB7:2160       __doserrno
 0CB7:2162       __dosErrorToSV
 0CB7:2246       __stklen
 0CB7:22E8       _environ
 0CB7:22FE       __monthDay
 0CB7:2318       _tzname
 0CB7:2320       _timezone
 0CB7:2324       _daylight
 0CB7:2332       __RealCvtVector
 0CB7:2336       __ScanTodVector
 0CB7:2566       _picBuf
 0CB7:256E       _Timer
 0CB7:25BA       _Palette
 0CB7:294E       __atexittbl
 0CB7:29DC       ___SignalPtr
 0F56:0000       __emu

Program entry point at 0000:0000

