
 Start  Stop   Length Name               Class

 00000H 04B8CH 04B8DH _TEXT              CODE
 04B8DH 056EFH 00B63H MR2_TEXT           CODE
 056F0H 05D21H 00632H MOVIEOBJ_TEXT      CODE
 05D22H 0622FH 0050EH IMAGE_TEXT         CODE
 06230H 06336H 00107H RESPONSE_TEXT      CODE
 06337H 06379H 00043H ERROR_TEXT         CODE
 0637AH 0644CH 000D3H TIMER_TEXT         CODE
 0644DH 064FEH 000B2H INPUT_TEXT         CODE
 064FFH 06C95H 00797H VIDEO_TEXT         CODE
 06C96H 08AC8H 01E33H BGIFNT_TEXT        CODE
 08ACAH 08FCFH 00506H xmsif1_TEXT        CODE
 08FD0H 091E9H 0021AH GUBS_TEXT          CODE
 091EAH 0A49BH 012B2H EXPTLIB_TEXT       CODE
 0A4A0H 0CC16H 02777H EMU_PROG           CODE
 0CC20H 0D1E7H 005C8H E87_PROG           CODE
 0D1F0H 0D1F0H 00000H _FARDATA           FAR_DATA
 0D1F0H 0D1F0H 00000H _FARBSS            FAR_BSS
 0D1F0H 0D1F0H 00000H _OVERLAY_          OVRINFO
 0D1F0H 0D1F0H 00000H _1STUB_            STUBSEG
 0D1F0H 0F541H 02352H _DATA              DATA
 0F542H 0F545H 00004H _CVTSEG            DATA
 0F546H 0F551H 0000CH _SCNSEG            DATA
 0F552H 0F552H 00000H _CONST             CONST
 0F552H 0F56FH 0001EH _INIT_             INITDATA
 0F570H 0F570H 00000H _INITEND_          INITDATA
 0F570H 0F575H 00006H _EXIT_             EXITDATA
 0F576H 0F576H 00000H _EXITEND_          EXITDATA
 0F576H 0FC17H 006A2H _BSS               BSS
 0FC18H 0FC18H 00000H _BSSEND            BSSEND
 0FC20H 0FD2FH 00110H _STACK             STACK

  Address         Publics by Name

 0D1F:0000       DATASEG@
 0000:0260       DGROUP@
 0A4A:2152       e086_Entry
 0A4A:26E0       e086_Shortcut
 0CC2:0306       e087_Entry
 0CC2:03C6       e087_Shortcut
 0CC2:0430       e087_Trap
 0000:FE32  Abs  FIARQQ
 0000:0E32  Abs  FICRQQ
 0000:5C32  Abs  FIDRQQ
 0000:1632  Abs  FIERQQ
 0000:0632  Abs  FISRQQ
 0000:A23D  Abs  FIWRQQ
 0000:4000  Abs  FJARQQ
 0000:C000  Abs  FJCRQQ
 0000:8000  Abs  FJSRQQ
 0000:1073       FTOL@
 0000:1073       F_FTOL@
 0000:1218       F_LDIV@
 0000:1227       F_LMOD@
 0000:121F       F_LUDIV@
 0000:122F       F_LUMOD@
 0000:12C6       F_LXLSH@
 0000:119C       F_LXMUL@
 0000:12E7       F_PADA@
 0000:136F       F_PADD@
 0000:132B       F_PSBA@
 0000:139E       F_PSUB@
 0000:11B3       F_SCOPY@
 0000:13D2       F_SPUSH@
 0000:1218       LDIV@
 0000:1227       LMOD@
 0000:121F       LUDIV@
 0000:122F       LUMOD@
 0000:12C6       LXLSH@
 0000:119C       LXMUL@
 0000:1215       N_LDIV@
 0000:1224       N_LMOD@
 0000:121C       N_LUDIV@
 0000:122C       N_LUMOD@
 0000:12C3       N_LXLSH@
 0000:15CE       N_LXMUL@
 0000:12E4       N_PADA@
 0000:136C       N_PADD@
 0000:15E5       N_PCMP@
 0000:1328       N_PSBA@
 0000:139B       N_PSUB@
 0000:13CC       N_SPUSH@
 0000:12E7       PADA@
 0000:136F       PADD@
 0000:132B       PSBA@
 0000:139E       PSUB@
 0000:11B3       SCOPY@
 0000:13D2       SPUSH@
 0D1F:1A25       XMMentry
 0D1F:1A29       XMMinit
 0000:0249       _abort
 064F:067C       _addColor
 091E:0ACA       _assign
 0000:109F       _atexit
 0000:2DFC       _atoi
 0000:2D87       _atol
 091E:123D       _audio
 06C9:01EA       _bgi_closefont
 06C9:0227       _bgi_deletefont
 06C9:0254       _bgi_fontpath
 06C9:026C       _bgi_getbasecharsize
 06C9:02B5       _bgi_gettextsettings
 06C9:02EB       _bgi_installuserfont
 06C9:035B       _bgi_outtext
 06C9:08D5       _bgi_outtextxy
 06C9:091E       _bgi_registerbgifont
 06C9:0967       _bgi_registerfarbgifont
 06C9:09B3       _bgi_settextjustify
 06C9:09E0       _bgi_settextstyle
 06C9:0C37       _bgi_setusercharsize
 06C9:0CF8       _bgi_textheight
 06C9:0D38       _bgi_textwidth
 0000:23F4       _bioskey
 0D1F:238E       _blank_i
 06C9:01C2       _blobcopy
 0D1F:1A6A       _bound_maxx
 0D1F:1A6E       _bound_maxy
 0D1F:1A68       _bound_minx
 0D1F:1A6C       _bound_miny
 0000:2419       _calloc
 0D1F:0094       _chainlength
 0623:0071       _checkResponse
 056F:01EE       _CleanupMoviePackage
 064F:03B0       _clearScreen
 0000:2E2A       _close
 0000:1023       _cos
 0D1F:0988       _cos_table
 0D1F:2386       _data
 0D1F:2344       _daylight
 06C9:11CB       _decodeCHRstroke
 0000:24D3       _delay
 0D1F:2396       _delay_m
 091E:0B31       _distribute
 0000:42A5       _dostounix
 05D2:0124       _downloadImage
 0D1F:03E0       _do_bold
 0D1F:03E2       _do_italics
 0D1F:03DE       _do_underline
 0D1F:03E6       _do_usebkcolor
 0D1F:03E4       _do_uselinestyle
 04B8:0A5E       _drawartalph
 06C9:121E       _drawCHRchar
 06C9:1BBD       _drawGEMchar
 064F:0037       _drawPicture
 06C9:16FA       _drawROMchar
 05D2:017E       _drawText
 0D1F:2308       _environ
 0000:2E70       _eof
 0D1F:007F       _errno
 0633:0007       _error
 0000:1161       _exit
 0000:04BC       _fabs
 0000:2AA9       _farcalloc
 0000:2674       _farfree
 0000:2788       _farmalloc
 0000:28EC       _farrealloc
 0000:2EE7       _fclose
 0000:2F92       _fflush
 0000:3731       _fgetc
 0000:381F       _fgetchar
 0000:305F       _fgets
 064F:06B3       _findColor
 0000:30FB       _flushall
 0644:000D       _FlushKeyBuf
 0D1F:0F66       _font_data
 0D1F:12F0       _font_list
 0D1F:034E       _font_path
 0D1F:0F30       _font_scale
 0000:3312       _fopen
 0000:3347       _fprintf
 0000:3BA8       _fputc
 0000:3D3B       _fputchar
 0000:3457       _fread
 0000:2674       _free
 0623:004D       _freeResponse
 0000:34E5       _fscanf
 0000:358B       _fseek
 0000:360B       _ftell
 091E:0BDE       _gaussdev
 091E:0F88       _gen_init
 08FD:0032       _getbkcolor
 08FD:0028       _getcolor
 0000:11CF       _getdate
 0000:382B       _getenv
 0644:0049       _GetKey
 08FD:0000       _getlinesettings
 0000:389B       _gets
 0644:0092       _GetStick
 0000:11E2       _gettime
 0000:11F5       _getvect
 08FD:0014       _getx
 08FD:001E       _gety
 04B8:06AD       _globalstartup
 05D2:0002       _goImages
 04B8:0B48       _hline
 056F:0218       _initMovie
 0623:0000       _initResponse
 0637:0066       _InitTimer
 0637:003E       _InstallTimer
 0D1F:2392       _instruct_i
 0D1F:239E       _instruct_m
 0000:2B39       _int86
 0000:2B6A       _int86x
 0000:2C03       _intr
 0000:2CA7       _ioctl
 0000:143E       _isatty
 0644:0059       _KeyPress
 0644:002B       _KeyWaiting
 05D2:0081       _killImages
 08FD:000A       _line
 08FD:000F       _lineto
 06C9:0E9B       _loadCHRfont
 06C9:190E       _loadGEMfont
 05D2:01C6       _loadImage
 06C9:13DD       _loadROMfont
 0000:0EFE       _log
 0000:14F1       _lseek
 04B8:000D       _main
 064F:0704       _makePalette
 0000:277E       _malloc
 0000:0E42       _matherr
 0000:391F       _memcpy
 0000:3967       _memset
 08FD:003B       _moveto
 0637:000A       _msISR
 05D2:00B3       _newImage
 0000:2D80       _nosound
 0000:39B3       _open
 06C9:00F7       _openfontfile
 0000:162A       _outp
 0000:1606       _outport
 0000:1612       _outportb
 0000:161E       _outpw
 0D1F:25F6       _Palette
 064F:0672       _paletteSize
 0D1F:25A2       _picBuf
 0000:0E37       _pow10
 04B8:0717       _present
 0000:3B71       _printf
 091E:08FB       _putcheckerbox
 091E:0606       _putcircle
 091E:010D       _putcircle5
 091E:09E4       _putcross
 091E:0A98       _puthline
 08FD:00C5       _putpixel
 091E:07D6       _putrandombox
 091E:0517       _putrectangle
 091E:029F       _putslopeline
 091E:0432       _putsquare
 091E:000A       _putsquare3
 091E:01D0       _puttriangle
 091E:0061       _puttriangle3
 091E:0A66       _putvline
 091E:0CAF       _ran2
 091E:0B99       _randint
 064F:05C8       _readPalette
 0000:28E5       _realloc
 08FD:0057       _resetbounds
 0623:00DE       _responseReady
 064F:0493       _Retrace
 06C9:0006       _rotatexy
 056F:029A       _runMovie
 05D2:029D       _saveImage
 0000:1D22       _segread
 0000:2CE0       _setblock
 08FD:004C       _setcolor
 0000:1D42       _setdate
 08FD:006B       _SetGubs
 08FD:0005       _setlinestyle
 0000:3943       _setmem
 056F:025C       _setMovie
 064F:04A3       _setPalette
 064F:000F       _setPicSettings
 0000:1D57       _settime
 056F:0000       _SetupMoviePackage
 0000:401F       _setvbuf
 0000:1204       _setvect
 064F:0377       _setVideoMode
 0000:0EAE       _sin
 0D1F:03E8       _sin_table
 0000:2D54       _sound
 0000:417A       _sprintf
 0000:0E6C       _sqrt
 0000:1E22       _stime
 0D1F:239A       _stim_m
 0000:41BD       _strcat
 0000:41FC       _strcmp
 0000:422C       _strcpy
 0000:4255       _strlen
 0000:4274       _strncpy
 0637:00B3       _SwitchTimer
 0D1F:238A       _targ_i
 0000:1EBA       _tell
 0D1F:0F5C       _textinfo
 091E:1169       _thankyou
 0000:1E62       _time
 0D1F:25AA       _Timer
 0D1F:2340       _timezone
 0D1F:2338       _tzname
 0000:45D3       _tzset
 0000:48A1       _ungetc
 0000:43CF       _unixtodos
 0000:1ED2       _unlink
 06C9:11B0       _unloadCHRfont
 06C9:1B93       _unloadGEMfont
 06C9:16D0       _unloadROMfont
 05D2:0151       _uploadImage
 0D1F:0F28       _userxscale
 0D1F:0F2C       _useryscale
 04B8:0B20       _vline
 0000:490C       _vprintf
 0000:419C       _vsprintf
 0637:008D       _Wait
 064F:052D       _writePalette
 091E:06E7       _writeppm
 08AC:00C1       _XMMallcoreleft
 08AC:0109       _XMMalloc
 08AC:007B       _XMMcoreleft
 08AC:01C2       _XMMfree
 08AC:0047       _XMMgetversion
 08AC:000A       _XMMlibinit
 08AC:0164       _XMMrealloc
 0D1F:1A13       _xmsif_vers_date
 0D1F:1A1C       _xmsif_vers_time
 0D1F:19F1       _xmsif_vers_vers
 0D1F:1CC0       __8087
 0000:1000  Abs  __AHINCR
 0000:000C  Abs  __AHSHIFT
 0D1F:1EB0       __atexitcnt
 0D1F:298A       __atexittbl
 0000:29DC       __brk
 0D1F:008B       __brklvl
 0D1F:006B       __C0argc
 0D1F:006D       __C0argv
 0D1F:0071       __C0environ
 0000:1182       __cexit
 0000:0167       __checknull
 0000:2E0D       __chmod
 0000:0154       __cleanup
 0000:2E52       __close
 0D1F:1EB2       __ctype
 0000:0000  Abs  __cvtfak
 0000:1190       __c_exit
 0D1F:1CD4       __default87
 0D1F:2180       __doserrno
 0000:142C       __DOSERROR
 0D1F:2182       __dosErrorToSV
 0000:10CC       __dos_getfileattr
 0000:10EC       __dos_setfileattr
 0FC2:0000       __emu
 0D1F:0075       __envLng
 0D1F:0077       __envseg
 0D1F:0079       __envSize
 0000:1170       __exit
 0D1F:1FB4       __exitbuf
 0D1F:1FB8       __exitfopen
 0D1F:1FBC       __exitopen
 0000:3719       __fgetc
 0000:8087  Abs  __floatconvert
 0000:4B26       __fmemcpy
 0000:4B6E       __fmemset
 0D1F:217A       __fmode
 0000:0CBF       __fperror
 0D1F:217E       __fpstklen
 0000:04B8       __fpuint
 0000:3B8C       __fputc
 0000:3D4F       __FPUTN
 0000:4B4A       __fsetmem
 0000:32C8       __GETFP
 0D1F:0087       __heapbase
 0D1F:008F       __heaptop
 0D1F:1CDA       __huge_dble
 0D1F:1CD6       __huge_flt
 0D1F:1CE2       __huge_ldble
 0D1F:1CEC       __indefinite
 0D1F:005B       __Int0Vector
 0D1F:005F       __Int4Vector
 0D1F:0063       __Int5Vector
 0D1F:0067       __Int6Vector
 0000:13F3       __IOERROR
 0000:47BF       __ISDST
 0D1F:1CD1       __LDT
 0000:04CB       __LDTRUNC
 0000:144F       __LONGTOA
 0000:0F7A       __matherr
 0D1F:1CFA       __mathwhy
 0000:151A       __MKNAME
 0000:0262       __MMODEL
 0D1F:231E       __monthDay
 0000:372E       __Nfgetc
 0D1F:2150       __nfile
 0D1F:217C       __notUmask
 0000:489E       __Nungetc
 0000:3B22       __open
 0D1F:2152       __openfd
 0000:31F9       __OPENFP
 0D1F:007D       __osmajor
 0D1F:007E       __osminor
 0D1F:007D       __osversion
 0000:0D6E       __POW10
 0D1F:1CD0       __protected
 0D1F:007B       __psp
 0000:1638       __read
 0000:2CD0       __REALCVT
 0D1F:2352       __RealCvtVector
 0000:01BD       __restorezero
 0000:2A1B       __sbrk
 0000:1667       __scanner
 0000:2CDC       __scanpop
 0000:2CD8       __scanrslt
 0000:2CD4       __scantod
 0D1F:2356       __ScanTodVector
 0000:1B80       __scantol
 0000:0000  Abs  __setenvp__
 0000:1D6C       __setupio
 0D1F:0081       __StartTime
 0D1F:2266       __stklen
 0000:23C0       __stpcpy
 0D1F:1FC0       __streams
 0000:0168       __terminate
 0D1F:1CF0       __tiny_ldble
 0000:1577       __TMPNAM
 0000:0000  Abs  __turboCvt
 0000:8087  Abs  __turboFloat
 0000:14D1       __UTOA
 0D1F:007D       __version
 0000:1F02       __VPRINTER
 0000:4A75       __write
 0000:0AB7       __XCVT
 0000:4AB1       __xfclose
 0000:4AEE       __xfflush
 08AC:01F7       __XMMcopy
 0D1F:19EE       __XMMerror
 08AC:039F       __XMMicopy
 0D1F:19EF       __XMMversion
 0D1F:0085       ___brklvl
 0000:2534       ___first
 0000:03D1       ___fpreset
 0000:2536       ___last
 0000:3F4E       ___read
 0000:2538       ___rover
 0D1F:2A18       ___SignalPtr
 0000:4926       ___write

  Address         Publics by Value

 0000:0000  Abs  __turboCvt
 0000:0000  Abs  __cvtfak
 0000:0000  Abs  __setenvp__
 0000:000C  Abs  __AHSHIFT
 0000:0632  Abs  FISRQQ
 0000:0E32  Abs  FICRQQ
 0000:1000  Abs  __AHINCR
 0000:1632  Abs  FIERQQ
 0000:4000  Abs  FJARQQ
 0000:5C32  Abs  FIDRQQ
 0000:8000  Abs  FJSRQQ
 0000:8087  Abs  __turboFloat
 0000:8087  Abs  __floatconvert
 0000:A23D  Abs  FIWRQQ
 0000:C000  Abs  FJCRQQ
 0000:FE32  Abs  FIARQQ
 0000:0154       __cleanup
 0000:0167       __checknull
 0000:0168       __terminate
 0000:01BD       __restorezero
 0000:0249       _abort
 0000:0260       DGROUP@
 0000:0262       __MMODEL
 0000:03D1       ___fpreset
 0000:04B8       __fpuint
 0000:04BC       _fabs
 0000:04CB       __LDTRUNC
 0000:0AB7       __XCVT
 0000:0CBF       __fperror
 0000:0D6E       __POW10
 0000:0E37       _pow10
 0000:0E42       _matherr
 0000:0E6C       _sqrt
 0000:0EAE       _sin
 0000:0EFE       _log
 0000:0F7A       __matherr
 0000:1023       _cos
 0000:1073       F_FTOL@
 0000:1073       FTOL@
 0000:109F       _atexit
 0000:10CC       __dos_getfileattr
 0000:10EC       __dos_setfileattr
 0000:1161       _exit
 0000:1170       __exit
 0000:1182       __cexit
 0000:1190       __c_exit
 0000:119C       F_LXMUL@
 0000:119C       LXMUL@
 0000:11B3       F_SCOPY@
 0000:11B3       SCOPY@
 0000:11CF       _getdate
 0000:11E2       _gettime
 0000:11F5       _getvect
 0000:1204       _setvect
 0000:1215       N_LDIV@
 0000:1218       F_LDIV@
 0000:1218       LDIV@
 0000:121C       N_LUDIV@
 0000:121F       F_LUDIV@
 0000:121F       LUDIV@
 0000:1224       N_LMOD@
 0000:1227       F_LMOD@
 0000:1227       LMOD@
 0000:122C       N_LUMOD@
 0000:122F       LUMOD@
 0000:122F       F_LUMOD@
 0000:12C3       N_LXLSH@
 0000:12C6       LXLSH@
 0000:12C6       F_LXLSH@
 0000:12E4       N_PADA@
 0000:12E7       F_PADA@
 0000:12E7       PADA@
 0000:1328       N_PSBA@
 0000:132B       PSBA@
 0000:132B       F_PSBA@
 0000:136C       N_PADD@
 0000:136F       F_PADD@
 0000:136F       PADD@
 0000:139B       N_PSUB@
 0000:139E       F_PSUB@
 0000:139E       PSUB@
 0000:13CC       N_SPUSH@
 0000:13D2       F_SPUSH@
 0000:13D2       SPUSH@
 0000:13F3       __IOERROR
 0000:142C       __DOSERROR
 0000:143E       _isatty
 0000:144F       __LONGTOA
 0000:14D1       __UTOA
 0000:14F1       _lseek
 0000:151A       __MKNAME
 0000:1577       __TMPNAM
 0000:15CE       N_LXMUL@
 0000:15E5       N_PCMP@
 0000:1606       _outport
 0000:1612       _outportb
 0000:161E       _outpw
 0000:162A       _outp
 0000:1638       __read
 0000:1667       __scanner
 0000:1B80       __scantol
 0000:1D22       _segread
 0000:1D42       _setdate
 0000:1D57       _settime
 0000:1D6C       __setupio
 0000:1E22       _stime
 0000:1E62       _time
 0000:1EBA       _tell
 0000:1ED2       _unlink
 0000:1F02       __VPRINTER
 0000:23C0       __stpcpy
 0000:23F4       _bioskey
 0000:2419       _calloc
 0000:24D3       _delay
 0000:2534       ___first
 0000:2536       ___last
 0000:2538       ___rover
 0000:2674       _farfree
 0000:2674       _free
 0000:277E       _malloc
 0000:2788       _farmalloc
 0000:28E5       _realloc
 0000:28EC       _farrealloc
 0000:29DC       __brk
 0000:2A1B       __sbrk
 0000:2AA9       _farcalloc
 0000:2B39       _int86
 0000:2B6A       _int86x
 0000:2C03       _intr
 0000:2CA7       _ioctl
 0000:2CD0       __REALCVT
 0000:2CD4       __scantod
 0000:2CD8       __scanrslt
 0000:2CDC       __scanpop
 0000:2CE0       _setblock
 0000:2D54       _sound
 0000:2D80       _nosound
 0000:2D87       _atol
 0000:2DFC       _atoi
 0000:2E0D       __chmod
 0000:2E2A       _close
 0000:2E52       __close
 0000:2E70       _eof
 0000:2EE7       _fclose
 0000:2F92       _fflush
 0000:305F       _fgets
 0000:30FB       _flushall
 0000:31F9       __OPENFP
 0000:32C8       __GETFP
 0000:3312       _fopen
 0000:3347       _fprintf
 0000:3457       _fread
 0000:34E5       _fscanf
 0000:358B       _fseek
 0000:360B       _ftell
 0000:3719       __fgetc
 0000:372E       __Nfgetc
 0000:3731       _fgetc
 0000:381F       _fgetchar
 0000:382B       _getenv
 0000:389B       _gets
 0000:391F       _memcpy
 0000:3943       _setmem
 0000:3967       _memset
 0000:39B3       _open
 0000:3B22       __open
 0000:3B71       _printf
 0000:3B8C       __fputc
 0000:3BA8       _fputc
 0000:3D3B       _fputchar
 0000:3D4F       __FPUTN
 0000:3F4E       ___read
 0000:401F       _setvbuf
 0000:417A       _sprintf
 0000:419C       _vsprintf
 0000:41BD       _strcat
 0000:41FC       _strcmp
 0000:422C       _strcpy
 0000:4255       _strlen
 0000:4274       _strncpy
 0000:42A5       _dostounix
 0000:43CF       _unixtodos
 0000:45D3       _tzset
 0000:47BF       __ISDST
 0000:489E       __Nungetc
 0000:48A1       _ungetc
 0000:490C       _vprintf
 0000:4926       ___write
 0000:4A75       __write
 0000:4AB1       __xfclose
 0000:4AEE       __xfflush
 0000:4B26       __fmemcpy
 0000:4B4A       __fsetmem
 0000:4B6E       __fmemset
 04B8:000D       _main
 04B8:06AD       _globalstartup
 04B8:0717       _present
 04B8:0A5E       _drawartalph
 04B8:0B20       _vline
 04B8:0B48       _hline
 056F:0000       _SetupMoviePackage
 056F:01EE       _CleanupMoviePackage
 056F:0218       _initMovie
 056F:025C       _setMovie
 056F:029A       _runMovie
 05D2:0002       _goImages
 05D2:0081       _killImages
 05D2:00B3       _newImage
 05D2:0124       _downloadImage
 05D2:0151       _uploadImage
 05D2:017E       _drawText
 05D2:01C6       _loadImage
 05D2:029D       _saveImage
 0623:0000       _initResponse
 0623:004D       _freeResponse
 0623:0071       _checkResponse
 0623:00DE       _responseReady
 0633:0007       _error
 0637:000A       _msISR
 0637:003E       _InstallTimer
 0637:0066       _InitTimer
 0637:008D       _Wait
 0637:00B3       _SwitchTimer
 0644:000D       _FlushKeyBuf
 0644:002B       _KeyWaiting
 0644:0049       _GetKey
 0644:0059       _KeyPress
 0644:0092       _GetStick
 064F:000F       _setPicSettings
 064F:0037       _drawPicture
 064F:0377       _setVideoMode
 064F:03B0       _clearScreen
 064F:0493       _Retrace
 064F:04A3       _setPalette
 064F:052D       _writePalette
 064F:05C8       _readPalette
 064F:0672       _paletteSize
 064F:067C       _addColor
 064F:06B3       _findColor
 064F:0704       _makePalette
 06C9:0006       _rotatexy
 06C9:00F7       _openfontfile
 06C9:01C2       _blobcopy
 06C9:01EA       _bgi_closefont
 06C9:0227       _bgi_deletefont
 06C9:0254       _bgi_fontpath
 06C9:026C       _bgi_getbasecharsize
 06C9:02B5       _bgi_gettextsettings
 06C9:02EB       _bgi_installuserfont
 06C9:035B       _bgi_outtext
 06C9:08D5       _bgi_outtextxy
 06C9:091E       _bgi_registerbgifont
 06C9:0967       _bgi_registerfarbgifont
 06C9:09B3       _bgi_settextjustify
 06C9:09E0       _bgi_settextstyle
 06C9:0C37       _bgi_setusercharsize
 06C9:0CF8       _bgi_textheight
 06C9:0D38       _bgi_textwidth
 06C9:0E9B       _loadCHRfont
 06C9:11B0       _unloadCHRfont
 06C9:11CB       _decodeCHRstroke
 06C9:121E       _drawCHRchar
 06C9:13DD       _loadROMfont
 06C9:16D0       _unloadROMfont
 06C9:16FA       _drawROMchar
 06C9:190E       _loadGEMfont
 06C9:1B93       _unloadGEMfont
 06C9:1BBD       _drawGEMchar
 08AC:000A       _XMMlibinit
 08AC:0047       _XMMgetversion
 08AC:007B       _XMMcoreleft
 08AC:00C1       _XMMallcoreleft
 08AC:0109       _XMMalloc
 08AC:0164       _XMMrealloc
 08AC:01C2       _XMMfree
 08AC:01F7       __XMMcopy
 08AC:039F       __XMMicopy
 08FD:0000       _getlinesettings
 08FD:0005       _setlinestyle
 08FD:000A       _line
 08FD:000F       _lineto
 08FD:0014       _getx
 08FD:001E       _gety
 08FD:0028       _getcolor
 08FD:0032       _getbkcolor
 08FD:003B       _moveto
 08FD:004C       _setcolor
 08FD:0057       _resetbounds
 08FD:006B       _SetGubs
 08FD:00C5       _putpixel
 091E:000A       _putsquare3
 091E:0061       _puttriangle3
 091E:010D       _putcircle5
 091E:01D0       _puttriangle
 091E:029F       _putslopeline
 091E:0432       _putsquare
 091E:0517       _putrectangle
 091E:0606       _putcircle
 091E:06E7       _writeppm
 091E:07D6       _putrandombox
 091E:08FB       _putcheckerbox
 091E:09E4       _putcross
 091E:0A66       _putvline
 091E:0A98       _puthline
 091E:0ACA       _assign
 091E:0B31       _distribute
 091E:0B99       _randint
 091E:0BDE       _gaussdev
 091E:0CAF       _ran2
 091E:0F88       _gen_init
 091E:1169       _thankyou
 091E:123D       _audio
 0A4A:2152       e086_Entry
 0A4A:26E0       e086_Shortcut
 0CC2:0306       e087_Entry
 0CC2:03C6       e087_Shortcut
 0CC2:0430       e087_Trap
 0D1F:0000       DATASEG@
 0D1F:005B       __Int0Vector
 0D1F:005F       __Int4Vector
 0D1F:0063       __Int5Vector
 0D1F:0067       __Int6Vector
 0D1F:006B       __C0argc
 0D1F:006D       __C0argv
 0D1F:0071       __C0environ
 0D1F:0075       __envLng
 0D1F:0077       __envseg
 0D1F:0079       __envSize
 0D1F:007B       __psp
 0D1F:007D       __osversion
 0D1F:007D       __osmajor
 0D1F:007D       __version
 0D1F:007E       __osminor
 0D1F:007F       _errno
 0D1F:0081       __StartTime
 0D1F:0085       ___brklvl
 0D1F:0087       __heapbase
 0D1F:008B       __brklvl
 0D1F:008F       __heaptop
 0D1F:0094       _chainlength
 0D1F:034E       _font_path
 0D1F:03DE       _do_underline
 0D1F:03E0       _do_bold
 0D1F:03E2       _do_italics
 0D1F:03E4       _do_uselinestyle
 0D1F:03E6       _do_usebkcolor
 0D1F:03E8       _sin_table
 0D1F:0988       _cos_table
 0D1F:0F28       _userxscale
 0D1F:0F2C       _useryscale
 0D1F:0F30       _font_scale
 0D1F:0F5C       _textinfo
 0D1F:0F66       _font_data
 0D1F:12F0       _font_list
 0D1F:19EE       __XMMerror
 0D1F:19EF       __XMMversion
 0D1F:19F1       _xmsif_vers_vers
 0D1F:1A13       _xmsif_vers_date
 0D1F:1A1C       _xmsif_vers_time
 0D1F:1A25       XMMentry
 0D1F:1A29       XMMinit
 0D1F:1A68       _bound_minx
 0D1F:1A6A       _bound_maxx
 0D1F:1A6C       _bound_miny
 0D1F:1A6E       _bound_maxy
 0D1F:1CC0       __8087
 0D1F:1CD0       __protected
 0D1F:1CD1       __LDT
 0D1F:1CD4       __default87
 0D1F:1CD6       __huge_flt
 0D1F:1CDA       __huge_dble
 0D1F:1CE2       __huge_ldble
 0D1F:1CEC       __indefinite
 0D1F:1CF0       __tiny_ldble
 0D1F:1CFA       __mathwhy
 0D1F:1EB0       __atexitcnt
 0D1F:1EB2       __ctype
 0D1F:1FB4       __exitbuf
 0D1F:1FB8       __exitfopen
 0D1F:1FBC       __exitopen
 0D1F:1FC0       __streams
 0D1F:2150       __nfile
 0D1F:2152       __openfd
 0D1F:217A       __fmode
 0D1F:217C       __notUmask
 0D1F:217E       __fpstklen
 0D1F:2180       __doserrno
 0D1F:2182       __dosErrorToSV
 0D1F:2266       __stklen
 0D1F:2308       _environ
 0D1F:231E       __monthDay
 0D1F:2338       _tzname
 0D1F:2340       _timezone
 0D1F:2344       _daylight
 0D1F:2352       __RealCvtVector
 0D1F:2356       __ScanTodVector
 0D1F:2386       _data
 0D1F:238A       _targ_i
 0D1F:238E       _blank_i
 0D1F:2392       _instruct_i
 0D1F:2396       _delay_m
 0D1F:239A       _stim_m
 0D1F:239E       _instruct_m
 0D1F:25A2       _picBuf
 0D1F:25AA       _Timer
 0D1F:25F6       _Palette
 0D1F:298A       __atexittbl
 0D1F:2A18       ___SignalPtr
 0FC2:0000       __emu

Program entry point at 0000:0000

