
 Start  Stop   Length Name               Class

 00000H 04B8CH 04B8DH _TEXT              CODE
 04B8DH 05735H 00BA9H MR3_TEXT           CODE
 05736H 05D67H 00632H MOVIEOBJ_TEXT      CODE
 05D68H 06275H 0050EH IMAGE_TEXT         CODE
 06276H 0637CH 00107H RESPONSE_TEXT      CODE
 0637DH 063BFH 00043H ERROR_TEXT         CODE
 063C0H 06492H 000D3H TIMER_TEXT         CODE
 06493H 06544H 000B2H INPUT_TEXT         CODE
 06545H 06CDBH 00797H VIDEO_TEXT         CODE
 06CDCH 08B0EH 01E33H BGIFNT_TEXT        CODE
 08B10H 09015H 00506H xmsif1_TEXT        CODE
 09016H 0922FH 0021AH GUBS_TEXT          CODE
 09230H 0A4E1H 012B2H EXPTLIB_TEXT       CODE
 0A4F0H 0CC66H 02777H EMU_PROG           CODE
 0CC70H 0D237H 005C8H E87_PROG           CODE
 0D240H 0D240H 00000H _FARDATA           FAR_DATA
 0D240H 0D240H 00000H _FARBSS            FAR_BSS
 0D240H 0D240H 00000H _OVERLAY_          OVRINFO
 0D240H 0D240H 00000H _1STUB_            STUBSEG
 0D240H 0F591H 02352H _DATA              DATA
 0F592H 0F595H 00004H _CVTSEG            DATA
 0F596H 0F5A1H 0000CH _SCNSEG            DATA
 0F5A2H 0F5A2H 00000H _CONST             CONST
 0F5A2H 0F5BFH 0001EH _INIT_             INITDATA
 0F5C0H 0F5C0H 00000H _INITEND_          INITDATA
 0F5C0H 0F5C5H 00006H _EXIT_             EXITDATA
 0F5C6H 0F5C6H 00000H _EXITEND_          EXITDATA
 0F5C6H 0FC67H 006A2H _BSS               BSS
 0FC68H 0FC68H 00000H _BSSEND            BSSEND
 0FC70H 0FD7FH 00110H _STACK             STACK

  Address         Publics by Name

 0D24:0000       DATASEG@
 0000:0260       DGROUP@
 0A4F:2152       e086_Entry
 0A4F:26E0       e086_Shortcut
 0CC7:0306       e087_Entry
 0CC7:03C6       e087_Shortcut
 0CC7:0430       e087_Trap
 0000:FE32  Abs  FIARQQ
 0000:0E32  Abs  FICRQQ
 0000:5C32  Abs  FIDRQQ
 0000:1632  Abs  FIERQQ
 0000:0632  Abs  FISRQQ
 0000:A23D  Abs  FIWRQQ
 0000:4000  Abs  FJARQQ
 0000:C000  Abs  FJCRQQ
 0000:8000  Abs  FJSRQQ
 0000:1073       FTOL@
 0000:1073       F_FTOL@
 0000:1218       F_LDIV@
 0000:1227       F_LMOD@
 0000:121F       F_LUDIV@
 0000:122F       F_LUMOD@
 0000:12C6       F_LXLSH@
 0000:119C       F_LXMUL@
 0000:12E7       F_PADA@
 0000:136F       F_PADD@
 0000:132B       F_PSBA@
 0000:139E       F_PSUB@
 0000:11B3       F_SCOPY@
 0000:13D2       F_SPUSH@
 0000:1218       LDIV@
 0000:1227       LMOD@
 0000:121F       LUDIV@
 0000:122F       LUMOD@
 0000:12C6       LXLSH@
 0000:119C       LXMUL@
 0000:1215       N_LDIV@
 0000:1224       N_LMOD@
 0000:121C       N_LUDIV@
 0000:122C       N_LUMOD@
 0000:12C3       N_LXLSH@
 0000:15CE       N_LXMUL@
 0000:12E4       N_PADA@
 0000:136C       N_PADD@
 0000:15E5       N_PCMP@
 0000:1328       N_PSBA@
 0000:139B       N_PSUB@
 0000:13CC       N_SPUSH@
 0000:12E7       PADA@
 0000:136F       PADD@
 0000:132B       PSBA@
 0000:139E       PSUB@
 0000:11B3       SCOPY@
 0000:13D2       SPUSH@
 0D24:1A29       XMMentry
 0D24:1A2D       XMMinit
 0000:0249       _abort
 0654:0672       _addColor
 0923:0AC0       _assign
 0000:109F       _atexit
 0000:2DFC       _atoi
 0000:2D87       _atol
 0923:1233       _audio
 06CD:01F0       _bgi_closefont
 06CD:022D       _bgi_deletefont
 06CD:025A       _bgi_fontpath
 06CD:0272       _bgi_getbasecharsize
 06CD:02BB       _bgi_gettextsettings
 06CD:02F1       _bgi_installuserfont
 06CD:0361       _bgi_outtext
 06CD:08DB       _bgi_outtextxy
 06CD:0924       _bgi_registerbgifont
 06CD:096D       _bgi_registerfarbgifont
 06CD:09B9       _bgi_settextjustify
 06CD:09E6       _bgi_settextstyle
 06CD:0C3D       _bgi_setusercharsize
 06CD:0CFE       _bgi_textheight
 06CD:0D3E       _bgi_textwidth
 0000:23F4       _bioskey
 0D24:238E       _blank_i
 06CD:01C8       _blobcopy
 0D24:1A6E       _bound_maxx
 0D24:1A72       _bound_maxy
 0D24:1A6C       _bound_minx
 0D24:1A70       _bound_miny
 0000:2419       _calloc
 0D24:0094       _chainlength
 0627:0077       _checkResponse
 0573:01F4       _CleanupMoviePackage
 0654:03A6       _clearScreen
 0000:2E2A       _close
 0000:1023       _cos
 0D24:098C       _cos_table
 0D24:2386       _data
 0D24:2344       _daylight
 06CD:11D1       _decodeCHRstroke
 0000:24D3       _delay
 0D24:2396       _delay_m
 0923:0B27       _distribute
 0000:42A5       _dostounix
 05D6:012A       _downloadImage
 0D24:03E4       _do_bold
 0D24:03E6       _do_italics
 0D24:03E2       _do_underline
 0D24:03EA       _do_usebkcolor
 0D24:03E8       _do_uselinestyle
 04B8:0AA4       _drawartalph
 06CD:1224       _drawCHRchar
 06CD:1BC3       _drawGEMchar
 0654:002D       _drawPicture
 06CD:1700       _drawROMchar
 05D6:0184       _drawText
 0D24:2308       _environ
 0000:2E70       _eof
 0D24:007F       _errno
 0637:000D       _error
 0000:1161       _exit
 0000:04BC       _fabs
 0000:2AA9       _farcalloc
 0000:2674       _farfree
 0000:2788       _farmalloc
 0000:28EC       _farrealloc
 0000:2EE7       _fclose
 0000:2F92       _fflush
 0000:3731       _fgetc
 0000:381F       _fgetchar
 0000:305F       _fgets
 0654:06A9       _findColor
 0000:30FB       _flushall
 0649:0003       _FlushKeyBuf
 0D24:0F6A       _font_data
 0D24:12F4       _font_list
 0D24:0352       _font_path
 0D24:0F34       _font_scale
 0000:3312       _fopen
 0000:3347       _fprintf
 0000:3BA8       _fputc
 0000:3D3B       _fputchar
 0000:3457       _fread
 0000:2674       _free
 0627:0053       _freeResponse
 0000:34E5       _fscanf
 0000:358B       _fseek
 0000:360B       _ftell
 0923:0BD4       _gaussdev
 0923:0F7E       _gen_init
 0901:0038       _getbkcolor
 0901:002E       _getcolor
 0000:11CF       _getdate
 0000:382B       _getenv
 0649:003F       _GetKey
 0901:0006       _getlinesettings
 0000:389B       _gets
 0649:0088       _GetStick
 0000:11E2       _gettime
 0000:11F5       _getvect
 0901:001A       _getx
 0901:0024       _gety
 04B8:06C1       _globalstartup
 05D6:0008       _goImages
 04B8:0B8E       _hline
 0573:021E       _initMovie
 0627:0006       _initResponse
 063C:005C       _InitTimer
 063C:0034       _InstallTimer
 0D24:2392       _instruct_i
 0D24:239E       _instruct_m
 0000:2B39       _int86
 0000:2B6A       _int86x
 0000:2C03       _intr
 0000:2CA7       _ioctl
 0000:143E       _isatty
 0649:004F       _KeyPress
 0649:0021       _KeyWaiting
 05D6:0087       _killImages
 0901:0010       _line
 0901:0015       _lineto
 06CD:0EA1       _loadCHRfont
 06CD:1914       _loadGEMfont
 05D6:01CC       _loadImage
 06CD:13E3       _loadROMfont
 0000:0EFE       _log
 0000:14F1       _lseek
 04B8:000D       _main
 0654:06FA       _makePalette
 0000:277E       _malloc
 0000:0E42       _matherr
 0000:391F       _memcpy
 0000:3967       _memset
 0901:0041       _moveto
 063C:0000       _msISR
 05D6:00B9       _newImage
 0000:2D80       _nosound
 0000:39B3       _open
 06CD:00FD       _openfontfile
 0000:162A       _outp
 0000:1606       _outport
 0000:1612       _outportb
 0000:161E       _outpw
 0D24:25F6       _Palette
 0654:0668       _paletteSize
 0D24:25A2       _picBuf
 0000:0E37       _pow10
 04B8:072B       _present
 0000:3B71       _printf
 0923:08F1       _putcheckerbox
 0923:05FC       _putcircle
 0923:0103       _putcircle5
 0923:09DA       _putcross
 0923:0A8E       _puthline
 0901:00CB       _putpixel
 0923:07CC       _putrandombox
 0923:050D       _putrectangle
 0923:0295       _putslopeline
 0923:0428       _putsquare
 0923:0000       _putsquare3
 0923:01C6       _puttriangle
 0923:0057       _puttriangle3
 0923:0A5C       _putvline
 0923:0CA5       _ran2
 0923:0B8F       _randint
 0654:05BE       _readPalette
 0000:28E5       _realloc
 0901:005D       _resetbounds
 0627:00E4       _responseReady
 0654:0489       _Retrace
 06CD:000C       _rotatexy
 0573:02A0       _runMovie
 05D6:02A3       _saveImage
 0000:1D22       _segread
 0000:2CE0       _setblock
 0901:0052       _setcolor
 0000:1D42       _setdate
 0901:0071       _SetGubs
 0901:000B       _setlinestyle
 0000:3943       _setmem
 0573:0262       _setMovie
 0654:0499       _setPalette
 0654:0005       _setPicSettings
 0000:1D57       _settime
 0573:0006       _SetupMoviePackage
 0000:401F       _setvbuf
 0000:1204       _setvect
 0654:036D       _setVideoMode
 0000:0EAE       _sin
 0D24:03EC       _sin_table
 0000:2D54       _sound
 0000:417A       _sprintf
 0000:0E6C       _sqrt
 0000:1E22       _stime
 0D24:239A       _stim_m
 0000:41BD       _strcat
 0000:41FC       _strcmp
 0000:422C       _strcpy
 0000:4255       _strlen
 0000:4274       _strncpy
 063C:00A9       _SwitchTimer
 0D24:238A       _targ_i
 0000:1EBA       _tell
 0D24:0F60       _textinfo
 0923:115F       _thankyou
 0000:1E62       _time
 0D24:25AA       _Timer
 0D24:2340       _timezone
 0D24:2338       _tzname
 0000:45D3       _tzset
 0000:48A1       _ungetc
 0000:43CF       _unixtodos
 0000:1ED2       _unlink
 06CD:11B6       _unloadCHRfont
 06CD:1B99       _unloadGEMfont
 06CD:16D6       _unloadROMfont
 05D6:0157       _uploadImage
 0D24:0F2C       _userxscale
 0D24:0F30       _useryscale
 04B8:0B66       _vline
 0000:490C       _vprintf
 0000:419C       _vsprintf
 063C:0083       _Wait
 0654:0523       _writePalette
 0923:06DD       _writeppm
 08B1:00B7       _XMMallcoreleft
 08B1:00FF       _XMMalloc
 08B1:0071       _XMMcoreleft
 08B1:01B8       _XMMfree
 08B1:003D       _XMMgetversion
 08B1:0000       _XMMlibinit
 08B1:015A       _XMMrealloc
 0D24:1A17       _xmsif_vers_date
 0D24:1A20       _xmsif_vers_time
 0D24:19F5       _xmsif_vers_vers
 0D24:1CC0       __8087
 0000:1000  Abs  __AHINCR
 0000:000C  Abs  __AHSHIFT
 0D24:1EB0       __atexitcnt
 0D24:298A       __atexittbl
 0000:29DC       __brk
 0D24:008B       __brklvl
 0D24:006B       __C0argc
 0D24:006D       __C0argv
 0D24:0071       __C0environ
 0000:1182       __cexit
 0000:0167       __checknull
 0000:2E0D       __chmod
 0000:0154       __cleanup
 0000:2E52       __close
 0D24:1EB2       __ctype
 0000:0000  Abs  __cvtfak
 0000:1190       __c_exit
 0D24:1CD4       __default87
 0D24:2180       __doserrno
 0000:142C       __DOSERROR
 0D24:2182       __dosErrorToSV
 0000:10CC       __dos_getfileattr
 0000:10EC       __dos_setfileattr
 0FC7:0000       __emu
 0D24:0075       __envLng
 0D24:0077       __envseg
 0D24:0079       __envSize
 0000:1170       __exit
 0D24:1FB4       __exitbuf
 0D24:1FB8       __exitfopen
 0D24:1FBC       __exitopen
 0000:3719       __fgetc
 0000:8087  Abs  __floatconvert
 0000:4B26       __fmemcpy
 0000:4B6E       __fmemset
 0D24:217A       __fmode
 0000:0CBF       __fperror
 0D24:217E       __fpstklen
 0000:04B8       __fpuint
 0000:3B8C       __fputc
 0000:3D4F       __FPUTN
 0000:4B4A       __fsetmem
 0000:32C8       __GETFP
 0D24:0087       __heapbase
 0D24:008F       __heaptop
 0D24:1CDA       __huge_dble
 0D24:1CD6       __huge_flt
 0D24:1CE2       __huge_ldble
 0D24:1CEC       __indefinite
 0D24:005B       __Int0Vector
 0D24:005F       __Int4Vector
 0D24:0063       __Int5Vector
 0D24:0067       __Int6Vector
 0000:13F3       __IOERROR
 0000:47BF       __ISDST
 0D24:1CD1       __LDT
 0000:04CB       __LDTRUNC
 0000:144F       __LONGTOA
 0000:0F7A       __matherr
 0D24:1CFA       __mathwhy
 0000:151A       __MKNAME
 0000:0262       __MMODEL
 0D24:231E       __monthDay
 0000:372E       __Nfgetc
 0D24:2150       __nfile
 0D24:217C       __notUmask
 0000:489E       __Nungetc
 0000:3B22       __open
 0D24:2152       __openfd
 0000:31F9       __OPENFP
 0D24:007D       __osmajor
 0D24:007E       __osminor
 0D24:007D       __osversion
 0000:0D6E       __POW10
 0D24:1CD0       __protected
 0D24:007B       __psp
 0000:1638       __read
 0000:2CD0       __REALCVT
 0D24:2352       __RealCvtVector
 0000:01BD       __restorezero
 0000:2A1B       __sbrk
 0000:1667       __scanner
 0000:2CDC       __scanpop
 0000:2CD8       __scanrslt
 0000:2CD4       __scantod
 0D24:2356       __ScanTodVector
 0000:1B80       __scantol
 0000:0000  Abs  __setenvp__
 0000:1D6C       __setupio
 0D24:0081       __StartTime
 0D24:2266       __stklen
 0000:23C0       __stpcpy
 0D24:1FC0       __streams
 0000:0168       __terminate
 0D24:1CF0       __tiny_ldble
 0000:1577       __TMPNAM
 0000:0000  Abs  __turboCvt
 0000:8087  Abs  __turboFloat
 0000:14D1       __UTOA
 0D24:007D       __version
 0000:1F02       __VPRINTER
 0000:4A75       __write
 0000:0AB7       __XCVT
 0000:4AB1       __xfclose
 0000:4AEE       __xfflush
 08B1:01ED       __XMMcopy
 0D24:19F2       __XMMerror
 08B1:0395       __XMMicopy
 0D24:19F3       __XMMversion
 0D24:0085       ___brklvl
 0000:2534       ___first
 0000:03D1       ___fpreset
 0000:2536       ___last
 0000:3F4E       ___read
 0000:2538       ___rover
 0D24:2A18       ___SignalPtr
 0000:4926       ___write

  Address         Publics by Value

 0000:0000  Abs  __turboCvt
 0000:0000  Abs  __cvtfak
 0000:0000  Abs  __setenvp__
 0000:000C  Abs  __AHSHIFT
 0000:0632  Abs  FISRQQ
 0000:0E32  Abs  FICRQQ
 0000:1000  Abs  __AHINCR
 0000:1632  Abs  FIERQQ
 0000:4000  Abs  FJARQQ
 0000:5C32  Abs  FIDRQQ
 0000:8000  Abs  FJSRQQ
 0000:8087  Abs  __turboFloat
 0000:8087  Abs  __floatconvert
 0000:A23D  Abs  FIWRQQ
 0000:C000  Abs  FJCRQQ
 0000:FE32  Abs  FIARQQ
 0000:0154       __cleanup
 0000:0167       __checknull
 0000:0168       __terminate
 0000:01BD       __restorezero
 0000:0249       _abort
 0000:0260       DGROUP@
 0000:0262       __MMODEL
 0000:03D1       ___fpreset
 0000:04B8       __fpuint
 0000:04BC       _fabs
 0000:04CB       __LDTRUNC
 0000:0AB7       __XCVT
 0000:0CBF       __fperror
 0000:0D6E       __POW10
 0000:0E37       _pow10
 0000:0E42       _matherr
 0000:0E6C       _sqrt
 0000:0EAE       _sin
 0000:0EFE       _log
 0000:0F7A       __matherr
 0000:1023       _cos
 0000:1073       F_FTOL@
 0000:1073       FTOL@
 0000:109F       _atexit
 0000:10CC       __dos_getfileattr
 0000:10EC       __dos_setfileattr
 0000:1161       _exit
 0000:1170       __exit
 0000:1182       __cexit
 0000:1190       __c_exit
 0000:119C       F_LXMUL@
 0000:119C       LXMUL@
 0000:11B3       F_SCOPY@
 0000:11B3       SCOPY@
 0000:11CF       _getdate
 0000:11E2       _gettime
 0000:11F5       _getvect
 0000:1204       _setvect
 0000:1215       N_LDIV@
 0000:1218       F_LDIV@
 0000:1218       LDIV@
 0000:121C       N_LUDIV@
 0000:121F       F_LUDIV@
 0000:121F       LUDIV@
 0000:1224       N_LMOD@
 0000:1227       F_LMOD@
 0000:1227       LMOD@
 0000:122C       N_LUMOD@
 0000:122F       LUMOD@
 0000:122F       F_LUMOD@
 0000:12C3       N_LXLSH@
 0000:12C6       LXLSH@
 0000:12C6       F_LXLSH@
 0000:12E4       N_PADA@
 0000:12E7       F_PADA@
 0000:12E7       PADA@
 0000:1328       N_PSBA@
 0000:132B       PSBA@
 0000:132B       F_PSBA@
 0000:136C       N_PADD@
 0000:136F       F_PADD@
 0000:136F       PADD@
 0000:139B       N_PSUB@
 0000:139E       F_PSUB@
 0000:139E       PSUB@
 0000:13CC       N_SPUSH@
 0000:13D2       F_SPUSH@
 0000:13D2       SPUSH@
 0000:13F3       __IOERROR
 0000:142C       __DOSERROR
 0000:143E       _isatty
 0000:144F       __LONGTOA
 0000:14D1       __UTOA
 0000:14F1       _lseek
 0000:151A       __MKNAME
 0000:1577       __TMPNAM
 0000:15CE       N_LXMUL@
 0000:15E5       N_PCMP@
 0000:1606       _outport
 0000:1612       _outportb
 0000:161E       _outpw
 0000:162A       _outp
 0000:1638       __read
 0000:1667       __scanner
 0000:1B80       __scantol
 0000:1D22       _segread
 0000:1D42       _setdate
 0000:1D57       _settime
 0000:1D6C       __setupio
 0000:1E22       _stime
 0000:1E62       _time
 0000:1EBA       _tell
 0000:1ED2       _unlink
 0000:1F02       __VPRINTER
 0000:23C0       __stpcpy
 0000:23F4       _bioskey
 0000:2419       _calloc
 0000:24D3       _delay
 0000:2534       ___first
 0000:2536       ___last
 0000:2538       ___rover
 0000:2674       _farfree
 0000:2674       _free
 0000:277E       _malloc
 0000:2788       _farmalloc
 0000:28E5       _realloc
 0000:28EC       _farrealloc
 0000:29DC       __brk
 0000:2A1B       __sbrk
 0000:2AA9       _farcalloc
 0000:2B39       _int86
 0000:2B6A       _int86x
 0000:2C03       _intr
 0000:2CA7       _ioctl
 0000:2CD0       __REALCVT
 0000:2CD4       __scantod
 0000:2CD8       __scanrslt
 0000:2CDC       __scanpop
 0000:2CE0       _setblock
 0000:2D54       _sound
 0000:2D80       _nosound
 0000:2D87       _atol
 0000:2DFC       _atoi
 0000:2E0D       __chmod
 0000:2E2A       _close
 0000:2E52       __close
 0000:2E70       _eof
 0000:2EE7       _fclose
 0000:2F92       _fflush
 0000:305F       _fgets
 0000:30FB       _flushall
 0000:31F9       __OPENFP
 0000:32C8       __GETFP
 0000:3312       _fopen
 0000:3347       _fprintf
 0000:3457       _fread
 0000:34E5       _fscanf
 0000:358B       _fseek
 0000:360B       _ftell
 0000:3719       __fgetc
 0000:372E       __Nfgetc
 0000:3731       _fgetc
 0000:381F       _fgetchar
 0000:382B       _getenv
 0000:389B       _gets
 0000:391F       _memcpy
 0000:3943       _setmem
 0000:3967       _memset
 0000:39B3       _open
 0000:3B22       __open
 0000:3B71       _printf
 0000:3B8C       __fputc
 0000:3BA8       _fputc
 0000:3D3B       _fputchar
 0000:3D4F       __FPUTN
 0000:3F4E       ___read
 0000:401F       _setvbuf
 0000:417A       _sprintf
 0000:419C       _vsprintf
 0000:41BD       _strcat
 0000:41FC       _strcmp
 0000:422C       _strcpy
 0000:4255       _strlen
 0000:4274       _strncpy
 0000:42A5       _dostounix
 0000:43CF       _unixtodos
 0000:45D3       _tzset
 0000:47BF       __ISDST
 0000:489E       __Nungetc
 0000:48A1       _ungetc
 0000:490C       _vprintf
 0000:4926       ___write
 0000:4A75       __write
 0000:4AB1       __xfclose
 0000:4AEE       __xfflush
 0000:4B26       __fmemcpy
 0000:4B4A       __fsetmem
 0000:4B6E       __fmemset
 04B8:000D       _main
 04B8:06C1       _globalstartup
 04B8:072B       _present
 04B8:0AA4       _drawartalph
 04B8:0B66       _vline
 04B8:0B8E       _hline
 0573:0006       _SetupMoviePackage
 0573:01F4       _CleanupMoviePackage
 0573:021E       _initMovie
 0573:0262       _setMovie
 0573:02A0       _runMovie
 05D6:0008       _goImages
 05D6:0087       _killImages
 05D6:00B9       _newImage
 05D6:012A       _downloadImage
 05D6:0157       _uploadImage
 05D6:0184       _drawText
 05D6:01CC       _loadImage
 05D6:02A3       _saveImage
 0627:0006       _initResponse
 0627:0053       _freeResponse
 0627:0077       _checkResponse
 0627:00E4       _responseReady
 0637:000D       _error
 063C:0000       _msISR
 063C:0034       _InstallTimer
 063C:005C       _InitTimer
 063C:0083       _Wait
 063C:00A9       _SwitchTimer
 0649:0003       _FlushKeyBuf
 0649:0021       _KeyWaiting
 0649:003F       _GetKey
 0649:004F       _KeyPress
 0649:0088       _GetStick
 0654:0005       _setPicSettings
 0654:002D       _drawPicture
 0654:036D       _setVideoMode
 0654:03A6       _clearScreen
 0654:0489       _Retrace
 0654:0499       _setPalette
 0654:0523       _writePalette
 0654:05BE       _readPalette
 0654:0668       _paletteSize
 0654:0672       _addColor
 0654:06A9       _findColor
 0654:06FA       _makePalette
 06CD:000C       _rotatexy
 06CD:00FD       _openfontfile
 06CD:01C8       _blobcopy
 06CD:01F0       _bgi_closefont
 06CD:022D       _bgi_deletefont
 06CD:025A       _bgi_fontpath
 06CD:0272       _bgi_getbasecharsize
 06CD:02BB       _bgi_gettextsettings
 06CD:02F1       _bgi_installuserfont
 06CD:0361       _bgi_outtext
 06CD:08DB       _bgi_outtextxy
 06CD:0924       _bgi_registerbgifont
 06CD:096D       _bgi_registerfarbgifont
 06CD:09B9       _bgi_settextjustify
 06CD:09E6       _bgi_settextstyle
 06CD:0C3D       _bgi_setusercharsize
 06CD:0CFE       _bgi_textheight
 06CD:0D3E       _bgi_textwidth
 06CD:0EA1       _loadCHRfont
 06CD:11B6       _unloadCHRfont
 06CD:11D1       _decodeCHRstroke
 06CD:1224       _drawCHRchar
 06CD:13E3       _loadROMfont
 06CD:16D6       _unloadROMfont
 06CD:1700       _drawROMchar
 06CD:1914       _loadGEMfont
 06CD:1B99       _unloadGEMfont
 06CD:1BC3       _drawGEMchar
 08B1:0000       _XMMlibinit
 08B1:003D       _XMMgetversion
 08B1:0071       _XMMcoreleft
 08B1:00B7       _XMMallcoreleft
 08B1:00FF       _XMMalloc
 08B1:015A       _XMMrealloc
 08B1:01B8       _XMMfree
 08B1:01ED       __XMMcopy
 08B1:0395       __XMMicopy
 0901:0006       _getlinesettings
 0901:000B       _setlinestyle
 0901:0010       _line
 0901:0015       _lineto
 0901:001A       _getx
 0901:0024       _gety
 0901:002E       _getcolor
 0901:0038       _getbkcolor
 0901:0041       _moveto
 0901:0052       _setcolor
 0901:005D       _resetbounds
 0901:0071       _SetGubs
 0901:00CB       _putpixel
 0923:0000       _putsquare3
 0923:0057       _puttriangle3
 0923:0103       _putcircle5
 0923:01C6       _puttriangle
 0923:0295       _putslopeline
 0923:0428       _putsquare
 0923:050D       _putrectangle
 0923:05FC       _putcircle
 0923:06DD       _writeppm
 0923:07CC       _putrandombox
 0923:08F1       _putcheckerbox
 0923:09DA       _putcross
 0923:0A5C       _putvline
 0923:0A8E       _puthline
 0923:0AC0       _assign
 0923:0B27       _distribute
 0923:0B8F       _randint
 0923:0BD4       _gaussdev
 0923:0CA5       _ran2
 0923:0F7E       _gen_init
 0923:115F       _thankyou
 0923:1233       _audio
 0A4F:2152       e086_Entry
 0A4F:26E0       e086_Shortcut
 0CC7:0306       e087_Entry
 0CC7:03C6       e087_Shortcut
 0CC7:0430       e087_Trap
 0D24:0000       DATASEG@
 0D24:005B       __Int0Vector
 0D24:005F       __Int4Vector
 0D24:0063       __Int5Vector
 0D24:0067       __Int6Vector
 0D24:006B       __C0argc
 0D24:006D       __C0argv
 0D24:0071       __C0environ
 0D24:0075       __envLng
 0D24:0077       __envseg
 0D24:0079       __envSize
 0D24:007B       __psp
 0D24:007D       __osversion
 0D24:007D       __osmajor
 0D24:007D       __version
 0D24:007E       __osminor
 0D24:007F       _errno
 0D24:0081       __StartTime
 0D24:0085       ___brklvl
 0D24:0087       __heapbase
 0D24:008B       __brklvl
 0D24:008F       __heaptop
 0D24:0094       _chainlength
 0D24:0352       _font_path
 0D24:03E2       _do_underline
 0D24:03E4       _do_bold
 0D24:03E6       _do_italics
 0D24:03E8       _do_uselinestyle
 0D24:03EA       _do_usebkcolor
 0D24:03EC       _sin_table
 0D24:098C       _cos_table
 0D24:0F2C       _userxscale
 0D24:0F30       _useryscale
 0D24:0F34       _font_scale
 0D24:0F60       _textinfo
 0D24:0F6A       _font_data
 0D24:12F4       _font_list
 0D24:19F2       __XMMerror
 0D24:19F3       __XMMversion
 0D24:19F5       _xmsif_vers_vers
 0D24:1A17       _xmsif_vers_date
 0D24:1A20       _xmsif_vers_time
 0D24:1A29       XMMentry
 0D24:1A2D       XMMinit
 0D24:1A6C       _bound_minx
 0D24:1A6E       _bound_maxx
 0D24:1A70       _bound_miny
 0D24:1A72       _bound_maxy
 0D24:1CC0       __8087
 0D24:1CD0       __protected
 0D24:1CD1       __LDT
 0D24:1CD4       __default87
 0D24:1CD6       __huge_flt
 0D24:1CDA       __huge_dble
 0D24:1CE2       __huge_ldble
 0D24:1CEC       __indefinite
 0D24:1CF0       __tiny_ldble
 0D24:1CFA       __mathwhy
 0D24:1EB0       __atexitcnt
 0D24:1EB2       __ctype
 0D24:1FB4       __exitbuf
 0D24:1FB8       __exitfopen
 0D24:1FBC       __exitopen
 0D24:1FC0       __streams
 0D24:2150       __nfile
 0D24:2152       __openfd
 0D24:217A       __fmode
 0D24:217C       __notUmask
 0D24:217E       __fpstklen
 0D24:2180       __doserrno
 0D24:2182       __dosErrorToSV
 0D24:2266       __stklen
 0D24:2308       _environ
 0D24:231E       __monthDay
 0D24:2338       _tzname
 0D24:2340       _timezone
 0D24:2344       _daylight
 0D24:2352       __RealCvtVector
 0D24:2356       __ScanTodVector
 0D24:2386       _data
 0D24:238A       _targ_i
 0D24:238E       _blank_i
 0D24:2392       _instruct_i
 0D24:2396       _delay_m
 0D24:239A       _stim_m
 0D24:239E       _instruct_m
 0D24:25A2       _picBuf
 0D24:25AA       _Timer
 0D24:25F6       _Palette
 0D24:298A       __atexittbl
 0D24:2A18       ___SignalPtr
 0FC7:0000       __emu

Program entry point at 0000:0000

