
 Start  Stop   Length Name               Class

 00000H 04BAFH 04BB0H _TEXT              CODE
 04BB0H 052C5H 00716H MR12_TEXT          CODE
 052C6H 058F7H 00632H MOVIEOBJ_TEXT      CODE
 058F8H 05E05H 0050EH IMAGE_TEXT         CODE
 05E06H 05F0CH 00107H RESPONSE_TEXT      CODE
 05F0DH 05F4FH 00043H ERROR_TEXT         CODE
 05F50H 06022H 000D3H TIMER_TEXT         CODE
 06023H 060D4H 000B2H INPUT_TEXT         CODE
 060D5H 0686BH 00797H VIDEO_TEXT         CODE
 0686CH 0869EH 01E33H BGIFNT_TEXT        CODE
 086A0H 08BA5H 00506H xmsif1_TEXT        CODE
 08BA6H 08DBFH 0021AH GUBS_TEXT          CODE
 08DC0H 0A071H 012B2H EXPTLIB_TEXT       CODE
 0A080H 0C7F6H 02777H EMU_PROG           CODE
 0C800H 0CDC7H 005C8H E87_PROG           CODE
 0CDD0H 0CDD0H 00000H _FARDATA           FAR_DATA
 0CDD0H 0CDD0H 00000H _FARBSS            FAR_BSS
 0CDD0H 0CDD0H 00000H _OVERLAY_          OVRINFO
 0CDD0H 0CDD0H 00000H _1STUB_            STUBSEG
 0CDD0H 0F131H 02362H _DATA              DATA
 0F132H 0F135H 00004H _CVTSEG            DATA
 0F136H 0F141H 0000CH _SCNSEG            DATA
 0F142H 0F142H 00000H _CONST             CONST
 0F142H 0F15FH 0001EH _INIT_             INITDATA
 0F160H 0F160H 00000H _INITEND_          INITDATA
 0F160H 0F165H 00006H _EXIT_             EXITDATA
 0F166H 0F166H 00000H _EXITEND_          EXITDATA
 0F166H 0F7EBH 00686H _BSS               BSS
 0F7ECH 0F7ECH 00000H _BSSEND            BSSEND
 0F7F0H 0F8FFH 00110H _STACK             STACK

  Address         Publics by Name

 0CDD:0000       DATASEG@
 0000:0260       DGROUP@
 0A08:2152       e086_Entry
 0A08:26E0       e086_Shortcut
 0C80:0306       e087_Entry
 0C80:03C6       e087_Shortcut
 0C80:0430       e087_Trap
 0000:FE32  Abs  FIARQQ
 0000:0E32  Abs  FICRQQ
 0000:5C32  Abs  FIDRQQ
 0000:1632  Abs  FIERQQ
 0000:0632  Abs  FISRQQ
 0000:A23D  Abs  FIWRQQ
 0000:4000  Abs  FJARQQ
 0000:C000  Abs  FJCRQQ
 0000:8000  Abs  FJSRQQ
 0000:1073       FTOL@
 0000:1073       F_FTOL@
 0000:1218       F_LDIV@
 0000:1227       F_LMOD@
 0000:121F       F_LUDIV@
 0000:122F       F_LUMOD@
 0000:12C6       F_LXLSH@
 0000:119C       F_LXMUL@
 0000:12E7       F_PADA@
 0000:136F       F_PADD@
 0000:132B       F_PSBA@
 0000:139E       F_PSUB@
 0000:11B3       F_SCOPY@
 0000:13D2       F_SPUSH@
 0000:1218       LDIV@
 0000:1227       LMOD@
 0000:121F       LUDIV@
 0000:122F       LUMOD@
 0000:12C6       LXLSH@
 0000:119C       LXMUL@
 0000:1215       N_LDIV@
 0000:1224       N_LMOD@
 0000:121C       N_LUDIV@
 0000:122C       N_LUMOD@
 0000:12C3       N_LXLSH@
 0000:15CE       N_LXMUL@
 0000:12E4       N_PADA@
 0000:136C       N_PADD@
 0000:15E5       N_PCMP@
 0000:1328       N_PSBA@
 0000:139B       N_PSUB@
 0000:13CC       N_SPUSH@
 0000:12E7       PADA@
 0000:136F       PADD@
 0000:132B       PSBA@
 0000:139E       PSUB@
 0000:11B3       SCOPY@
 0000:13D2       SPUSH@
 0CDD:1A33       XMMentry
 0CDD:1A37       XMMinit
 0000:0249       _abort
 060D:0672       _addColor
 08DC:0AC0       _assign
 0000:109F       _atexit
 0000:2DFC       _atoi
 0000:2D87       _atol
 08DC:1233       _audio
 0686:01F0       _bgi_closefont
 0686:022D       _bgi_deletefont
 0686:025A       _bgi_fontpath
 0686:0272       _bgi_getbasecharsize
 0686:02BB       _bgi_gettextsettings
 0686:02F1       _bgi_installuserfont
 0686:0361       _bgi_outtext
 0686:08DB       _bgi_outtextxy
 0686:0924       _bgi_registerbgifont
 0686:096D       _bgi_registerfarbgifont
 0686:09B9       _bgi_settextjustify
 0686:09E6       _bgi_settextstyle
 0686:0C3D       _bgi_setusercharsize
 0686:0CFE       _bgi_textheight
 0686:0D3E       _bgi_textwidth
 0000:23F4       _bioskey
 0686:01C8       _blobcopy
 0CDD:1A78       _bound_maxx
 0CDD:1A7C       _bound_maxy
 0CDD:1A76       _bound_minx
 0CDD:1A7A       _bound_miny
 0000:2419       _calloc
 05E0:0077       _checkResponse
 052C:01F4       _CleanupMoviePackage
 060D:03A6       _clearScreen
 0000:2E2A       _close
 0000:1023       _cos
 0CDD:0996       _cos_table
 0CDD:00A8       _day0
 0CDD:00B8       _day1
 0CDD:2354       _daylight
 0686:11D1       _decodeCHRstroke
 0000:24D3       _delay
 08DC:0B27       _distribute
 0000:42C8       _dostounix
 058F:012A       _downloadImage
 0CDD:03EE       _do_bold
 0CDD:03F0       _do_italics
 0CDD:03EC       _do_underline
 0CDD:03F4       _do_usebkcolor
 0CDD:03F2       _do_uselinestyle
 0686:1224       _drawCHRchar
 0686:1BC3       _drawGEMchar
 060D:002D       _drawPicture
 0686:1700       _drawROMchar
 058F:0184       _drawText
 0CDD:2318       _environ
 0000:2E70       _eof
 0CDD:007F       _errno
 05F0:000D       _error
 0000:1161       _exit
 0000:04BC       _fabs
 0000:2AA9       _farcalloc
 0000:2674       _farfree
 0000:2788       _farmalloc
 0000:28EC       _farrealloc
 0000:2EE7       _fclose
 0000:2F92       _fflush
 0000:3731       _fgetc
 0000:381F       _fgetchar
 0000:305F       _fgets
 060D:06A9       _findColor
 0000:30FB       _flushall
 0602:0003       _FlushKeyBuf
 0CDD:0F74       _font_data
 0CDD:12FE       _font_list
 0CDD:035C       _font_path
 0CDD:0F3E       _font_scale
 0000:3312       _fopen
 0000:3347       _fprintf
 0000:3BA8       _fputc
 0000:3D3B       _fputchar
 0000:3457       _fread
 0000:2674       _free
 05E0:0053       _freeResponse
 0000:34E5       _fscanf
 0000:358B       _fseek
 0000:360B       _ftell
 08DC:0BD4       _gaussdev
 08DC:0F7E       _gen_init
 08BA:0038       _getbkcolor
 08BA:002E       _getcolor
 0000:11CF       _getdate
 0000:382B       _getenv
 0602:003F       _GetKey
 08BA:0006       _getlinesettings
 0000:389B       _gets
 0602:0088       _GetStick
 0000:11E2       _gettime
 0000:11F5       _getvect
 08BA:001A       _getx
 08BA:0024       _gety
 058F:0008       _goImages
 04BB:06EE       _hline
 052C:021E       _initMovie
 05E0:0006       _initResponse
 05F5:005C       _InitTimer
 05F5:0034       _InstallTimer
 0000:2B39       _int86
 0000:2B6A       _int86x
 0000:2C03       _intr
 0000:2CA7       _ioctl
 0000:143E       _isatty
 0602:004F       _KeyPress
 0602:0021       _KeyWaiting
 058F:0087       _killImages
 0CDD:0094       _length
 08BA:0010       _line
 08BA:0015       _lineto
 0686:0EA1       _loadCHRfont
 0686:1914       _loadGEMfont
 058F:01CC       _loadImage
 0686:13E3       _loadROMfont
 0000:0EFE       _log
 0000:14F1       _lseek
 04BB:0000       _main
 04BB:05DD       _makemask
 060D:06FA       _makePalette
 0000:277E       _malloc
 0000:0E42       _matherr
 0000:391F       _memcpy
 0000:3967       _memset
 08BA:0041       _moveto
 05F5:0000       _msISR
 058F:00B9       _newImage
 0000:2D80       _nosound
 0000:39B3       _open
 0686:00FD       _openfontfile
 0000:162A       _outp
 0000:1606       _outport
 0000:1612       _outportb
 0000:161E       _outpw
 0CDD:25EA       _Palette
 060D:0668       _paletteSize
 0CDD:2596       _picBuf
 0000:0E37       _pow10
 0000:3B71       _printf
 08DC:08F1       _putcheckerbox
 08DC:05FC       _putcircle
 08DC:0103       _putcircle5
 08DC:09DA       _putcross
 08DC:0A8E       _puthline
 08BA:00CB       _putpixel
 08DC:07CC       _putrandombox
 08DC:050D       _putrectangle
 08DC:0295       _putslopeline
 08DC:0428       _putsquare
 08DC:0000       _putsquare3
 08DC:01C6       _puttriangle
 08DC:0057       _puttriangle3
 08DC:0A5C       _putvline
 08DC:0CA5       _ran2
 08DC:0B8F       _randint
 060D:05BE       _readPalette
 0000:28E5       _realloc
 08BA:005D       _resetbounds
 05E0:00E4       _responseReady
 060D:0489       _Retrace
 0686:000C       _rotatexy
 052C:02A0       _runMovie
 058F:02A3       _saveImage
 0000:401F       _scanf
 0000:1D22       _segread
 0000:2CE0       _setblock
 08BA:0052       _setcolor
 0000:1D42       _setdate
 08BA:0071       _SetGubs
 08BA:000B       _setlinestyle
 0000:3943       _setmem
 052C:0262       _setMovie
 060D:0499       _setPalette
 060D:0005       _setPicSettings
 0000:1D57       _settime
 052C:0006       _SetupMoviePackage
 0000:4042       _setvbuf
 0000:1204       _setvect
 060D:036D       _setVideoMode
 0000:0EAE       _sin
 0CDD:03F6       _sin_table
 0000:2D54       _sound
 0000:419D       _sprintf
 0000:0E6C       _sqrt
 0000:1E22       _stime
 0000:41E0       _strcat
 0000:421F       _strcmp
 0000:424F       _strcpy
 0000:4278       _strlen
 0000:4297       _strncpy
 05F5:00A9       _SwitchTimer
 0000:1EBA       _tell
 0CDD:0F6A       _textinfo
 08DC:115F       _thankyou
 0000:1E62       _time
 0CDD:259E       _Timer
 0CDD:2350       _timezone
 0CDD:2348       _tzname
 0000:45F6       _tzset
 0000:48C4       _ungetc
 0000:43F2       _unixtodos
 0000:1ED2       _unlink
 0686:11B6       _unloadCHRfont
 0686:1B99       _unloadGEMfont
 0686:16D6       _unloadROMfont
 058F:0157       _uploadImage
 0CDD:0F36       _userxscale
 0CDD:0F3A       _useryscale
 0000:492F       _vprintf
 0000:41BF       _vsprintf
 05F5:0083       _Wait
 060D:0523       _writePalette
 08DC:06DD       _writeppm
 086A:00B7       _XMMallcoreleft
 086A:00FF       _XMMalloc
 086A:0071       _XMMcoreleft
 086A:01B8       _XMMfree
 086A:003D       _XMMgetversion
 086A:0000       _XMMlibinit
 086A:015A       _XMMrealloc
 0CDD:1A21       _xmsif_vers_date
 0CDD:1A2A       _xmsif_vers_time
 0CDD:19FF       _xmsif_vers_vers
 0CDD:1CD0       __8087
 0000:1000  Abs  __AHINCR
 0000:000C  Abs  __AHSHIFT
 0CDD:1EC0       __atexitcnt
 0CDD:297E       __atexittbl
 0000:29DC       __brk
 0CDD:008B       __brklvl
 0CDD:006B       __C0argc
 0CDD:006D       __C0argv
 0CDD:0071       __C0environ
 0000:1182       __cexit
 0000:0167       __checknull
 0000:2E0D       __chmod
 0000:0154       __cleanup
 0000:2E52       __close
 0CDD:1EC2       __ctype
 0000:0000  Abs  __cvtfak
 0000:1190       __c_exit
 0CDD:1CE4       __default87
 0CDD:2190       __doserrno
 0000:142C       __DOSERROR
 0CDD:2192       __dosErrorToSV
 0000:10CC       __dos_getfileattr
 0000:10EC       __dos_setfileattr
 0F7F:0000       __emu
 0CDD:0075       __envLng
 0CDD:0077       __envseg
 0CDD:0079       __envSize
 0000:1170       __exit
 0CDD:1FC4       __exitbuf
 0CDD:1FC8       __exitfopen
 0CDD:1FCC       __exitopen
 0000:3719       __fgetc
 0000:8087  Abs  __floatconvert
 0000:4B49       __fmemcpy
 0000:4B91       __fmemset
 0CDD:218A       __fmode
 0000:0CBF       __fperror
 0CDD:218E       __fpstklen
 0000:04B8       __fpuint
 0000:3B8C       __fputc
 0000:3D4F       __FPUTN
 0000:4B6D       __fsetmem
 0000:32C8       __GETFP
 0CDD:0087       __heapbase
 0CDD:008F       __heaptop
 0CDD:1CEA       __huge_dble
 0CDD:1CE6       __huge_flt
 0CDD:1CF2       __huge_ldble
 0CDD:1CFC       __indefinite
 0CDD:005B       __Int0Vector
 0CDD:005F       __Int4Vector
 0CDD:0063       __Int5Vector
 0CDD:0067       __Int6Vector
 0000:13F3       __IOERROR
 0000:47E2       __ISDST
 0CDD:1CE1       __LDT
 0000:04CB       __LDTRUNC
 0000:144F       __LONGTOA
 0000:0F7A       __matherr
 0CDD:1D0A       __mathwhy
 0000:151A       __MKNAME
 0000:0262       __MMODEL
 0CDD:232E       __monthDay
 0000:372E       __Nfgetc
 0CDD:2160       __nfile
 0CDD:218C       __notUmask
 0000:48C1       __Nungetc
 0000:3B22       __open
 0CDD:2162       __openfd
 0000:31F9       __OPENFP
 0CDD:007D       __osmajor
 0CDD:007E       __osminor
 0CDD:007D       __osversion
 0000:0D6E       __POW10
 0CDD:1CE0       __protected
 0CDD:007B       __psp
 0000:1638       __read
 0000:2CD0       __REALCVT
 0CDD:2362       __RealCvtVector
 0000:01BD       __restorezero
 0000:2A1B       __sbrk
 0000:1667       __scanner
 0000:2CDC       __scanpop
 0000:2CD8       __scanrslt
 0000:2CD4       __scantod
 0CDD:2366       __ScanTodVector
 0000:1B80       __scantol
 0000:0000  Abs  __setenvp__
 0000:1D6C       __setupio
 0CDD:0081       __StartTime
 0CDD:2276       __stklen
 0000:23C0       __stpcpy
 0CDD:1FD0       __streams
 0000:0168       __terminate
 0CDD:1D00       __tiny_ldble
 0000:1577       __TMPNAM
 0000:0000  Abs  __turboCvt
 0000:8087  Abs  __turboFloat
 0000:14D1       __UTOA
 0CDD:007D       __version
 0000:1F02       __VPRINTER
 0000:4A98       __write
 0000:0AB7       __XCVT
 0000:4AD4       __xfclose
 0000:4B11       __xfflush
 086A:01ED       __XMMcopy
 0CDD:19FC       __XMMerror
 086A:0395       __XMMicopy
 0CDD:19FD       __XMMversion
 0CDD:0085       ___brklvl
 0000:2534       ___first
 0000:03D1       ___fpreset
 0000:2536       ___last
 0000:3F4E       ___read
 0000:2538       ___rover
 0CDD:2A0C       ___SignalPtr
 0000:4949       ___write

  Address         Publics by Value

 0000:0000  Abs  __turboCvt
 0000:0000  Abs  __cvtfak
 0000:0000  Abs  __setenvp__
 0000:000C  Abs  __AHSHIFT
 0000:0632  Abs  FISRQQ
 0000:0E32  Abs  FICRQQ
 0000:1000  Abs  __AHINCR
 0000:1632  Abs  FIERQQ
 0000:4000  Abs  FJARQQ
 0000:5C32  Abs  FIDRQQ
 0000:8000  Abs  FJSRQQ
 0000:8087  Abs  __turboFloat
 0000:8087  Abs  __floatconvert
 0000:A23D  Abs  FIWRQQ
 0000:C000  Abs  FJCRQQ
 0000:FE32  Abs  FIARQQ
 0000:0154       __cleanup
 0000:0167       __checknull
 0000:0168       __terminate
 0000:01BD       __restorezero
 0000:0249       _abort
 0000:0260       DGROUP@
 0000:0262       __MMODEL
 0000:03D1       ___fpreset
 0000:04B8       __fpuint
 0000:04BC       _fabs
 0000:04CB       __LDTRUNC
 0000:0AB7       __XCVT
 0000:0CBF       __fperror
 0000:0D6E       __POW10
 0000:0E37       _pow10
 0000:0E42       _matherr
 0000:0E6C       _sqrt
 0000:0EAE       _sin
 0000:0EFE       _log
 0000:0F7A       __matherr
 0000:1023       _cos
 0000:1073       F_FTOL@
 0000:1073       FTOL@
 0000:109F       _atexit
 0000:10CC       __dos_getfileattr
 0000:10EC       __dos_setfileattr
 0000:1161       _exit
 0000:1170       __exit
 0000:1182       __cexit
 0000:1190       __c_exit
 0000:119C       F_LXMUL@
 0000:119C       LXMUL@
 0000:11B3       F_SCOPY@
 0000:11B3       SCOPY@
 0000:11CF       _getdate
 0000:11E2       _gettime
 0000:11F5       _getvect
 0000:1204       _setvect
 0000:1215       N_LDIV@
 0000:1218       F_LDIV@
 0000:1218       LDIV@
 0000:121C       N_LUDIV@
 0000:121F       F_LUDIV@
 0000:121F       LUDIV@
 0000:1224       N_LMOD@
 0000:1227       F_LMOD@
 0000:1227       LMOD@
 0000:122C       N_LUMOD@
 0000:122F       LUMOD@
 0000:122F       F_LUMOD@
 0000:12C3       N_LXLSH@
 0000:12C6       LXLSH@
 0000:12C6       F_LXLSH@
 0000:12E4       N_PADA@
 0000:12E7       F_PADA@
 0000:12E7       PADA@
 0000:1328       N_PSBA@
 0000:132B       PSBA@
 0000:132B       F_PSBA@
 0000:136C       N_PADD@
 0000:136F       F_PADD@
 0000:136F       PADD@
 0000:139B       N_PSUB@
 0000:139E       F_PSUB@
 0000:139E       PSUB@
 0000:13CC       N_SPUSH@
 0000:13D2       F_SPUSH@
 0000:13D2       SPUSH@
 0000:13F3       __IOERROR
 0000:142C       __DOSERROR
 0000:143E       _isatty
 0000:144F       __LONGTOA
 0000:14D1       __UTOA
 0000:14F1       _lseek
 0000:151A       __MKNAME
 0000:1577       __TMPNAM
 0000:15CE       N_LXMUL@
 0000:15E5       N_PCMP@
 0000:1606       _outport
 0000:1612       _outportb
 0000:161E       _outpw
 0000:162A       _outp
 0000:1638       __read
 0000:1667       __scanner
 0000:1B80       __scantol
 0000:1D22       _segread
 0000:1D42       _setdate
 0000:1D57       _settime
 0000:1D6C       __setupio
 0000:1E22       _stime
 0000:1E62       _time
 0000:1EBA       _tell
 0000:1ED2       _unlink
 0000:1F02       __VPRINTER
 0000:23C0       __stpcpy
 0000:23F4       _bioskey
 0000:2419       _calloc
 0000:24D3       _delay
 0000:2534       ___first
 0000:2536       ___last
 0000:2538       ___rover
 0000:2674       _farfree
 0000:2674       _free
 0000:277E       _malloc
 0000:2788       _farmalloc
 0000:28E5       _realloc
 0000:28EC       _farrealloc
 0000:29DC       __brk
 0000:2A1B       __sbrk
 0000:2AA9       _farcalloc
 0000:2B39       _int86
 0000:2B6A       _int86x
 0000:2C03       _intr
 0000:2CA7       _ioctl
 0000:2CD0       __REALCVT
 0000:2CD4       __scantod
 0000:2CD8       __scanrslt
 0000:2CDC       __scanpop
 0000:2CE0       _setblock
 0000:2D54       _sound
 0000:2D80       _nosound
 0000:2D87       _atol
 0000:2DFC       _atoi
 0000:2E0D       __chmod
 0000:2E2A       _close
 0000:2E52       __close
 0000:2E70       _eof
 0000:2EE7       _fclose
 0000:2F92       _fflush
 0000:305F       _fgets
 0000:30FB       _flushall
 0000:31F9       __OPENFP
 0000:32C8       __GETFP
 0000:3312       _fopen
 0000:3347       _fprintf
 0000:3457       _fread
 0000:34E5       _fscanf
 0000:358B       _fseek
 0000:360B       _ftell
 0000:3719       __fgetc
 0000:372E       __Nfgetc
 0000:3731       _fgetc
 0000:381F       _fgetchar
 0000:382B       _getenv
 0000:389B       _gets
 0000:391F       _memcpy
 0000:3943       _setmem
 0000:3967       _memset
 0000:39B3       _open
 0000:3B22       __open
 0000:3B71       _printf
 0000:3B8C       __fputc
 0000:3BA8       _fputc
 0000:3D3B       _fputchar
 0000:3D4F       __FPUTN
 0000:3F4E       ___read
 0000:401F       _scanf
 0000:4042       _setvbuf
 0000:419D       _sprintf
 0000:41BF       _vsprintf
 0000:41E0       _strcat
 0000:421F       _strcmp
 0000:424F       _strcpy
 0000:4278       _strlen
 0000:4297       _strncpy
 0000:42C8       _dostounix
 0000:43F2       _unixtodos
 0000:45F6       _tzset
 0000:47E2       __ISDST
 0000:48C1       __Nungetc
 0000:48C4       _ungetc
 0000:492F       _vprintf
 0000:4949       ___write
 0000:4A98       __write
 0000:4AD4       __xfclose
 0000:4B11       __xfflush
 0000:4B49       __fmemcpy
 0000:4B6D       __fsetmem
 0000:4B91       __fmemset
 04BB:0000       _main
 04BB:05DD       _makemask
 04BB:06EE       _hline
 052C:0006       _SetupMoviePackage
 052C:01F4       _CleanupMoviePackage
 052C:021E       _initMovie
 052C:0262       _setMovie
 052C:02A0       _runMovie
 058F:0008       _goImages
 058F:0087       _killImages
 058F:00B9       _newImage
 058F:012A       _downloadImage
 058F:0157       _uploadImage
 058F:0184       _drawText
 058F:01CC       _loadImage
 058F:02A3       _saveImage
 05E0:0006       _initResponse
 05E0:0053       _freeResponse
 05E0:0077       _checkResponse
 05E0:00E4       _responseReady
 05F0:000D       _error
 05F5:0000       _msISR
 05F5:0034       _InstallTimer
 05F5:005C       _InitTimer
 05F5:0083       _Wait
 05F5:00A9       _SwitchTimer
 0602:0003       _FlushKeyBuf
 0602:0021       _KeyWaiting
 0602:003F       _GetKey
 0602:004F       _KeyPress
 0602:0088       _GetStick
 060D:0005       _setPicSettings
 060D:002D       _drawPicture
 060D:036D       _setVideoMode
 060D:03A6       _clearScreen
 060D:0489       _Retrace
 060D:0499       _setPalette
 060D:0523       _writePalette
 060D:05BE       _readPalette
 060D:0668       _paletteSize
 060D:0672       _addColor
 060D:06A9       _findColor
 060D:06FA       _makePalette
 0686:000C       _rotatexy
 0686:00FD       _openfontfile
 0686:01C8       _blobcopy
 0686:01F0       _bgi_closefont
 0686:022D       _bgi_deletefont
 0686:025A       _bgi_fontpath
 0686:0272       _bgi_getbasecharsize
 0686:02BB       _bgi_gettextsettings
 0686:02F1       _bgi_installuserfont
 0686:0361       _bgi_outtext
 0686:08DB       _bgi_outtextxy
 0686:0924       _bgi_registerbgifont
 0686:096D       _bgi_registerfarbgifont
 0686:09B9       _bgi_settextjustify
 0686:09E6       _bgi_settextstyle
 0686:0C3D       _bgi_setusercharsize
 0686:0CFE       _bgi_textheight
 0686:0D3E       _bgi_textwidth
 0686:0EA1       _loadCHRfont
 0686:11B6       _unloadCHRfont
 0686:11D1       _decodeCHRstroke
 0686:1224       _drawCHRchar
 0686:13E3       _loadROMfont
 0686:16D6       _unloadROMfont
 0686:1700       _drawROMchar
 0686:1914       _loadGEMfont
 0686:1B99       _unloadGEMfont
 0686:1BC3       _drawGEMchar
 086A:0000       _XMMlibinit
 086A:003D       _XMMgetversion
 086A:0071       _XMMcoreleft
 086A:00B7       _XMMallcoreleft
 086A:00FF       _XMMalloc
 086A:015A       _XMMrealloc
 086A:01B8       _XMMfree
 086A:01ED       __XMMcopy
 086A:0395       __XMMicopy
 08BA:0006       _getlinesettings
 08BA:000B       _setlinestyle
 08BA:0010       _line
 08BA:0015       _lineto
 08BA:001A       _getx
 08BA:0024       _gety
 08BA:002E       _getcolor
 08BA:0038       _getbkcolor
 08BA:0041       _moveto
 08BA:0052       _setcolor
 08BA:005D       _resetbounds
 08BA:0071       _SetGubs
 08BA:00CB       _putpixel
 08DC:0000       _putsquare3
 08DC:0057       _puttriangle3
 08DC:0103       _putcircle5
 08DC:01C6       _puttriangle
 08DC:0295       _putslopeline
 08DC:0428       _putsquare
 08DC:050D       _putrectangle
 08DC:05FC       _putcircle
 08DC:06DD       _writeppm
 08DC:07CC       _putrandombox
 08DC:08F1       _putcheckerbox
 08DC:09DA       _putcross
 08DC:0A5C       _putvline
 08DC:0A8E       _puthline
 08DC:0AC0       _assign
 08DC:0B27       _distribute
 08DC:0B8F       _randint
 08DC:0BD4       _gaussdev
 08DC:0CA5       _ran2
 08DC:0F7E       _gen_init
 08DC:115F       _thankyou
 08DC:1233       _audio
 0A08:2152       e086_Entry
 0A08:26E0       e086_Shortcut
 0C80:0306       e087_Entry
 0C80:03C6       e087_Shortcut
 0C80:0430       e087_Trap
 0CDD:0000       DATASEG@
 0CDD:005B       __Int0Vector
 0CDD:005F       __Int4Vector
 0CDD:0063       __Int5Vector
 0CDD:0067       __Int6Vector
 0CDD:006B       __C0argc
 0CDD:006D       __C0argv
 0CDD:0071       __C0environ
 0CDD:0075       __envLng
 0CDD:0077       __envseg
 0CDD:0079       __envSize
 0CDD:007B       __psp
 0CDD:007D       __osversion
 0CDD:007D       __osmajor
 0CDD:007D       __version
 0CDD:007E       __osminor
 0CDD:007F       _errno
 0CDD:0081       __StartTime
 0CDD:0085       ___brklvl
 0CDD:0087       __heapbase
 0CDD:008B       __brklvl
 0CDD:008F       __heaptop
 0CDD:0094       _length
 0CDD:00A8       _day0
 0CDD:00B8       _day1
 0CDD:035C       _font_path
 0CDD:03EC       _do_underline
 0CDD:03EE       _do_bold
 0CDD:03F0       _do_italics
 0CDD:03F2       _do_uselinestyle
 0CDD:03F4       _do_usebkcolor
 0CDD:03F6       _sin_table
 0CDD:0996       _cos_table
 0CDD:0F36       _userxscale
 0CDD:0F3A       _useryscale
 0CDD:0F3E       _font_scale
 0CDD:0F6A       _textinfo
 0CDD:0F74       _font_data
 0CDD:12FE       _font_list
 0CDD:19FC       __XMMerror
 0CDD:19FD       __XMMversion
 0CDD:19FF       _xmsif_vers_vers
 0CDD:1A21       _xmsif_vers_date
 0CDD:1A2A       _xmsif_vers_time
 0CDD:1A33       XMMentry
 0CDD:1A37       XMMinit
 0CDD:1A76       _bound_minx
 0CDD:1A78       _bound_maxx
 0CDD:1A7A       _bound_miny
 0CDD:1A7C       _bound_maxy
 0CDD:1CD0       __8087
 0CDD:1CE0       __protected
 0CDD:1CE1       __LDT
 0CDD:1CE4       __default87
 0CDD:1CE6       __huge_flt
 0CDD:1CEA       __huge_dble
 0CDD:1CF2       __huge_ldble
 0CDD:1CFC       __indefinite
 0CDD:1D00       __tiny_ldble
 0CDD:1D0A       __mathwhy
 0CDD:1EC0       __atexitcnt
 0CDD:1EC2       __ctype
 0CDD:1FC4       __exitbuf
 0CDD:1FC8       __exitfopen
 0CDD:1FCC       __exitopen
 0CDD:1FD0       __streams
 0CDD:2160       __nfile
 0CDD:2162       __openfd
 0CDD:218A       __fmode
 0CDD:218C       __notUmask
 0CDD:218E       __fpstklen
 0CDD:2190       __doserrno
 0CDD:2192       __dosErrorToSV
 0CDD:2276       __stklen
 0CDD:2318       _environ
 0CDD:232E       __monthDay
 0CDD:2348       _tzname
 0CDD:2350       _timezone
 0CDD:2354       _daylight
 0CDD:2362       __RealCvtVector
 0CDD:2366       __ScanTodVector
 0CDD:2596       _picBuf
 0CDD:259E       _Timer
 0CDD:25EA       _Palette
 0CDD:297E       __atexittbl
 0CDD:2A0C       ___SignalPtr
 0F7F:0000       __emu

Program entry point at 0000:0000

