
 Start  Stop   Length Name               Class

 00000H 04B8CH 04B8DH _TEXT              CODE
 04B8DH 052E9H 0075DH MR17_TEXT          CODE
 052EAH 0591BH 00632H MOVIEOBJ_TEXT      CODE
 0591CH 05E29H 0050EH IMAGE_TEXT         CODE
 05E2AH 05F30H 00107H RESPONSE_TEXT      CODE
 05F31H 05F73H 00043H ERROR_TEXT         CODE
 05F74H 06046H 000D3H TIMER_TEXT         CODE
 06047H 060F8H 000B2H INPUT_TEXT         CODE
 060F9H 0688FH 00797H VIDEO_TEXT         CODE
 06890H 086C2H 01E33H BGIFNT_TEXT        CODE
 086C4H 08BC9H 00506H xmsif1_TEXT        CODE
 08BCAH 08DE3H 0021AH GUBS_TEXT          CODE
 08DE4H 0A095H 012B2H EXPTLIB_TEXT       CODE
 0A0A0H 0C816H 02777H EMU_PROG           CODE
 0C820H 0CDE7H 005C8H E87_PROG           CODE
 0CDF0H 0CDF0H 00000H _FARDATA           FAR_DATA
 0CDF0H 0CDF0H 00000H _FARBSS            FAR_BSS
 0CDF0H 0CDF0H 00000H _OVERLAY_          OVRINFO
 0CDF0H 0CDF0H 00000H _1STUB_            STUBSEG
 0CDF0H 0F151H 02362H _DATA              DATA
 0F152H 0F155H 00004H _CVTSEG            DATA
 0F156H 0F161H 0000CH _SCNSEG            DATA
 0F162H 0F162H 00000H _CONST             CONST
 0F162H 0F17FH 0001EH _INIT_             INITDATA
 0F180H 0F180H 00000H _INITEND_          INITDATA
 0F180H 0F185H 00006H _EXIT_             EXITDATA
 0F186H 0F186H 00000H _EXITEND_          EXITDATA
 0F186H 0F80BH 00686H _BSS               BSS
 0F80CH 0F80CH 00000H _BSSEND            BSSEND
 0F810H 0F91FH 00110H _STACK             STACK

  Address         Publics by Name

 0CDF:0000       DATASEG@
 0000:0260       DGROUP@
 0A0A:2152       e086_Entry
 0A0A:26E0       e086_Shortcut
 0C82:0306       e087_Entry
 0C82:03C6       e087_Shortcut
 0C82:0430       e087_Trap
 0000:FE32  Abs  FIARQQ
 0000:0E32  Abs  FICRQQ
 0000:5C32  Abs  FIDRQQ
 0000:1632  Abs  FIERQQ
 0000:0632  Abs  FISRQQ
 0000:A23D  Abs  FIWRQQ
 0000:4000  Abs  FJARQQ
 0000:C000  Abs  FJCRQQ
 0000:8000  Abs  FJSRQQ
 0000:1073       FTOL@
 0000:1073       F_FTOL@
 0000:1218       F_LDIV@
 0000:1227       F_LMOD@
 0000:121F       F_LUDIV@
 0000:122F       F_LUMOD@
 0000:12C6       F_LXLSH@
 0000:119C       F_LXMUL@
 0000:12E7       F_PADA@
 0000:136F       F_PADD@
 0000:132B       F_PSBA@
 0000:139E       F_PSUB@
 0000:11B3       F_SCOPY@
 0000:13D2       F_SPUSH@
 0000:1218       LDIV@
 0000:1227       LMOD@
 0000:121F       LUDIV@
 0000:122F       LUMOD@
 0000:12C6       LXLSH@
 0000:119C       LXMUL@
 0000:1215       N_LDIV@
 0000:1224       N_LMOD@
 0000:121C       N_LUDIV@
 0000:122C       N_LUMOD@
 0000:12C3       N_LXLSH@
 0000:15CE       N_LXMUL@
 0000:12E4       N_PADA@
 0000:136C       N_PADD@
 0000:15E5       N_PCMP@
 0000:1328       N_PSBA@
 0000:139B       N_PSUB@
 0000:13CC       N_SPUSH@
 0000:12E7       PADA@
 0000:136F       PADD@
 0000:132B       PSBA@
 0000:139E       PSUB@
 0000:11B3       SCOPY@
 0000:13D2       SPUSH@
 0CDF:1A37       XMMentry
 0CDF:1A3B       XMMinit
 0000:0249       _abort
 060F:0676       _addColor
 08DE:0AC4       _assign
 0000:109F       _atexit
 0000:2DFC       _atoi
 0000:2D87       _atol
 08DE:1237       _audio
 0689:01E4       _bgi_closefont
 0689:0221       _bgi_deletefont
 0689:024E       _bgi_fontpath
 0689:0266       _bgi_getbasecharsize
 0689:02AF       _bgi_gettextsettings
 0689:02E5       _bgi_installuserfont
 0689:0355       _bgi_outtext
 0689:08CF       _bgi_outtextxy
 0689:0918       _bgi_registerbgifont
 0689:0961       _bgi_registerfarbgifont
 0689:09AD       _bgi_settextjustify
 0689:09DA       _bgi_settextstyle
 0689:0C31       _bgi_setusercharsize
 0689:0CF2       _bgi_textheight
 0689:0D32       _bgi_textwidth
 0000:23F4       _bioskey
 0689:01BC       _blobcopy
 0CDF:1A7C       _bound_maxx
 0CDF:1A80       _bound_maxy
 0CDF:1A7A       _bound_minx
 0CDF:1A7E       _bound_miny
 0000:2419       _calloc
 05E2:007B       _checkResponse
 052E:01F8       _CleanupMoviePackage
 060F:03AA       _clearScreen
 0000:2E2A       _close
 0000:1023       _cos
 0CDF:099A       _cos_table
 0CDF:2354       _daylight
 0689:11C5       _decodeCHRstroke
 0000:24D3       _delay
 08DE:0B2B       _distribute
 0000:42A5       _dostounix
 0591:012E       _downloadImage
 0CDF:03F2       _do_bold
 0CDF:03F4       _do_italics
 0CDF:03F0       _do_underline
 0CDF:03F8       _do_usebkcolor
 0CDF:03F6       _do_uselinestyle
 0689:1218       _drawCHRchar
 0689:1BB7       _drawGEMchar
 060F:0031       _drawPicture
 0689:16F4       _drawROMchar
 0591:0188       _drawText
 0CDF:2318       _environ
 0000:2E70       _eof
 0CDF:007F       _errno
 05F3:0001       _error
 0000:1161       _exit
 0000:04BC       _fabs
 0000:2AA9       _farcalloc
 0000:2674       _farfree
 0000:2788       _farmalloc
 0000:28EC       _farrealloc
 0000:2EE7       _fclose
 0000:2F92       _fflush
 0000:3731       _fgetc
 0000:381F       _fgetchar
 0000:305F       _fgets
 060F:06AD       _findColor
 0000:30FB       _flushall
 0604:0007       _FlushKeyBuf
 0CDF:0F78       _font_data
 0CDF:1302       _font_list
 0CDF:0360       _font_path
 0CDF:0F42       _font_scale
 0000:3312       _fopen
 0000:3347       _fprintf
 0000:3BA8       _fputc
 0000:3D3B       _fputchar
 0000:3457       _fread
 0000:2674       _free
 05E2:0057       _freeResponse
 0000:34E5       _fscanf
 0000:358B       _fseek
 0000:360B       _ftell
 08DE:0BD8       _gaussdev
 08DE:0F82       _gen_init
 08BC:003C       _getbkcolor
 08BC:0032       _getcolor
 0000:11CF       _getdate
 0000:382B       _getenv
 0604:0043       _GetKey
 08BC:000A       _getlinesettings
 0000:389B       _gets
 0604:008C       _GetStick
 0000:11E2       _gettime
 0000:11F5       _getvect
 08BC:001E       _getx
 08BC:0028       _gety
 0591:000C       _goImages
 04B8:06FA       _hline
 052E:0222       _initMovie
 05E2:000A       _initResponse
 05F7:0060       _InitTimer
 05F7:0038       _InstallTimer
 0000:2B39       _int86
 0000:2B6A       _int86x
 0000:2C03       _intr
 0000:2CA7       _ioctl
 0000:143E       _isatty
 0604:0053       _KeyPress
 0604:0025       _KeyWaiting
 0591:008B       _killImages
 08BC:0014       _line
 08BC:0019       _lineto
 0689:0E95       _loadCHRfont
 0689:1908       _loadGEMfont
 0591:01D0       _loadImage
 0689:13D7       _loadROMfont
 0000:0EFE       _log
 0000:14F1       _lseek
 04B8:000D       _main
 04B8:0722       _makebreak
 060F:06FE       _makePalette
 0000:277E       _malloc
 0000:0E42       _matherr
 0000:391F       _memcpy
 0000:3967       _memset
 08BC:0045       _moveto
 05F7:0004       _msISR
 0591:00BD       _newImage
 0000:2D80       _nosound
 0000:39B3       _open
 0689:00F1       _openfontfile
 0000:162A       _outp
 0000:1606       _outport
 0000:1612       _outportb
 0000:161E       _outpw
 0CDF:25EA       _Palette
 060F:066C       _paletteSize
 0CDF:2596       _picBuf
 0000:0E37       _pow10
 0000:3B71       _printf
 08DE:08F5       _putcheckerbox
 08DE:0600       _putcircle
 08DE:0107       _putcircle5
 08DE:09DE       _putcross
 08DE:0A92       _puthline
 08BC:00CF       _putpixel
 08DE:07D0       _putrandombox
 08DE:0511       _putrectangle
 08DE:0299       _putslopeline
 08DE:042C       _putsquare
 08DE:0004       _putsquare3
 08DE:01CA       _puttriangle
 08DE:005B       _puttriangle3
 08DE:0A60       _putvline
 08DE:0CA9       _ran2
 08DE:0B93       _randint
 060F:05C2       _readPalette
 0000:28E5       _realloc
 08BC:0061       _resetbounds
 05E2:00E8       _responseReady
 060F:048D       _Retrace
 0689:0000       _rotatexy
 052E:02A4       _runMovie
 0591:02A7       _saveImage
 0000:1D22       _segread
 0000:2CE0       _setblock
 08BC:0056       _setcolor
 0000:1D42       _setdate
 08BC:0075       _SetGubs
 08BC:000F       _setlinestyle
 0000:3943       _setmem
 052E:0266       _setMovie
 060F:049D       _setPalette
 060F:0009       _setPicSettings
 0000:1D57       _settime
 052E:000A       _SetupMoviePackage
 0000:401F       _setvbuf
 0000:1204       _setvect
 060F:0371       _setVideoMode
 0000:0EAE       _sin
 0CDF:03FA       _sin_table
 0000:2D54       _sound
 0000:417A       _sprintf
 0000:0E6C       _sqrt
 0000:1E22       _stime
 0000:41BD       _strcat
 0000:41FC       _strcmp
 0000:422C       _strcpy
 0000:4255       _strlen
 0000:4274       _strncpy
 05F7:00AD       _SwitchTimer
 0000:1EBA       _tell
 0CDF:0F6E       _textinfo
 08DE:1163       _thankyou
 0000:1E62       _time
 0CDF:259E       _Timer
 0CDF:2350       _timezone
 0CDF:2348       _tzname
 0000:45D3       _tzset
 0000:48A1       _ungetc
 0000:43CF       _unixtodos
 0000:1ED2       _unlink
 0689:11AA       _unloadCHRfont
 0689:1B8D       _unloadGEMfont
 0689:16CA       _unloadROMfont
 0591:015B       _uploadImage
 0CDF:0F3A       _userxscale
 0CDF:0F3E       _useryscale
 0000:490C       _vprintf
 0000:419C       _vsprintf
 05F7:0087       _Wait
 060F:0527       _writePalette
 08DE:06E1       _writeppm
 086C:00BB       _XMMallcoreleft
 086C:0103       _XMMalloc
 086C:0075       _XMMcoreleft
 086C:01BC       _XMMfree
 086C:0041       _XMMgetversion
 086C:0004       _XMMlibinit
 086C:015E       _XMMrealloc
 0CDF:1A25       _xmsif_vers_date
 0CDF:1A2E       _xmsif_vers_time
 0CDF:1A03       _xmsif_vers_vers
 0CDF:1CD0       __8087
 0000:1000  Abs  __AHINCR
 0000:000C  Abs  __AHSHIFT
 0CDF:1EC0       __atexitcnt
 0CDF:297E       __atexittbl
 0000:29DC       __brk
 0CDF:008B       __brklvl
 0CDF:006B       __C0argc
 0CDF:006D       __C0argv
 0CDF:0071       __C0environ
 0000:1182       __cexit
 0000:0167       __checknull
 0000:2E0D       __chmod
 0000:0154       __cleanup
 0000:2E52       __close
 0CDF:1EC2       __ctype
 0000:0000  Abs  __cvtfak
 0000:1190       __c_exit
 0CDF:1CE4       __default87
 0CDF:2190       __doserrno
 0000:142C       __DOSERROR
 0CDF:2192       __dosErrorToSV
 0000:10CC       __dos_getfileattr
 0000:10EC       __dos_setfileattr
 0F81:0000       __emu
 0CDF:0075       __envLng
 0CDF:0077       __envseg
 0CDF:0079       __envSize
 0000:1170       __exit
 0CDF:1FC4       __exitbuf
 0CDF:1FC8       __exitfopen
 0CDF:1FCC       __exitopen
 0000:3719       __fgetc
 0000:8087  Abs  __floatconvert
 0000:4B26       __fmemcpy
 0000:4B6E       __fmemset
 0CDF:218A       __fmode
 0000:0CBF       __fperror
 0CDF:218E       __fpstklen
 0000:04B8       __fpuint
 0000:3B8C       __fputc
 0000:3D4F       __FPUTN
 0000:4B4A       __fsetmem
 0000:32C8       __GETFP
 0CDF:0087       __heapbase
 0CDF:008F       __heaptop
 0CDF:1CEA       __huge_dble
 0CDF:1CE6       __huge_flt
 0CDF:1CF2       __huge_ldble
 0CDF:1CFC       __indefinite
 0CDF:005B       __Int0Vector
 0CDF:005F       __Int4Vector
 0CDF:0063       __Int5Vector
 0CDF:0067       __Int6Vector
 0000:13F3       __IOERROR
 0000:47BF       __ISDST
 0CDF:1CE1       __LDT
 0000:04CB       __LDTRUNC
 0000:144F       __LONGTOA
 0000:0F7A       __matherr
 0CDF:1D0A       __mathwhy
 0000:151A       __MKNAME
 0000:0262       __MMODEL
 0CDF:232E       __monthDay
 0000:372E       __Nfgetc
 0CDF:2160       __nfile
 0CDF:218C       __notUmask
 0000:489E       __Nungetc
 0000:3B22       __open
 0CDF:2162       __openfd
 0000:31F9       __OPENFP
 0CDF:007D       __osmajor
 0CDF:007E       __osminor
 0CDF:007D       __osversion
 0000:0D6E       __POW10
 0CDF:1CE0       __protected
 0CDF:007B       __psp
 0000:1638       __read
 0000:2CD0       __REALCVT
 0CDF:2362       __RealCvtVector
 0000:01BD       __restorezero
 0000:2A1B       __sbrk
 0000:1667       __scanner
 0000:2CDC       __scanpop
 0000:2CD8       __scanrslt
 0000:2CD4       __scantod
 0CDF:2366       __ScanTodVector
 0000:1B80       __scantol
 0000:0000  Abs  __setenvp__
 0000:1D6C       __setupio
 0CDF:0081       __StartTime
 0CDF:2276       __stklen
 0000:23C0       __stpcpy
 0CDF:1FD0       __streams
 0000:0168       __terminate
 0CDF:1D00       __tiny_ldble
 0000:1577       __TMPNAM
 0000:0000  Abs  __turboCvt
 0000:8087  Abs  __turboFloat
 0000:14D1       __UTOA
 0CDF:007D       __version
 0000:1F02       __VPRINTER
 0000:4A75       __write
 0000:0AB7       __XCVT
 0000:4AB1       __xfclose
 0000:4AEE       __xfflush
 086C:01F1       __XMMcopy
 0CDF:1A00       __XMMerror
 086C:0399       __XMMicopy
 0CDF:1A01       __XMMversion
 0CDF:0085       ___brklvl
 0000:2534       ___first
 0000:03D1       ___fpreset
 0000:2536       ___last
 0000:3F4E       ___read
 0000:2538       ___rover
 0CDF:2A0C       ___SignalPtr
 0000:4926       ___write

  Address         Publics by Value

 0000:0000  Abs  __turboCvt
 0000:0000  Abs  __cvtfak
 0000:0000  Abs  __setenvp__
 0000:000C  Abs  __AHSHIFT
 0000:0632  Abs  FISRQQ
 0000:0E32  Abs  FICRQQ
 0000:1000  Abs  __AHINCR
 0000:1632  Abs  FIERQQ
 0000:4000  Abs  FJARQQ
 0000:5C32  Abs  FIDRQQ
 0000:8000  Abs  FJSRQQ
 0000:8087  Abs  __turboFloat
 0000:8087  Abs  __floatconvert
 0000:A23D  Abs  FIWRQQ
 0000:C000  Abs  FJCRQQ
 0000:FE32  Abs  FIARQQ
 0000:0154       __cleanup
 0000:0167       __checknull
 0000:0168       __terminate
 0000:01BD       __restorezero
 0000:0249       _abort
 0000:0260       DGROUP@
 0000:0262       __MMODEL
 0000:03D1       ___fpreset
 0000:04B8       __fpuint
 0000:04BC       _fabs
 0000:04CB       __LDTRUNC
 0000:0AB7       __XCVT
 0000:0CBF       __fperror
 0000:0D6E       __POW10
 0000:0E37       _pow10
 0000:0E42       _matherr
 0000:0E6C       _sqrt
 0000:0EAE       _sin
 0000:0EFE       _log
 0000:0F7A       __matherr
 0000:1023       _cos
 0000:1073       F_FTOL@
 0000:1073       FTOL@
 0000:109F       _atexit
 0000:10CC       __dos_getfileattr
 0000:10EC       __dos_setfileattr
 0000:1161       _exit
 0000:1170       __exit
 0000:1182       __cexit
 0000:1190       __c_exit
 0000:119C       F_LXMUL@
 0000:119C       LXMUL@
 0000:11B3       F_SCOPY@
 0000:11B3       SCOPY@
 0000:11CF       _getdate
 0000:11E2       _gettime
 0000:11F5       _getvect
 0000:1204       _setvect
 0000:1215       N_LDIV@
 0000:1218       F_LDIV@
 0000:1218       LDIV@
 0000:121C       N_LUDIV@
 0000:121F       F_LUDIV@
 0000:121F       LUDIV@
 0000:1224       N_LMOD@
 0000:1227       F_LMOD@
 0000:1227       LMOD@
 0000:122C       N_LUMOD@
 0000:122F       LUMOD@
 0000:122F       F_LUMOD@
 0000:12C3       N_LXLSH@
 0000:12C6       LXLSH@
 0000:12C6       F_LXLSH@
 0000:12E4       N_PADA@
 0000:12E7       F_PADA@
 0000:12E7       PADA@
 0000:1328       N_PSBA@
 0000:132B       PSBA@
 0000:132B       F_PSBA@
 0000:136C       N_PADD@
 0000:136F       F_PADD@
 0000:136F       PADD@
 0000:139B       N_PSUB@
 0000:139E       F_PSUB@
 0000:139E       PSUB@
 0000:13CC       N_SPUSH@
 0000:13D2       F_SPUSH@
 0000:13D2       SPUSH@
 0000:13F3       __IOERROR
 0000:142C       __DOSERROR
 0000:143E       _isatty
 0000:144F       __LONGTOA
 0000:14D1       __UTOA
 0000:14F1       _lseek
 0000:151A       __MKNAME
 0000:1577       __TMPNAM
 0000:15CE       N_LXMUL@
 0000:15E5       N_PCMP@
 0000:1606       _outport
 0000:1612       _outportb
 0000:161E       _outpw
 0000:162A       _outp
 0000:1638       __read
 0000:1667       __scanner
 0000:1B80       __scantol
 0000:1D22       _segread
 0000:1D42       _setdate
 0000:1D57       _settime
 0000:1D6C       __setupio
 0000:1E22       _stime
 0000:1E62       _time
 0000:1EBA       _tell
 0000:1ED2       _unlink
 0000:1F02       __VPRINTER
 0000:23C0       __stpcpy
 0000:23F4       _bioskey
 0000:2419       _calloc
 0000:24D3       _delay
 0000:2534       ___first
 0000:2536       ___last
 0000:2538       ___rover
 0000:2674       _farfree
 0000:2674       _free
 0000:277E       _malloc
 0000:2788       _farmalloc
 0000:28E5       _realloc
 0000:28EC       _farrealloc
 0000:29DC       __brk
 0000:2A1B       __sbrk
 0000:2AA9       _farcalloc
 0000:2B39       _int86
 0000:2B6A       _int86x
 0000:2C03       _intr
 0000:2CA7       _ioctl
 0000:2CD0       __REALCVT
 0000:2CD4       __scantod
 0000:2CD8       __scanrslt
 0000:2CDC       __scanpop
 0000:2CE0       _setblock
 0000:2D54       _sound
 0000:2D80       _nosound
 0000:2D87       _atol
 0000:2DFC       _atoi
 0000:2E0D       __chmod
 0000:2E2A       _close
 0000:2E52       __close
 0000:2E70       _eof
 0000:2EE7       _fclose
 0000:2F92       _fflush
 0000:305F       _fgets
 0000:30FB       _flushall
 0000:31F9       __OPENFP
 0000:32C8       __GETFP
 0000:3312       _fopen
 0000:3347       _fprintf
 0000:3457       _fread
 0000:34E5       _fscanf
 0000:358B       _fseek
 0000:360B       _ftell
 0000:3719       __fgetc
 0000:372E       __Nfgetc
 0000:3731       _fgetc
 0000:381F       _fgetchar
 0000:382B       _getenv
 0000:389B       _gets
 0000:391F       _memcpy
 0000:3943       _setmem
 0000:3967       _memset
 0000:39B3       _open
 0000:3B22       __open
 0000:3B71       _printf
 0000:3B8C       __fputc
 0000:3BA8       _fputc
 0000:3D3B       _fputchar
 0000:3D4F       __FPUTN
 0000:3F4E       ___read
 0000:401F       _setvbuf
 0000:417A       _sprintf
 0000:419C       _vsprintf
 0000:41BD       _strcat
 0000:41FC       _strcmp
 0000:422C       _strcpy
 0000:4255       _strlen
 0000:4274       _strncpy
 0000:42A5       _dostounix
 0000:43CF       _unixtodos
 0000:45D3       _tzset
 0000:47BF       __ISDST
 0000:489E       __Nungetc
 0000:48A1       _ungetc
 0000:490C       _vprintf
 0000:4926       ___write
 0000:4A75       __write
 0000:4AB1       __xfclose
 0000:4AEE       __xfflush
 0000:4B26       __fmemcpy
 0000:4B4A       __fsetmem
 0000:4B6E       __fmemset
 04B8:000D       _main
 04B8:06FA       _hline
 04B8:0722       _makebreak
 052E:000A       _SetupMoviePackage
 052E:01F8       _CleanupMoviePackage
 052E:0222       _initMovie
 052E:0266       _setMovie
 052E:02A4       _runMovie
 0591:000C       _goImages
 0591:008B       _killImages
 0591:00BD       _newImage
 0591:012E       _downloadImage
 0591:015B       _uploadImage
 0591:0188       _drawText
 0591:01D0       _loadImage
 0591:02A7       _saveImage
 05E2:000A       _initResponse
 05E2:0057       _freeResponse
 05E2:007B       _checkResponse
 05E2:00E8       _responseReady
 05F3:0001       _error
 05F7:0004       _msISR
 05F7:0038       _InstallTimer
 05F7:0060       _InitTimer
 05F7:0087       _Wait
 05F7:00AD       _SwitchTimer
 0604:0007       _FlushKeyBuf
 0604:0025       _KeyWaiting
 0604:0043       _GetKey
 0604:0053       _KeyPress
 0604:008C       _GetStick
 060F:0009       _setPicSettings
 060F:0031       _drawPicture
 060F:0371       _setVideoMode
 060F:03AA       _clearScreen
 060F:048D       _Retrace
 060F:049D       _setPalette
 060F:0527       _writePalette
 060F:05C2       _readPalette
 060F:066C       _paletteSize
 060F:0676       _addColor
 060F:06AD       _findColor
 060F:06FE       _makePalette
 0689:0000       _rotatexy
 0689:00F1       _openfontfile
 0689:01BC       _blobcopy
 0689:01E4       _bgi_closefont
 0689:0221       _bgi_deletefont
 0689:024E       _bgi_fontpath
 0689:0266       _bgi_getbasecharsize
 0689:02AF       _bgi_gettextsettings
 0689:02E5       _bgi_installuserfont
 0689:0355       _bgi_outtext
 0689:08CF       _bgi_outtextxy
 0689:0918       _bgi_registerbgifont
 0689:0961       _bgi_registerfarbgifont
 0689:09AD       _bgi_settextjustify
 0689:09DA       _bgi_settextstyle
 0689:0C31       _bgi_setusercharsize
 0689:0CF2       _bgi_textheight
 0689:0D32       _bgi_textwidth
 0689:0E95       _loadCHRfont
 0689:11AA       _unloadCHRfont
 0689:11C5       _decodeCHRstroke
 0689:1218       _drawCHRchar
 0689:13D7       _loadROMfont
 0689:16CA       _unloadROMfont
 0689:16F4       _drawROMchar
 0689:1908       _loadGEMfont
 0689:1B8D       _unloadGEMfont
 0689:1BB7       _drawGEMchar
 086C:0004       _XMMlibinit
 086C:0041       _XMMgetversion
 086C:0075       _XMMcoreleft
 086C:00BB       _XMMallcoreleft
 086C:0103       _XMMalloc
 086C:015E       _XMMrealloc
 086C:01BC       _XMMfree
 086C:01F1       __XMMcopy
 086C:0399       __XMMicopy
 08BC:000A       _getlinesettings
 08BC:000F       _setlinestyle
 08BC:0014       _line
 08BC:0019       _lineto
 08BC:001E       _getx
 08BC:0028       _gety
 08BC:0032       _getcolor
 08BC:003C       _getbkcolor
 08BC:0045       _moveto
 08BC:0056       _setcolor
 08BC:0061       _resetbounds
 08BC:0075       _SetGubs
 08BC:00CF       _putpixel
 08DE:0004       _putsquare3
 08DE:005B       _puttriangle3
 08DE:0107       _putcircle5
 08DE:01CA       _puttriangle
 08DE:0299       _putslopeline
 08DE:042C       _putsquare
 08DE:0511       _putrectangle
 08DE:0600       _putcircle
 08DE:06E1       _writeppm
 08DE:07D0       _putrandombox
 08DE:08F5       _putcheckerbox
 08DE:09DE       _putcross
 08DE:0A60       _putvline
 08DE:0A92       _puthline
 08DE:0AC4       _assign
 08DE:0B2B       _distribute
 08DE:0B93       _randint
 08DE:0BD8       _gaussdev
 08DE:0CA9       _ran2
 08DE:0F82       _gen_init
 08DE:1163       _thankyou
 08DE:1237       _audio
 0A0A:2152       e086_Entry
 0A0A:26E0       e086_Shortcut
 0C82:0306       e087_Entry
 0C82:03C6       e087_Shortcut
 0C82:0430       e087_Trap
 0CDF:0000       DATASEG@
 0CDF:005B       __Int0Vector
 0CDF:005F       __Int4Vector
 0CDF:0063       __Int5Vector
 0CDF:0067       __Int6Vector
 0CDF:006B       __C0argc
 0CDF:006D       __C0argv
 0CDF:0071       __C0environ
 0CDF:0075       __envLng
 0CDF:0077       __envseg
 0CDF:0079       __envSize
 0CDF:007B       __psp
 0CDF:007D       __osversion
 0CDF:007D       __osmajor
 0CDF:007D       __version
 0CDF:007E       __osminor
 0CDF:007F       _errno
 0CDF:0081       __StartTime
 0CDF:0085       ___brklvl
 0CDF:0087       __heapbase
 0CDF:008B       __brklvl
 0CDF:008F       __heaptop
 0CDF:0360       _font_path
 0CDF:03F0       _do_underline
 0CDF:03F2       _do_bold
 0CDF:03F4       _do_italics
 0CDF:03F6       _do_uselinestyle
 0CDF:03F8       _do_usebkcolor
 0CDF:03FA       _sin_table
 0CDF:099A       _cos_table
 0CDF:0F3A       _userxscale
 0CDF:0F3E       _useryscale
 0CDF:0F42       _font_scale
 0CDF:0F6E       _textinfo
 0CDF:0F78       _font_data
 0CDF:1302       _font_list
 0CDF:1A00       __XMMerror
 0CDF:1A01       __XMMversion
 0CDF:1A03       _xmsif_vers_vers
 0CDF:1A25       _xmsif_vers_date
 0CDF:1A2E       _xmsif_vers_time
 0CDF:1A37       XMMentry
 0CDF:1A3B       XMMinit
 0CDF:1A7A       _bound_minx
 0CDF:1A7C       _bound_maxx
 0CDF:1A7E       _bound_miny
 0CDF:1A80       _bound_maxy
 0CDF:1CD0       __8087
 0CDF:1CE0       __protected
 0CDF:1CE1       __LDT
 0CDF:1CE4       __default87
 0CDF:1CE6       __huge_flt
 0CDF:1CEA       __huge_dble
 0CDF:1CF2       __huge_ldble
 0CDF:1CFC       __indefinite
 0CDF:1D00       __tiny_ldble
 0CDF:1D0A       __mathwhy
 0CDF:1EC0       __atexitcnt
 0CDF:1EC2       __ctype
 0CDF:1FC4       __exitbuf
 0CDF:1FC8       __exitfopen
 0CDF:1FCC       __exitopen
 0CDF:1FD0       __streams
 0CDF:2160       __nfile
 0CDF:2162       __openfd
 0CDF:218A       __fmode
 0CDF:218C       __notUmask
 0CDF:218E       __fpstklen
 0CDF:2190       __doserrno
 0CDF:2192       __dosErrorToSV
 0CDF:2276       __stklen
 0CDF:2318       _environ
 0CDF:232E       __monthDay
 0CDF:2348       _tzname
 0CDF:2350       _timezone
 0CDF:2354       _daylight
 0CDF:2362       __RealCvtVector
 0CDF:2366       __ScanTodVector
 0CDF:2596       _picBuf
 0CDF:259E       _Timer
 0CDF:25EA       _Palette
 0CDF:297E       __atexittbl
 0CDF:2A0C       ___SignalPtr
 0F81:0000       __emu

Program entry point at 0000:0000

